AI CHESSATHON MATCH LOG
=======================

MATCH
  Round          Rated 35
  Team           Edward
  Colour         White
  Opponent       Sweat
  Opening        Sicilian Closed
  Start FEN      r1bqk1nr/pp3pbp/2npp1p1/2p5/4PP2/2NP1NP1/PPP3BP/R1BQK2R b KQkq - 1 7
  You moved      Second
  Machine        w-6272d4
  Finished       2026-09-06 11:34:59 UTC
  Match ID       1e8d6628-7b99-4131-996b-75ac9683839b

INIT
  Ready in       60.2 s
  Budget         90.0 s
  Used           67 percent

CLOCK
  Base           120.0 s plus 0.5 s per move
  Moves          48
  Time used      131.0 s
  Slowest        6.8 s on move 1
  Fastest        0.0 s on move 47
  Average        2.7 s
  Left at end    13.0 s

RESULT
  Won by checkmate
  Game lasted 238.0 s

MOVES
    #  move          time     clock left
    1  Bd2           6.8 s      113.7 s
    2  a3            6.7 s      107.4 s
    3  Rb1           5.8 s      102.1 s
    4  Ng1           5.5 s       97.1 s
    5  Nge2          6.0 s       91.6 s
    6  Na2           4.5 s       87.6 s
    7  Bc3           5.9 s       82.2 s
    8  Naxc3         5.1 s       77.5 s
    9  Ng1           5.5 s       72.5 s
   10  Kf2           3.9 s       69.2 s
   11  Kf1           3.5 s       66.2 s
   12  Nge2          4.0 s       62.7 s
   13  Nxe2          3.7 s       59.5 s
   14  Kf2           3.9 s       56.0 s
   15  Kf1           3.0 s       53.5 s
   16  Kf2           3.7 s       50.3 s
   17  h3            4.3 s       46.5 s
   18  c3            2.7 s       44.3 s
   19  b3            2.9 s       42.0 s
   20  a4            2.7 s       39.8 s
   21  b4            2.8 s       37.5 s
   22  Rxb4          2.3 s       35.8 s
   23  d4            2.3 s       34.0 s
   24  c4            2.2 s       32.2 s
   25  d5            3.0 s       29.8 s
   26  Qd4           2.6 s       27.6 s
   27  Qxa7+         1.7 s       26.5 s
   28  cxd5          1.6 s       25.4 s
   29  exd5          3.3 s       22.6 s
   30  axb5          5.1 s       18.0 s
   31  Rxb5          3.5 s       15.0 s
   32  Rb6           1.4 s       14.1 s
   33  Ra1           1.7 s       12.8 s
   34  Nxg3          0.9 s       12.4 s
   35  Ne4           1.2 s       11.7 s
   36  Kg3           1.2 s       11.0 s
   37  Rc6+          0.8 s       10.7 s
   38  Kxf4          1.1 s       10.1 s
   39  Kf5           1.6 s        9.0 s
   40  Rxc8+         0.4 s        9.2 s
   41  Rxa7          0.1 s        9.6 s
   42  Rf7           0.1 s       10.0 s
   43  Nxd6+         0.0 s       10.5 s
   44  Ne4           0.0 s       11.0 s
   45  hxg4          0.0 s       11.5 s
   46  Nxf6          0.0 s       12.0 s
   47  d6            0.0 s       12.5 s
   48  Rf8#          0.0 s       13.0 s

OUTPUT
  Nothing written to stderr

Email hello@aichessathon.com with this file if anything here is unclear.
