game 1/50: white by checkmate  (+1 =0 -0, +2400 Elo [-676, +2400])
game 2/50: draw by fifty_moves  (+1 =1 -0, +191 Elo [-68, +2400])
game 3/50: black by checkmate  (+1 =1 -1, -0 Elo [-561, +561])
game 4/50: draw by insufficient_material  (+1 =2 -1, -0 Elo [-297, +297])
game 5/50: white by checkmate  (+2 =2 -1, +70 Elo [-171, +444])
game 6/50: white by checkmate  (+2 =2 -2, -0 Elo [-271, +271])
game 7/50: draw by threefold_repetition  (+2 =3 -2, -0 Elo [-220, +220])
game 8/50: draw by insufficient_material  (+2 =4 -2, -0 Elo [-186, +186])
game 9/50: draw by threefold_repetition  (+2 =5 -2, -0 Elo [-162, +162])
game 10/50: white by checkmate  (+2 =5 -3, -35 Elo [-207, +121])
game 11/50: black by checkmate  (+2 =5 -4, -64 Elo [-243, +85])
game 12/50: white by checkmate  (+2 =5 -5, -89 Elo [-274, +55])
game 13/50: white by checkmate  (+3 =5 -5, -54 Elo [-226, +94])
game 14/50: white by checkmate  (+3 =5 -6, -76 Elo [-251, +67])
game 15/50: draw by threefold_repetition  (+3 =6 -6, -70 Elo [-229, +63])
game 16/50: draw by threefold_repetition  (+3 =7 -6, -66 Elo [-212, +59])
game 17/50: draw by threefold_repetition  (+3 =8 -6, -62 Elo [-196, +56])
game 18/50: draw by threefold_repetition  (+3 =9 -6, -58 Elo [-184, +53])
game 19/50: draw by threefold_repetition  (+3 =10 -6, -55 Elo [-172, +50])
game 20/50: draw by threefold_repetition  (+3 =11 -6, -53 Elo [-163, +48])
game 21/50: draw by insufficient_material  (+3 =12 -6, -50 Elo [-154, +46])
game 22/50: white by checkmate  (+3 =12 -7, -64 Elo [-170, +31])
game 23/50: draw by threefold_repetition  (+3 =13 -7, -61 Elo [-161, +30])
game 24/50: draw by threefold_repetition  (+3 =14 -7, -58 Elo [-154, +29])
game 25/50: white by checkmate  (+4 =14 -7, -42 Elo [-137, +47])
game 26/50: draw by threefold_repetition  (+4 =15 -7, -40 Elo [-132, +46])
game 27/50: draw by threefold_repetition  (+4 =16 -7, -39 Elo [-126, +44])
game 28/50: draw by threefold_repetition  (+4 =17 -7, -37 Elo [-121, +42])
game 29/50: draw by threefold_repetition  (+4 =18 -7, -36 Elo [-117, +41])
game 30/50: white by checkmate  (+4 =18 -8, -47 Elo [-129, +31])
game 31/50: draw by fifty_moves  (+4 =19 -8, -45 Elo [-124, +30])
game 32/50: draw by threefold_repetition  (+4 =20 -8, -44 Elo [-120, +29])
game 33/50: white by checkmate  (+5 =20 -8, -32 Elo [-109, +42])
game 34/50: draw by insufficient_material  (+5 =21 -8, -31 Elo [-105, +41])
game 35/50: draw by insufficient_material  (+5 =22 -8, -30 Elo [-102, +40])
game 36/50: black by checkmate  (+6 =22 -8, -19 Elo [-92, +52])
game 37/50: draw by threefold_repetition  (+6 =23 -8, -19 Elo [-89, +50])
game 38/50: white by checkmate  (+6 =23 -9, -27 Elo [-99, +42])
game 39/50: black by checkmate  (+6 =23 -10, -36 Elo [-108, +33])
game 40/50: draw by threefold_repetition  (+6 =24 -10, -35 Elo [-105, +33])
game 41/50: black by checkmate  (+6 =24 -11, -43 Elo [-113, +25])
game 42/50: white by checkmate  (+6 =24 -12, -50 Elo [-121, +18])
game 43/50: white by checkmate  (+7 =24 -12, -41 Elo [-112, +28])
game 44/50: draw by threefold_repetition  (+7 =25 -12, -40 Elo [-109, +27])
game 45/50: draw by threefold_repetition  (+7 =26 -12, -39 Elo [-107, +26])
game 46/50: white by checkmate  (+7 =26 -13, -46 Elo [-114, +20])
game 47/50: white by checkmate  (+8 =26 -13, -37 Elo [-106, +29])
game 48/50: draw by threefold_repetition  (+8 =27 -13, -36 Elo [-103, +28])
game 49/50: draw by threefold_repetition  (+8 =28 -13, -36 Elo [-101, +28])
game 50/50: draw by threefold_repetition  (+8 =29 -13, -35 Elo [-99, +27])

snapshots/lmr-history vs snapshots/base over 50 games (200000 nodes)
+8 =29 -13, score 45.0%
Elo -35, 95% interval [-99, +27]
verdict: not resolved, the interval spans zero. More games, or drop the change
terminations: checkmate 21, fifty_moves 2, insufficient_material 5, threefold_repetition 22
