game 1/50: draw by threefold_repetition  (+0 =1 -0, -0 Elo [-2400, +2400])
game 2/50: draw by threefold_repetition  (+0 =2 -0, -0 Elo [-0, -0])
game 3/50: draw by threefold_repetition  (+0 =3 -0, -0 Elo [-0, -0])
game 4/50: draw by insufficient_material  (+0 =4 -0, -0 Elo [-0, -0])
game 5/50: black by checkmate  (+0 =4 -1, -70 Elo [-215, +53])
game 6/50: white by checkmate  (+0 =4 -2, -120 Elo [-309, +15])
game 7/50: white by checkmate  (+1 =4 -2, -50 Elo [-250, +119])
game 8/50: draw by threefold_repetition  (+1 =5 -2, -44 Elo [-210, +104])
game 9/50: draw by threefold_repetition  (+1 =6 -2, -39 Elo [-182, +92])
game 10/50: white by checkmate  (+1 =6 -3, -70 Elo [-226, +60])
game 11/50: black by checkmate  (+1 =6 -4, -97 Elo [-262, +32])
game 12/50: white by checkmate  (+1 =6 -5, -120 Elo [-292, +7])
game 13/50: draw by threefold_repetition  (+1 =7 -5, -110 Elo [-262, +7])
game 14/50: white by checkmate  (+1 =7 -6, -130 Elo [-286, -13])
game 15/50: black by checkmate  (+1 =7 -7, -147 Elo [-308, -32])
game 16/50: draw by threefold_repetition  (+1 =8 -7, -137 Elo [-281, -28])
game 17/50: draw by threefold_repetition  (+1 =9 -7, -128 Elo [-259, -26])
game 18/50: draw by insufficient_material  (+1 =10 -7, -120 Elo [-241, -23])
game 19/50: white by checkmate  (+2 =10 -7, -94 Elo [-214, +8])
game 20/50: draw by threefold_repetition  (+2 =11 -7, -89 Elo [-202, +8])
game 21/50: draw by insufficient_material  (+2 =12 -7, -84 Elo [-190, +8])
game 22/50: white by checkmate  (+2 =12 -8, -97 Elo [-205, -5])
game 23/50: draw by fifty_moves  (+2 =13 -8, -93 Elo [-195, -5])
game 24/50: black by checkmate  (+3 =13 -8, -73 Elo [-175, +17])
game 25/50: draw by threefold_repetition  (+3 =14 -8, -70 Elo [-167, +17])
game 26/50: draw by threefold_repetition  (+3 =15 -8, -68 Elo [-160, +16])
game 27/50: draw by insufficient_material  (+3 =16 -8, -65 Elo [-154, +16])
game 28/50: white by checkmate  (+3 =16 -9, -76 Elo [-166, +5])
game 29/50: draw by threefold_repetition  (+3 =17 -9, -73 Elo [-159, +5])
game 30/50: draw by threefold_repetition  (+3 =18 -9, -70 Elo [-153, +5])
game 31/50: draw by insufficient_material  (+3 =19 -9, -68 Elo [-148, +5])
game 32/50: draw by fifty_moves  (+3 =20 -9, -66 Elo [-143, +5])
game 33/50: black by checkmate  (+3 =20 -10, -75 Elo [-153, -4])
game 34/50: draw by threefold_repetition  (+3 =21 -10, -73 Elo [-148, -3])
game 35/50: black by checkmate  (+3 =21 -11, -81 Elo [-157, -12])
game 36/50: draw by threefold_repetition  (+3 =22 -11, -79 Elo [-152, -11])
game 37/50: white by checkmate  (+4 =22 -11, -67 Elo [-141, +2])
game 38/50: black by checkmate  (+5 =22 -11, -55 Elo [-130, +15])
game 39/50: white by checkmate  (+6 =22 -11, -45 Elo [-120, +26])
game 40/50: black by checkmate  (+7 =22 -11, -35 Elo [-110, +37])
game 41/50: draw by insufficient_material  (+7 =23 -11, -34 Elo [-107, +36])
game 42/50: white by checkmate  (+7 =23 -12, -42 Elo [-115, +28])
game 43/50: white by checkmate  (+8 =23 -12, -32 Elo [-106, +38])
game 44/50: draw by threefold_repetition  (+8 =24 -12, -32 Elo [-103, +37])
game 45/50: black by checkmate  (+8 =24 -13, -39 Elo [-111, +30])
game 46/50: black by checkmate  (+9 =24 -13, -30 Elo [-102, +39])
game 47/50: black by checkmate  (+9 =24 -14, -37 Elo [-109, +32])
game 48/50: draw by insufficient_material  (+9 =25 -14, -36 Elo [-107, +31])
game 49/50: draw by fifty_moves  (+9 =26 -14, -36 Elo [-104, +31])
game 50/50: draw by threefold_repetition  (+9 =27 -14, -35 Elo [-102, +30])

snapshots/lmr-history vs snapshots/base over 50 games (200000 nodes)
+9 =27 -14, score 45.0%
Elo -35, 95% interval [-102, +30]
verdict: not resolved, the interval spans zero. More games, or drop the change
terminations: threefold_repetition 17, insufficient_material 7, checkmate 23, fifty_moves 3
