game 1/50: draw by threefold_repetition  (+0 =1 -0, -0 Elo [-2400, +2400])
game 2/50: draw by fifty_moves  (+0 =2 -0, -0 Elo [-0, -0])
game 3/50: white by checkmate  (+1 =2 -0, +120 Elo [-70, +459])
game 4/50: white by checkmate  (+1 =2 -1, -0 Elo [-297, +297])
game 5/50: white by checkmate  (+2 =2 -1, +70 Elo [-171, +444])
game 6/50: white by checkmate  (+2 =2 -2, -0 Elo [-271, +271])
game 7/50: draw by threefold_repetition  (+2 =3 -2, -0 Elo [-220, +220])
game 8/50: black by checkmate  (+3 =3 -2, +44 Elo [-154, +279])
game 9/50: draw by threefold_repetition  (+3 =4 -2, +39 Elo [-135, +237])
game 10/50: draw by threefold_repetition  (+3 =5 -2, +35 Elo [-121, +207])
game 11/50: draw by insufficient_material  (+3 =6 -2, +32 Elo [-109, +184])
game 12/50: black by checkmate  (+4 =6 -2, +58 Elo [-78, +218])
game 13/50: draw by threefold_repetition  (+4 =7 -2, +54 Elo [-73, +197])
game 14/50: draw by threefold_repetition  (+4 =8 -2, +50 Elo [-67, +181])
game 15/50: white by checkmate  (+5 =8 -2, +70 Elo [-46, +205])
game 16/50: draw by threefold_repetition  (+5 =9 -2, +66 Elo [-43, +190])
game 17/50: black by checkmate  (+5 =9 -3, +41 Elo [-72, +164])
game 18/50: black by checkmate  (+6 =9 -3, +58 Elo [-53, +184])
game 19/50: draw by threefold_repetition  (+6 =10 -3, +55 Elo [-50, +172])
game 20/50: draw by threefold_repetition  (+6 =11 -3, +53 Elo [-48, +163])
game 21/50: white by checkmate  (+7 =11 -3, +67 Elo [-32, +179])
game 22/50: white by checkmate  (+7 =11 -4, +48 Elo [-54, +158])
game 23/50: white by checkmate  (+8 =11 -4, +61 Elo [-39, +173])
game 24/50: white by checkmate  (+8 =11 -5, +44 Elo [-58, +154])
game 25/50: draw by threefold_repetition  (+8 =12 -5, +42 Elo [-56, +147])
game 26/50: white by checkmate  (+8 =12 -6, +27 Elo [-72, +130])
game 27/50: white by checkmate  (+9 =12 -6, +39 Elo [-59, +143])
game 28/50: white by checkmate  (+9 =12 -7, +25 Elo [-73, +127])
game 29/50: black by checkmate  (+9 =12 -8, +12 Elo [-86, +112])
game 30/50: draw by threefold_repetition  (+9 =13 -8, +12 Elo [-83, +108])
game 31/50: draw by fifty_moves  (+9 =14 -8, +11 Elo [-81, +105])
game 32/50: black by checkmate  (+10 =14 -8, +22 Elo [-69, +116])
game 33/50: white by checkmate  (+11 =14 -8, +32 Elo [-58, +126])
game 34/50: black by checkmate  (+12 =14 -8, +41 Elo [-48, +136])
game 35/50: draw by insufficient_material  (+12 =15 -8, +40 Elo [-47, +132])
game 36/50: draw by insufficient_material  (+12 =16 -8, +39 Elo [-45, +128])
game 37/50: white by checkmate  (+13 =16 -8, +47 Elo [-36, +137])
game 38/50: white by checkmate  (+13 =16 -9, +37 Elo [-47, +125])
game 39/50: draw by threefold_repetition  (+13 =17 -9, +36 Elo [-46, +121])
game 40/50: white by checkmate  (+13 =17 -10, +26 Elo [-56, +111])
game 41/50: black by checkmate  (+13 =17 -11, +17 Elo [-65, +101])
game 42/50: draw by threefold_repetition  (+13 =18 -11, +17 Elo [-63, +98])
game 43/50: draw by threefold_repetition  (+13 =19 -11, +16 Elo [-62, +96])
game 44/50: draw by fifty_moves  (+13 =20 -11, +16 Elo [-60, +94])
game 45/50: white by checkmate  (+14 =20 -11, +23 Elo [-53, +101])
game 46/50: draw by threefold_repetition  (+14 =21 -11, +23 Elo [-51, +99])
game 47/50: draw by insufficient_material  (+14 =22 -11, +22 Elo [-50, +97])
game 48/50: black by checkmate  (+15 =22 -11, +29 Elo [-43, +104])
game 49/50: draw by threefold_repetition  (+15 =23 -11, +28 Elo [-42, +102])
game 50/50: draw by insufficient_material  (+15 =24 -11, +28 Elo [-41, +99])

snapshots/lmr-history vs snapshots/base over 50 games (200000 nodes)
+15 =24 -11, score 54.0%
Elo +28, 95% interval [-41, +99]
verdict: not resolved, the interval spans zero. More games, or drop the change
terminations: threefold_repetition 16, fifty_moves 3, checkmate 26, insufficient_material 5
