game 1/50: white by checkmate  (+1 =0 -0, +2400 Elo [-676, +2400])
game 2/50: black by checkmate  (+2 =0 -0, +2400 Elo [+2400, +2400])
game 3/50: black by checkmate  (+2 =0 -1, +120 Elo [-325, +2400])
game 4/50: draw by threefold_repetition  (+2 =1 -1, +89 Elo [-221, +2400])
game 5/50: black by checkmate  (+2 =1 -2, -0 Elo [-367, +367])
game 6/50: draw by threefold_repetition  (+2 =2 -2, -0 Elo [-271, +271])
game 7/50: black by checkmate  (+2 =2 -3, -50 Elo [-346, +179])
game 8/50: draw by threefold_repetition  (+2 =3 -3, -44 Elo [-279, +154])
game 9/50: white by checkmate  (+3 =3 -3, -0 Elo [-207, +207])
game 10/50: black by checkmate  (+4 =3 -3, +35 Elo [-153, +249])
game 11/50: draw by threefold_repetition  (+4 =4 -3, +32 Elo [-138, +219])
game 12/50: white by checkmate  (+4 =4 -4, -0 Elo [-174, +174])
game 13/50: white by checkmate  (+5 =4 -4, +27 Elo [-136, +204])
game 14/50: white by checkmate  (+5 =4 -5, -0 Elo [-165, +165])
game 15/50: white by checkmate  (+6 =4 -5, +23 Elo [-133, +190])
game 16/50: draw by threefold_repetition  (+6 =5 -5, +22 Elo [-124, +176])
game 17/50: black by checkmate  (+6 =5 -6, -0 Elo [-147, +147])
game 18/50: draw by threefold_repetition  (+6 =6 -6, -0 Elo [-138, +138])
game 19/50: white by checkmate  (+7 =6 -6, +18 Elo [-115, +157])
game 20/50: draw by fifty_moves  (+7 =7 -6, +17 Elo [-109, +148])
game 21/50: draw by threefold_repetition  (+7 =8 -6, +17 Elo [-103, +140])
game 22/50: draw by threefold_repetition  (+7 =9 -6, +16 Elo [-98, +133])
game 23/50: draw by threefold_repetition  (+7 =10 -6, +15 Elo [-94, +127])
game 24/50: white by checkmate  (+7 =10 -7, -0 Elo [-110, +110])
game 25/50: draw by threefold_repetition  (+7 =11 -7, -0 Elo [-105, +105])
game 26/50: draw by threefold_repetition  (+7 =12 -7, -0 Elo [-101, +101])
game 27/50: white by checkmate  (+8 =12 -7, +13 Elo [-86, +114])
game 28/50: white by checkmate  (+8 =12 -8, -0 Elo [-100, +100])
game 29/50: white by checkmate  (+9 =12 -8, +12 Elo [-86, +112])
game 30/50: white by checkmate  (+9 =12 -9, -0 Elo [-99, +99])
game 31/50: draw by threefold_repetition  (+9 =13 -9, -0 Elo [-96, +96])
game 32/50: black by checkmate  (+10 =13 -9, +11 Elo [-83, +107])
game 33/50: draw by fifty_moves  (+10 =14 -9, +11 Elo [-81, +103])
game 34/50: draw by threefold_repetition  (+10 =15 -9, +10 Elo [-78, +100])
game 35/50: black by checkmate  (+10 =15 -10, -0 Elo [-89, +89])
game 36/50: draw by threefold_repetition  (+10 =16 -10, -0 Elo [-86, +86])
game 37/50: draw by fifty_moves  (+10 =17 -10, -0 Elo [-84, +84])
game 38/50: draw by threefold_repetition  (+10 =18 -10, -0 Elo [-82, +82])
game 39/50: draw by threefold_repetition  (+10 =19 -10, -0 Elo [-79, +79])
game 40/50: draw by threefold_repetition  (+10 =20 -10, -0 Elo [-77, +77])
game 41/50: white by checkmate  (+11 =20 -10, +8 Elo [-68, +86])
game 42/50: black by checkmate  (+12 =20 -10, +17 Elo [-60, +95])
game 43/50: white by checkmate  (+13 =20 -10, +24 Elo [-52, +103])
game 44/50: draw by threefold_repetition  (+13 =21 -10, +24 Elo [-51, +100])
game 45/50: white by checkmate  (+14 =21 -10, +31 Elo [-43, +108])
game 46/50: white by checkmate  (+14 =21 -11, +23 Elo [-51, +99])
game 47/50: draw by threefold_repetition  (+14 =22 -11, +22 Elo [-50, +97])
game 48/50: draw by threefold_repetition  (+14 =23 -11, +22 Elo [-49, +95])
game 49/50: draw by insufficient_material  (+14 =24 -11, +21 Elo [-48, +93])
game 50/50: draw by threefold_repetition  (+14 =25 -11, +21 Elo [-47, +91])

snapshots/lmr-history vs snapshots/base over 50 games (200000 nodes)
+14 =25 -11, score 53.0%
Elo +21, 95% interval [-47, +91]
verdict: not resolved, the interval spans zero. More games, or drop the change
terminations: checkmate 25, threefold_repetition 21, fifty_moves 3, insufficient_material 1
