game 1/50: white by checkmate  (+1 =0 -0, +2400 Elo [-676, +2400])
game 2/50: white by checkmate  (+1 =0 -1, -0 Elo [-2400, +2400])
game 3/50: white by checkmate  (+2 =0 -1, +120 Elo [-325, +2400])
game 4/50: white by checkmate  (+2 =0 -2, -0 Elo [-798, +798])
game 5/50: white by checkmate  (+3 =0 -2, +70 Elo [-275, +2400])
game 6/50: white by checkmate  (+3 =0 -3, -0 Elo [-382, +382])
game 7/50: white by checkmate  (+4 =0 -3, +50 Elo [-236, +472])
game 8/50: draw by threefold_repetition  (+4 =1 -3, +44 Elo [-199, +352])
game 9/50: draw by threefold_repetition  (+4 =2 -3, +39 Elo [-173, +290])
game 10/50: draw by threefold_repetition  (+4 =3 -3, +35 Elo [-153, +249])
game 11/50: draw by threefold_repetition  (+4 =4 -3, +32 Elo [-138, +219])
game 12/50: draw by insufficient_material  (+4 =5 -3, +29 Elo [-125, +197])
game 13/50: draw by insufficient_material  (+4 =6 -3, +27 Elo [-115, +179])
game 14/50: black by checkmate  (+5 =6 -3, +50 Elo [-87, +206])
game 15/50: draw by threefold_repetition  (+5 =7 -3, +47 Elo [-81, +189])
game 16/50: black by checkmate  (+6 =7 -3, +66 Elo [-59, +212])
game 17/50: white by checkmate  (+7 =7 -3, +83 Elo [-39, +231])
game 18/50: draw by threefold_repetition  (+7 =8 -3, +79 Elo [-37, +215])
game 19/50: black by checkmate  (+7 =8 -4, +55 Elo [-62, +187])
game 20/50: white by checkmate  (+7 =8 -5, +35 Elo [-84, +163])
game 21/50: draw by insufficient_material  (+7 =9 -5, +33 Elo [-80, +154])
game 22/50: black by checkmate  (+8 =9 -5, +48 Elo [-63, +169])
game 23/50: draw by insufficient_material  (+8 =10 -5, +46 Elo [-60, +161])
game 24/50: draw by threefold_repetition  (+8 =11 -5, +44 Elo [-58, +154])
game 25/50: black by checkmate  (+8 =11 -6, +28 Elo [-75, +136])
game 26/50: draw by threefold_repetition  (+8 =12 -6, +27 Elo [-72, +130])
game 27/50: black by checkmate  (+8 =12 -7, +13 Elo [-86, +114])
game 28/50: draw by threefold_repetition  (+8 =13 -7, +12 Elo [-83, +110])
game 29/50: white by checkmate  (+9 =13 -7, +24 Elo [-71, +122])
game 30/50: draw by threefold_repetition  (+9 =14 -7, +23 Elo [-68, +118])
game 31/50: white by checkmate  (+10 =14 -7, +34 Elo [-57, +129])
game 32/50: white by checkmate  (+10 =14 -8, +22 Elo [-69, +116])
game 33/50: black by checkmate  (+10 =14 -9, +11 Elo [-81, +103])
game 34/50: black by checkmate  (+11 =14 -9, +20 Elo [-70, +114])
game 35/50: black by checkmate  (+11 =14 -10, +10 Elo [-81, +102])
game 36/50: draw by threefold_repetition  (+11 =15 -10, +10 Elo [-78, +99])
game 37/50: draw by threefold_repetition  (+11 =16 -10, +9 Elo [-76, +96])
game 38/50: draw by fifty_moves  (+11 =17 -10, +9 Elo [-74, +93])
game 39/50: black by checkmate  (+11 =17 -11, -0 Elo [-83, +83])
game 40/50: white by checkmate  (+11 =17 -12, -9 Elo [-92, +74])
game 41/50: white by checkmate  (+12 =17 -12, -0 Elo [-83, +83])
game 42/50: black by checkmate  (+13 =17 -12, +8 Elo [-74, +91])
game 43/50: black by checkmate  (+13 =17 -13, -0 Elo [-82, +82])
game 44/50: draw by threefold_repetition  (+13 =18 -13, -0 Elo [-80, +80])
game 45/50: white by checkmate  (+14 =18 -13, +8 Elo [-72, +88])
game 46/50: white by checkmate  (+14 =18 -14, -0 Elo [-80, +80])
game 47/50: draw by threefold_repetition  (+14 =19 -14, -0 Elo [-78, +78])
game 48/50: white by checkmate  (+14 =19 -15, -7 Elo [-85, +70])
game 49/50: black by checkmate  (+14 =19 -16, -14 Elo [-92, +63])
game 50/50: white by checkmate  (+14 =19 -17, -21 Elo [-99, +55])

snapshots/lmr-history vs snapshots/base over 50 games (200000 nodes)
+14 =19 -17, score 47.0%
Elo -21, 95% interval [-99, +55]
verdict: not resolved, the interval spans zero. More games, or drop the change
terminations: checkmate 31, threefold_repetition 14, insufficient_material 4, fifty_moves 1
