game 1/50: draw by threefold_repetition  (+0 =1 -0, -0 Elo [-2400, +2400])
game 2/50: draw by threefold_repetition  (+0 =2 -0, -0 Elo [-0, -0])
game 3/50: draw by threefold_repetition  (+0 =3 -0, -0 Elo [-0, -0])
game 4/50: black by checkmate  (+1 =3 -0, +89 Elo [-61, +284])
game 5/50: white by checkmate  (+2 =3 -0, +147 Elo [-10, +412])
game 6/50: draw by threefold_repetition  (+2 =4 -0, +120 Elo [-15, +309])
game 7/50: white by checkmate  (+3 =4 -0, +159 Elo [+22, +377])
game 8/50: white by checkmate  (+3 =4 -1, +89 Elo [-73, +307])
game 9/50: white by checkmate  (+4 =4 -1, +120 Elo [-36, +354])
game 10/50: white by checkmate  (+4 =4 -2, +70 Elo [-94, +278])
game 11/50: black by checkmate  (+4 =4 -3, +32 Elo [-138, +219])
game 12/50: draw by threefold_repetition  (+4 =5 -3, +29 Elo [-125, +197])
game 13/50: black by checkmate  (+4 =5 -4, -0 Elo [-158, +158])
game 14/50: white by checkmate  (+4 =5 -5, -25 Elo [-186, +126])
game 15/50: draw by fifty_moves  (+4 =6 -5, -23 Elo [-172, +117])
game 16/50: draw by threefold_repetition  (+4 =7 -5, -22 Elo [-159, +109])
game 17/50: draw by insufficient_material  (+4 =8 -5, -20 Elo [-149, +102])
game 18/50: black by checkmate  (+5 =8 -5, -0 Elo [-125, +125])
game 19/50: black by checkmate  (+5 =8 -6, -18 Elo [-145, +103])
game 20/50: draw by threefold_repetition  (+5 =9 -6, -17 Elo [-137, +98])
game 21/50: white by checkmate  (+6 =9 -6, -0 Elo [-117, +117])
game 22/50: white by checkmate  (+6 =9 -7, -16 Elo [-133, +98])
game 23/50: draw by fifty_moves  (+6 =10 -7, -15 Elo [-127, +94])
game 24/50: white by checkmate  (+6 =10 -8, -29 Elo [-142, +78])
game 25/50: white by checkmate  (+7 =10 -8, -14 Elo [-124, +94])
game 26/50: white by checkmate  (+7 =10 -9, -27 Elo [-138, +79])
game 27/50: draw by threefold_repetition  (+7 =11 -9, -26 Elo [-132, +76])
game 28/50: draw by threefold_repetition  (+7 =12 -9, -25 Elo [-127, +73])
game 29/50: white by checkmate  (+8 =12 -9, -12 Elo [-112, +86])
game 30/50: draw by threefold_repetition  (+8 =13 -9, -12 Elo [-108, +83])
game 31/50: draw by fifty_moves  (+8 =14 -9, -11 Elo [-105, +81])
game 32/50: white by checkmate  (+8 =14 -10, -22 Elo [-116, +69])
game 33/50: draw by threefold_repetition  (+8 =15 -10, -21 Elo [-112, +67])
game 34/50: black by checkmate  (+9 =15 -10, -10 Elo [-100, +78])
game 35/50: white by checkmate  (+10 =15 -10, -0 Elo [-89, +89])
game 36/50: draw by threefold_repetition  (+10 =16 -10, -0 Elo [-86, +86])
game 37/50: draw by threefold_repetition  (+10 =17 -10, -0 Elo [-84, +84])
game 38/50: white by checkmate  (+10 =17 -11, -9 Elo [-93, +74])
game 39/50: draw by threefold_repetition  (+10 =18 -11, -9 Elo [-91, +72])
game 40/50: black by checkmate  (+11 =18 -11, -0 Elo [-81, +81])
game 41/50: draw by threefold_repetition  (+11 =19 -11, -0 Elo [-79, +79])
game 42/50: draw by threefold_repetition  (+11 =20 -11, -0 Elo [-77, +77])
game 43/50: draw by fifty_moves  (+11 =21 -11, -0 Elo [-75, +75])
game 44/50: draw by threefold_repetition  (+11 =22 -11, -0 Elo [-74, +74])
game 45/50: draw by fifty_moves  (+11 =23 -11, -0 Elo [-72, +72])
game 46/50: draw by threefold_repetition  (+11 =24 -11, -0 Elo [-70, +70])
game 47/50: draw by fifty_moves  (+11 =25 -11, -0 Elo [-69, +69])
game 48/50: draw by threefold_repetition  (+11 =26 -11, -0 Elo [-67, +67])
game 49/50: white by checkmate  (+12 =26 -11, +7 Elo [-60, +75])
game 50/50: draw by threefold_repetition  (+12 =27 -11, +7 Elo [-59, +73])

snapshots/lmr-history vs snapshots/base over 50 games (200000 nodes)
+12 =27 -11, score 51.0%
Elo +7, 95% interval [-59, +73]
verdict: not resolved, the interval spans zero. More games, or drop the change
terminations: threefold_repetition 20, checkmate 23, fifty_moves 6, insufficient_material 1
