game 1/50: draw by threefold_repetition  (+0 =1 -0, -0 Elo [-2400, +2400])
game 2/50: draw by threefold_repetition  (+0 =2 -0, -0 Elo [-0, -0])
game 3/50: draw by threefold_repetition  (+0 =3 -0, -0 Elo [-0, -0])
game 4/50: black by checkmate  (+1 =3 -0, +89 Elo [-61, +284])
game 5/50: white by checkmate  (+2 =3 -0, +147 Elo [-10, +412])
game 6/50: white by checkmate  (+2 =3 -1, +58 Elo [-140, +313])
game 7/50: black by checkmate  (+2 =3 -2, -0 Elo [-220, +220])
game 8/50: white by checkmate  (+2 =3 -3, -44 Elo [-279, +154])
game 9/50: white by checkmate  (+3 =3 -3, -0 Elo [-207, +207])
game 10/50: white by checkmate  (+3 =3 -4, -35 Elo [-249, +153])
game 11/50: black by checkmate  (+3 =3 -5, -64 Elo [-284, +112])
game 12/50: draw by threefold_repetition  (+3 =4 -5, -58 Elo [-251, +102])
game 13/50: draw by threefold_repetition  (+3 =5 -5, -54 Elo [-226, +94])
game 14/50: black by checkmate  (+4 =5 -5, -25 Elo [-186, +126])
game 15/50: white by checkmate  (+5 =5 -5, -0 Elo [-153, +153])
game 16/50: draw by threefold_repetition  (+5 =6 -5, -0 Elo [-142, +142])
game 17/50: black by checkmate  (+5 =6 -6, -20 Elo [-164, +116])
game 18/50: white by checkmate  (+5 =6 -7, -39 Elo [-184, +93])
game 19/50: white by checkmate  (+6 =6 -7, -18 Elo [-157, +115])
game 20/50: white by checkmate  (+6 =6 -8, -35 Elo [-175, +94])
game 21/50: white by checkmate  (+7 =6 -8, -17 Elo [-151, +113])
game 22/50: white by checkmate  (+7 =6 -9, -32 Elo [-166, +94])
game 23/50: white by checkmate  (+8 =6 -9, -15 Elo [-145, +110])
game 24/50: draw by threefold_repetition  (+8 =7 -9, -14 Elo [-138, +105])
game 25/50: white by checkmate  (+9 =7 -9, -0 Elo [-120, +120])
game 26/50: white by checkmate  (+9 =7 -10, -13 Elo [-134, +104])
game 27/50: white by checkmate  (+10 =7 -10, -0 Elo [-117, +117])
game 28/50: draw by threefold_repetition  (+10 =8 -10, -0 Elo [-113, +113])
game 29/50: draw by threefold_repetition  (+10 =9 -10, -0 Elo [-108, +108])
game 30/50: white by checkmate  (+10 =9 -11, -12 Elo [-120, +95])
game 31/50: draw by threefold_repetition  (+10 =10 -11, -11 Elo [-116, +91])
game 32/50: black by checkmate  (+11 =10 -11, -0 Elo [-103, +103])
game 33/50: draw by threefold_repetition  (+11 =11 -11, -0 Elo [-99, +99])
game 34/50: draw by insufficient_material  (+11 =12 -11, -0 Elo [-96, +96])
game 35/50: black by checkmate  (+11 =12 -12, -10 Elo [-106, +85])
game 36/50: white by checkmate  (+11 =12 -13, -19 Elo [-116, +74])
game 37/50: draw by fifty_moves  (+11 =13 -13, -19 Elo [-113, +72])
game 38/50: draw by insufficient_material  (+11 =14 -13, -18 Elo [-109, +70])
game 39/50: draw by threefold_repetition  (+11 =15 -13, -18 Elo [-106, +68])
game 40/50: draw by threefold_repetition  (+11 =16 -13, -17 Elo [-104, +67])
game 41/50: black by checkmate  (+11 =16 -14, -25 Elo [-112, +58])
game 42/50: draw by threefold_repetition  (+11 =17 -14, -25 Elo [-109, +56])
game 43/50: black by checkmate  (+11 =17 -15, -32 Elo [-117, +48])
game 44/50: draw by threefold_repetition  (+11 =18 -15, -32 Elo [-114, +47])
game 45/50: white by checkmate  (+12 =18 -15, -23 Elo [-105, +56])
game 46/50: draw by threefold_repetition  (+12 =19 -15, -23 Elo [-102, +54])
game 47/50: white by checkmate  (+13 =19 -15, -15 Elo [-94, +62])
game 48/50: white by checkmate  (+13 =19 -16, -22 Elo [-101, +55])
game 49/50: draw by insufficient_material  (+13 =20 -16, -21 Elo [-98, +54])
game 50/50: draw by threefold_repetition  (+13 =21 -16, -21 Elo [-96, +53])

snapshots/lmr-history vs snapshots/base over 50 games (200000 nodes)
+13 =21 -16, score 47.0%
Elo -21, 95% interval [-96, +53]
verdict: not resolved, the interval spans zero. More games, or drop the change
terminations: threefold_repetition 17, checkmate 29, insufficient_material 3, fifty_moves 1
