game 1/50: black by checkmate  (+0 =0 -1, -2400 Elo [-2400, +676])
game 2/50: draw by threefold_repetition  (+0 =1 -1, -191 Elo [-2400, +68])
game 3/50: black by checkmate  (+0 =1 -2, -280 Elo [-2400, -47])
game 4/50: white by checkmate  (+0 =1 -3, -338 Elo [-2400, -117])
game 5/50: draw by insufficient_material  (+0 =2 -3, -241 Elo [-2400, -60])
game 6/50: black by checkmate  (+1 =2 -3, -120 Elo [-576, +94])
game 7/50: draw by threefold_repetition  (+1 =3 -3, -102 Elo [-386, +82])
game 8/50: draw by threefold_repetition  (+1 =4 -3, -89 Elo [-307, +73])
game 9/50: black by checkmate  (+1 =4 -4, -120 Elo [-354, +36])
game 10/50: white by checkmate  (+1 =4 -5, -147 Elo [-393, +4])
game 11/50: draw by threefold_repetition  (+1 =5 -5, -132 Elo [-333, +6])
game 12/50: draw by threefold_repetition  (+1 =6 -5, -120 Elo [-292, +7])
game 13/50: draw by insufficient_material  (+1 =7 -5, -110 Elo [-262, +7])
game 14/50: draw by threefold_repetition  (+1 =8 -5, -102 Elo [-238, +8])
game 15/50: white by checkmate  (+2 =8 -5, -70 Elo [-205, +46])
game 16/50: white by checkmate  (+2 =8 -6, -89 Elo [-227, +26])
game 17/50: draw by threefold_repetition  (+2 =9 -6, -83 Elo [-211, +25])
game 18/50: draw by threefold_repetition  (+2 =10 -6, -79 Elo [-197, +24])
game 19/50: white by checkmate  (+3 =10 -6, -55 Elo [-172, +50])
game 20/50: black by checkmate  (+4 =10 -6, -35 Elo [-150, +73])
game 21/50: black by checkmate  (+4 =10 -7, -50 Elo [-167, +56])
game 22/50: draw by threefold_repetition  (+4 =11 -7, -48 Elo [-158, +54])
game 23/50: draw by threefold_repetition  (+4 =12 -7, -46 Elo [-151, +51])
game 24/50: draw by threefold_repetition  (+4 =13 -7, -44 Elo [-144, +49])
game 25/50: draw by threefold_repetition  (+4 =14 -7, -42 Elo [-137, +47])
game 26/50: draw by threefold_repetition  (+4 =15 -7, -40 Elo [-132, +46])
game 27/50: draw by threefold_repetition  (+4 =16 -7, -39 Elo [-126, +44])
game 28/50: white by checkmate  (+4 =16 -8, -50 Elo [-139, +33])
game 29/50: draw by threefold_repetition  (+4 =17 -8, -48 Elo [-134, +32])
game 30/50: white by checkmate  (+4 =17 -9, -58 Elo [-145, +21])
game 31/50: draw by fifty_moves  (+4 =18 -9, -57 Elo [-140, +21])
game 32/50: white by checkmate  (+4 =18 -10, -66 Elo [-150, +11])
game 33/50: draw by insufficient_material  (+4 =19 -10, -64 Elo [-145, +11])
game 34/50: draw by threefold_repetition  (+4 =20 -10, -62 Elo [-141, +11])
game 35/50: white by checkmate  (+5 =20 -10, -50 Elo [-129, +24])
game 36/50: draw by threefold_repetition  (+5 =21 -10, -49 Elo [-125, +23])
game 37/50: white by checkmate  (+6 =21 -10, -38 Elo [-114, +35])
game 38/50: draw by fifty_moves  (+6 =22 -10, -37 Elo [-111, +34])
game 39/50: black by checkmate  (+6 =22 -11, -45 Elo [-120, +26])
game 40/50: white by checkmate  (+6 =22 -12, -53 Elo [-128, +18])
game 41/50: draw by threefold_repetition  (+6 =23 -12, -51 Elo [-125, +18])
game 42/50: black by checkmate  (+7 =23 -12, -42 Elo [-115, +28])
game 43/50: white by checkmate  (+8 =23 -12, -32 Elo [-106, +38])
game 44/50: draw by threefold_repetition  (+8 =24 -12, -32 Elo [-103, +37])
game 45/50: draw by threefold_repetition  (+8 =25 -12, -31 Elo [-101, +36])
game 46/50: white by checkmate  (+8 =25 -13, -38 Elo [-108, +29])
game 47/50: draw by threefold_repetition  (+8 =26 -13, -37 Elo [-106, +29])
game 48/50: draw by threefold_repetition  (+8 =27 -13, -36 Elo [-103, +28])
game 49/50: draw by insufficient_material  (+8 =28 -13, -36 Elo [-101, +28])
game 50/50: white by checkmate  (+8 =28 -14, -42 Elo [-108, +21])

snapshots/lmr-history vs snapshots/base over 50 games (200000 nodes)
+8 =28 -14, score 44.0%
Elo -42, 95% interval [-108, +21]
verdict: not resolved, the interval spans zero. More games, or drop the change
terminations: checkmate 22, threefold_repetition 22, insufficient_material 4, fifty_moves 2
