game 1/50: white by checkmate  (+1 =0 -0, +2400 Elo [-676, +2400])
game 2/50: draw by fifty_moves  (+1 =1 -0, +191 Elo [-68, +2400])
game 3/50: white by checkmate  (+2 =1 -0, +280 Elo [+47, +2400])
game 4/50: draw by threefold_repetition  (+2 =2 -0, +191 Elo [+3, +920])
game 5/50: black by checkmate  (+2 =2 -1, +70 Elo [-171, +444])
game 6/50: draw by threefold_repetition  (+2 =3 -1, +58 Elo [-140, +313])
game 7/50: draw by threefold_repetition  (+2 =4 -1, +50 Elo [-119, +250])
game 8/50: draw by threefold_repetition  (+2 =5 -1, +44 Elo [-104, +210])
game 9/50: black by checkmate  (+2 =5 -2, -0 Elo [-162, +162])
game 10/50: draw by fifty_moves  (+2 =6 -2, -0 Elo [-144, +144])
game 11/50: draw by threefold_repetition  (+2 =7 -2, -0 Elo [-129, +129])
game 12/50: black by checkmate  (+3 =7 -2, +29 Elo [-100, +166])
game 13/50: draw by threefold_repetition  (+3 =8 -2, +27 Elo [-92, +152])
game 14/50: draw by threefold_repetition  (+3 =9 -2, +25 Elo [-85, +140])
game 15/50: white by checkmate  (+4 =9 -2, +47 Elo [-63, +167])
game 16/50: draw by threefold_repetition  (+4 =10 -2, +44 Elo [-59, +155])
game 17/50: black by checkmate  (+4 =10 -3, +20 Elo [-87, +132])
game 18/50: draw by threefold_repetition  (+4 =11 -3, +19 Elo [-82, +124])
game 19/50: draw by threefold_repetition  (+4 =12 -3, +18 Elo [-77, +117])
game 20/50: white by checkmate  (+4 =12 -4, -0 Elo [-99, +99])
game 21/50: draw by threefold_repetition  (+4 =13 -4, -0 Elo [-94, +94])
game 22/50: black by checkmate  (+5 =13 -4, +16 Elo [-78, +112])
game 23/50: draw by threefold_repetition  (+5 =14 -4, +15 Elo [-75, +107])
game 24/50: draw by threefold_repetition  (+5 =15 -4, +14 Elo [-71, +102])
game 25/50: white by checkmate  (+6 =15 -4, +28 Elo [-58, +118])
game 26/50: white by checkmate  (+6 =15 -5, +13 Elo [-74, +103])
game 27/50: draw by fifty_moves  (+6 =16 -5, +13 Elo [-72, +99])
game 28/50: black by checkmate  (+7 =16 -5, +25 Elo [-60, +112])
game 29/50: draw by threefold_repetition  (+7 =17 -5, +24 Elo [-57, +108])
game 30/50: draw by threefold_repetition  (+7 =18 -5, +23 Elo [-55, +104])
game 31/50: white by checkmate  (+8 =18 -5, +34 Elo [-45, +116])
game 32/50: draw by threefold_repetition  (+8 =19 -5, +33 Elo [-44, +112])
game 33/50: draw by threefold_repetition  (+8 =20 -5, +32 Elo [-42, +109])
game 34/50: draw by threefold_repetition  (+8 =21 -5, +31 Elo [-41, +105])
game 35/50: white by checkmate  (+9 =21 -5, +40 Elo [-32, +115])
game 36/50: draw by threefold_repetition  (+9 =22 -5, +39 Elo [-31, +112])
game 37/50: draw by threefold_repetition  (+9 =23 -5, +38 Elo [-30, +109])
game 38/50: draw by insufficient_material  (+9 =24 -5, +37 Elo [-30, +106])
game 39/50: black by checkmate  (+9 =24 -6, +27 Elo [-41, +96])
game 40/50: white by checkmate  (+9 =24 -7, +17 Elo [-51, +87])
game 41/50: black by checkmate  (+9 =24 -8, +8 Elo [-61, +78])
game 42/50: black by checkmate  (+10 =24 -8, +17 Elo [-52, +87])
game 43/50: white by checkmate  (+11 =24 -8, +24 Elo [-45, +95])
game 44/50: draw by threefold_repetition  (+11 =25 -8, +24 Elo [-44, +93])
game 45/50: draw by threefold_repetition  (+11 =26 -8, +23 Elo [-43, +91])
game 46/50: draw by threefold_repetition  (+11 =27 -8, +23 Elo [-42, +89])
game 47/50: black by checkmate  (+11 =27 -9, +15 Elo [-50, +81])
game 48/50: black by checkmate  (+12 =27 -9, +22 Elo [-43, +88])
game 49/50: draw by threefold_repetition  (+12 =28 -9, +21 Elo [-42, +86])
game 50/50: draw by threefold_repetition  (+12 =29 -9, +21 Elo [-41, +85])

snapshots/mid-razor-400 vs snapshots/base over 50 games (200000 nodes)
+12 =29 -9, score 53.0%
Elo +21, 95% interval [-41, +85]
verdict: not resolved, the interval spans zero. More games, or drop the change
terminations: checkmate 21, fifty_moves 3, threefold_repetition 25, insufficient_material 1
