game 1/50: draw by threefold_repetition  (+0 =1 -0, -0 Elo [-2400, +2400])
game 2/50: draw by insufficient_material  (+0 =2 -0, -0 Elo [-0, -0])
game 3/50: white by checkmate  (+1 =2 -0, +120 Elo [-70, +459])
game 4/50: draw by threefold_repetition  (+1 =3 -0, +89 Elo [-61, +284])
game 5/50: draw by fifty_moves  (+1 =4 -0, +70 Elo [-53, +215])
game 6/50: draw by threefold_repetition  (+1 =5 -0, +58 Elo [-46, +175])
game 7/50: white by checkmate  (+2 =5 -0, +102 Elo [-17, +252])
game 8/50: draw by threefold_repetition  (+2 =6 -0, +89 Elo [-17, +215])
game 9/50: black by checkmate  (+2 =6 -1, +39 Elo [-92, +182])
game 10/50: draw by threefold_repetition  (+2 =7 -1, +35 Elo [-83, +161])
game 11/50: draw by threefold_repetition  (+2 =8 -1, +32 Elo [-75, +145])
game 12/50: black by checkmate  (+3 =8 -1, +58 Elo [-51, +181])
game 13/50: white by checkmate  (+4 =8 -1, +82 Elo [-29, +212])
game 14/50: draw by threefold_repetition  (+4 =9 -1, +76 Elo [-27, +194])
game 15/50: draw by threefold_repetition  (+4 =10 -1, +70 Elo [-26, +179])
game 16/50: draw by threefold_repetition  (+4 =11 -1, +66 Elo [-25, +166])
game 17/50: draw by threefold_repetition  (+4 =12 -1, +62 Elo [-23, +156])
game 18/50: black by checkmate  (+5 =12 -1, +79 Elo [-8, +177])
game 19/50: draw by threefold_repetition  (+5 =13 -1, +74 Elo [-8, +166])
game 20/50: draw by insufficient_material  (+5 =14 -1, +70 Elo [-8, +157])
game 21/50: draw by threefold_repetition  (+5 =15 -1, +67 Elo [-8, +149])
game 22/50: black by checkmate  (+6 =15 -1, +80 Elo [+4, +165])
game 23/50: white by checkmate  (+7 =15 -1, +93 Elo [+16, +180])
game 24/50: draw by threefold_repetition  (+7 =16 -1, +89 Elo [+15, +172])
game 25/50: white by checkmate  (+8 =16 -1, +100 Elo [+25, +185])
game 26/50: draw by insufficient_material  (+8 =17 -1, +96 Elo [+24, +177])
game 27/50: white by checkmate  (+9 =17 -1, +106 Elo [+33, +189])
game 28/50: black by checkmate  (+10 =17 -1, +116 Elo [+43, +201])
game 29/50: white by checkmate  (+11 =17 -1, +125 Elo [+52, +211])
game 30/50: draw by insufficient_material  (+11 =18 -1, +120 Elo [+49, +203])
game 31/50: white by checkmate  (+12 =18 -1, +129 Elo [+58, +213])
game 32/50: white by checkmate  (+12 =18 -2, +112 Elo [+39, +198])
game 33/50: draw by fifty_moves  (+12 =19 -2, +109 Elo [+37, +191])
game 34/50: draw by threefold_repetition  (+12 =20 -2, +105 Elo [+36, +184])
game 35/50: draw by threefold_repetition  (+12 =21 -2, +102 Elo [+34, +178])
game 36/50: draw by threefold_repetition  (+12 =22 -2, +99 Elo [+33, +173])
game 37/50: black by checkmate  (+12 =22 -3, +86 Elo [+19, +161])
game 38/50: draw by fifty_moves  (+12 =23 -3, +84 Elo [+18, +156])
game 39/50: draw by threefold_repetition  (+12 =24 -3, +82 Elo [+17, +152])
game 40/50: draw by threefold_repetition  (+12 =25 -3, +80 Elo [+17, +148])
game 41/50: white by checkmate  (+13 =25 -3, +86 Elo [+24, +156])
game 42/50: draw by threefold_repetition  (+13 =26 -3, +84 Elo [+23, +151])
game 43/50: black by checkmate  (+13 =26 -4, +74 Elo [+11, +142])
game 44/50: draw by insufficient_material  (+13 =27 -4, +72 Elo [+11, +138])
game 45/50: white by checkmate  (+14 =27 -4, +79 Elo [+17, +145])
game 46/50: draw by threefold_repetition  (+14 =28 -4, +77 Elo [+17, +142])
game 47/50: draw by threefold_repetition  (+14 =29 -4, +75 Elo [+16, +139])
game 48/50: black by checkmate  (+15 =29 -4, +81 Elo [+22, +145])
game 49/50: white by checkmate  (+16 =29 -4, +87 Elo [+28, +151])
game 50/50: draw by threefold_repetition  (+16 =30 -4, +85 Elo [+27, +148])

snapshots/mid-see-quiet-25 vs snapshots/base over 50 games (200000 nodes)
+16 =30 -4, score 62.0%
Elo +85, 95% interval [+27, +148]
verdict: a real gain
terminations: threefold_repetition 22, insufficient_material 5, checkmate 20, fifty_moves 3
