game 1/50: white by checkmate  (+1 =0 -0, +2400 Elo [-676, +2400])
game 2/50: draw by threefold_repetition  (+1 =1 -0, +191 Elo [-68, +2400])
game 3/50: draw by threefold_repetition  (+1 =2 -0, +120 Elo [-70, +459])
game 4/50: draw by threefold_repetition  (+1 =3 -0, +89 Elo [-61, +284])
game 5/50: white by checkmate  (+2 =3 -0, +147 Elo [-10, +412])
game 6/50: draw by threefold_repetition  (+2 =4 -0, +120 Elo [-15, +309])
game 7/50: draw by threefold_repetition  (+2 =5 -0, +102 Elo [-17, +252])
game 8/50: draw by insufficient_material  (+2 =6 -0, +89 Elo [-17, +215])
game 9/50: white by checkmate  (+3 =6 -0, +120 Elo [+9, +264])
game 10/50: draw by fifty_moves  (+3 =7 -0, +108 Elo [+6, +232])
game 11/50: white by checkmate  (+4 =7 -0, +132 Elo [+28, +268])
game 12/50: draw by threefold_repetition  (+4 =8 -0, +120 Elo [+23, +241])
game 13/50: draw by threefold_repetition  (+4 =9 -0, +110 Elo [+20, +219])
game 14/50: draw by threefold_repetition  (+4 =10 -0, +102 Elo [+17, +201])
game 15/50: draw by insufficient_material  (+4 =11 -0, +95 Elo [+15, +186])
game 16/50: draw by threefold_repetition  (+4 =12 -0, +89 Elo [+13, +174])
game 17/50: draw by threefold_repetition  (+4 =13 -0, +83 Elo [+12, +163])
game 18/50: white by checkmate  (+4 =13 -1, +58 Elo [-22, +146])
game 19/50: draw by threefold_repetition  (+4 =14 -1, +55 Elo [-21, +138])
game 20/50: draw by threefold_repetition  (+4 =15 -1, +53 Elo [-21, +131])
game 21/50: draw by threefold_repetition  (+4 =16 -1, +50 Elo [-20, +124])
game 22/50: draw by fifty_moves  (+4 =17 -1, +48 Elo [-19, +118])
game 23/50: black by checkmate  (+4 =17 -2, +30 Elo [-41, +105])
game 24/50: draw by insufficient_material  (+4 =18 -2, +29 Elo [-40, +100])
game 25/50: black by checkmate  (+4 =18 -3, +14 Elo [-59, +88])
game 26/50: white by checkmate  (+4 =18 -4, -0 Elo [-75, +75])
game 27/50: draw by threefold_repetition  (+4 =19 -4, -0 Elo [-72, +72])
game 28/50: draw by threefold_repetition  (+4 =20 -4, -0 Elo [-70, +70])
game 29/50: draw by threefold_repetition  (+4 =21 -4, -0 Elo [-67, +67])
game 30/50: draw by threefold_repetition  (+4 =22 -4, -0 Elo [-65, +65])
game 31/50: white by checkmate  (+5 =22 -4, +11 Elo [-55, +78])
game 32/50: white by checkmate  (+5 =22 -5, -0 Elo [-68, +68])
game 33/50: black by checkmate  (+5 =22 -6, -11 Elo [-80, +58])
game 34/50: draw by threefold_repetition  (+5 =23 -6, -10 Elo [-78, +57])
game 35/50: draw by threefold_repetition  (+5 =24 -6, -10 Elo [-76, +55])
game 36/50: white by checkmate  (+5 =24 -7, -19 Elo [-86, +46])
game 37/50: draw by threefold_repetition  (+5 =25 -7, -19 Elo [-84, +45])
game 38/50: black by checkmate  (+6 =25 -7, -9 Elo [-75, +56])
game 39/50: draw by threefold_repetition  (+6 =26 -7, -9 Elo [-73, +54])
game 40/50: white by checkmate  (+6 =26 -8, -17 Elo [-82, +46])
game 41/50: white by checkmate  (+7 =26 -8, -8 Elo [-74, +56])
game 42/50: white by checkmate  (+7 =26 -9, -17 Elo [-83, +48])
game 43/50: draw by threefold_repetition  (+7 =27 -9, -16 Elo [-81, +47])
game 44/50: draw by insufficient_material  (+7 =28 -9, -16 Elo [-79, +46])
game 45/50: draw by threefold_repetition  (+7 =29 -9, -15 Elo [-77, +45])
game 46/50: draw by insufficient_material  (+7 =30 -9, -15 Elo [-75, +44])
game 47/50: white by checkmate  (+8 =30 -9, -7 Elo [-68, +53])
game 48/50: black by checkmate  (+9 =30 -9, -0 Elo [-61, +61])
game 49/50: draw by threefold_repetition  (+9 =31 -9, -0 Elo [-60, +60])
game 50/50: draw by threefold_repetition  (+9 =32 -9, -0 Elo [-58, +58])

snapshots/mid-razor-400 vs snapshots/base over 50 games (200000 nodes)
+9 =32 -9, score 50.0%
Elo -0, 95% interval [-58, +58]
verdict: not resolved, the interval spans zero. More games, or drop the change
terminations: checkmate 18, threefold_repetition 25, insufficient_material 5, fifty_moves 2
