game 1/50: draw by threefold_repetition  (+0 =1 -0, -0 Elo [-2400, +2400])
game 2/50: draw by insufficient_material  (+0 =2 -0, -0 Elo [-0, -0])
game 3/50: draw by threefold_repetition  (+0 =3 -0, -0 Elo [-0, -0])
game 4/50: white by checkmate  (+0 =3 -1, -89 Elo [-284, +61])
game 5/50: draw by threefold_repetition  (+0 =4 -1, -70 Elo [-215, +53])
game 6/50: draw by threefold_repetition  (+0 =5 -1, -58 Elo [-175, +46])
game 7/50: black by checkmate  (+0 =5 -2, -102 Elo [-252, +17])
game 8/50: draw by threefold_repetition  (+0 =6 -2, -89 Elo [-215, +17])
game 9/50: white by checkmate  (+1 =6 -2, -39 Elo [-182, +92])
game 10/50: draw by threefold_repetition  (+1 =7 -2, -35 Elo [-161, +83])
game 11/50: white by checkmate  (+2 =7 -2, -0 Elo [-129, +129])
game 12/50: draw by threefold_repetition  (+2 =8 -2, -0 Elo [-118, +118])
game 13/50: draw by threefold_repetition  (+2 =9 -2, -0 Elo [-108, +108])
game 14/50: draw by threefold_repetition  (+2 =10 -2, -0 Elo [-100, +100])
game 15/50: black by checkmate  (+2 =10 -3, -23 Elo [-130, +79])
game 16/50: white by checkmate  (+2 =10 -4, -44 Elo [-155, +59])
game 17/50: white by checkmate  (+3 =10 -4, -20 Elo [-132, +87])
game 18/50: draw by threefold_repetition  (+3 =11 -4, -19 Elo [-124, +82])
game 19/50: draw by fifty_moves  (+3 =12 -4, -18 Elo [-117, +77])
game 20/50: draw by threefold_repetition  (+3 =13 -4, -17 Elo [-111, +73])
game 21/50: draw by threefold_repetition  (+3 =14 -4, -17 Elo [-105, +70])
game 22/50: draw by threefold_repetition  (+3 =15 -4, -16 Elo [-100, +67])
game 23/50: white by checkmate  (+4 =15 -4, -0 Elo [-85, +85])
game 24/50: draw by threefold_repetition  (+4 =16 -4, -0 Elo [-82, +82])
game 25/50: white by checkmate  (+5 =16 -4, +14 Elo [-69, +98])
game 26/50: black by checkmate  (+6 =16 -4, +27 Elo [-56, +113])
game 27/50: draw by threefold_repetition  (+6 =17 -4, +26 Elo [-54, +108])
game 28/50: draw by threefold_repetition  (+6 =18 -4, +25 Elo [-52, +104])
game 29/50: black by checkmate  (+6 =18 -5, +12 Elo [-67, +92])
game 30/50: black by checkmate  (+7 =18 -5, +23 Elo [-55, +104])
game 31/50: white by checkmate  (+8 =18 -5, +34 Elo [-45, +116])
game 32/50: draw by insufficient_material  (+8 =19 -5, +33 Elo [-44, +112])
game 33/50: white by checkmate  (+9 =19 -5, +42 Elo [-34, +123])
game 34/50: draw by fifty_moves  (+9 =20 -5, +41 Elo [-33, +119])
game 35/50: draw by threefold_repetition  (+9 =21 -5, +40 Elo [-32, +115])
game 36/50: white by checkmate  (+9 =21 -6, +29 Elo [-44, +105])
game 37/50: white by checkmate  (+10 =21 -6, +38 Elo [-35, +114])
game 38/50: black by checkmate  (+11 =21 -6, +46 Elo [-27, +123])
game 39/50: draw by threefold_repetition  (+11 =22 -6, +45 Elo [-26, +120])
game 40/50: draw by threefold_repetition  (+11 =23 -6, +44 Elo [-26, +116])
game 41/50: draw by threefold_repetition  (+11 =24 -6, +43 Elo [-25, +113])
game 42/50: draw by insufficient_material  (+11 =25 -6, +42 Elo [-24, +111])
game 43/50: draw by threefold_repetition  (+11 =26 -6, +41 Elo [-24, +108])
game 44/50: draw by threefold_repetition  (+11 =27 -6, +40 Elo [-23, +105])
game 45/50: draw by threefold_repetition  (+11 =28 -6, +39 Elo [-23, +103])
game 46/50: black by checkmate  (+12 =28 -6, +46 Elo [-16, +110])
game 47/50: draw by threefold_repetition  (+12 =29 -6, +45 Elo [-16, +108])
game 48/50: draw by threefold_repetition  (+12 =30 -6, +44 Elo [-16, +105])
game 49/50: white by checkmate  (+13 =30 -6, +50 Elo [-9, +112])
game 50/50: white by checkmate  (+13 =30 -7, +42 Elo [-18, +105])

snapshots/mid-see-quiet-25 vs snapshots/base over 50 games (200000 nodes)
+13 =30 -7, score 56.0%
Elo +42, 95% interval [-18, +105]
verdict: not resolved, the interval spans zero. More games, or drop the change
terminations: threefold_repetition 25, insufficient_material 3, checkmate 20, fifty_moves 2
