game 1/50: draw by threefold_repetition  (+0 =1 -0, -0 Elo [-2400, +2400])
game 2/50: white by checkmate  (+0 =1 -1, -191 Elo [-2400, +68])
game 3/50: black by checkmate  (+0 =1 -2, -280 Elo [-2400, -47])
game 4/50: draw by threefold_repetition  (+0 =2 -2, -191 Elo [-920, -3])
game 5/50: white by checkmate  (+1 =2 -2, -70 Elo [-444, +171])
game 6/50: draw by insufficient_material  (+1 =3 -2, -58 Elo [-313, +140])
game 7/50: white by checkmate  (+2 =3 -2, -0 Elo [-220, +220])
game 8/50: draw by threefold_repetition  (+2 =4 -2, -0 Elo [-186, +186])
game 9/50: draw by threefold_repetition  (+2 =5 -2, -0 Elo [-162, +162])
game 10/50: black by checkmate  (+3 =5 -2, +35 Elo [-121, +207])
game 11/50: white by checkmate  (+4 =5 -2, +64 Elo [-85, +243])
game 12/50: white by checkmate  (+4 =5 -3, +29 Elo [-125, +197])
game 13/50: draw by threefold_repetition  (+4 =6 -3, +27 Elo [-115, +179])
game 14/50: black by checkmate  (+5 =6 -3, +50 Elo [-87, +206])
game 15/50: white by checkmate  (+6 =6 -3, +70 Elo [-63, +229])
game 16/50: white by checkmate  (+6 =6 -4, +44 Elo [-92, +194])
game 17/50: white by checkmate  (+7 =6 -4, +62 Elo [-69, +215])
game 18/50: draw by insufficient_material  (+7 =7 -4, +58 Elo [-65, +200])
game 19/50: draw by threefold_repetition  (+7 =8 -4, +55 Elo [-62, +187])
game 20/50: draw by threefold_repetition  (+7 =9 -4, +53 Elo [-59, +176])
game 21/50: draw by threefold_repetition  (+7 =10 -4, +50 Elo [-56, +167])
game 22/50: white by checkmate  (+7 =10 -5, +32 Elo [-76, +146])
game 23/50: draw by threefold_repetition  (+7 =11 -5, +30 Elo [-73, +139])
game 24/50: black by checkmate  (+8 =11 -5, +44 Elo [-58, +154])
game 25/50: draw by threefold_repetition  (+8 =12 -5, +42 Elo [-56, +147])
game 26/50: black by checkmate  (+9 =12 -5, +54 Elo [-43, +160])
game 27/50: draw by threefold_repetition  (+9 =13 -5, +52 Elo [-41, +153])
game 28/50: draw by threefold_repetition  (+9 =14 -5, +50 Elo [-40, +147])
game 29/50: draw by threefold_repetition  (+9 =15 -5, +48 Elo [-38, +141])
game 30/50: draw by threefold_repetition  (+9 =16 -5, +47 Elo [-37, +136])
game 31/50: draw by stalemate  (+9 =17 -5, +45 Elo [-36, +131])
game 32/50: draw by threefold_repetition  (+9 =18 -5, +44 Elo [-35, +127])
game 33/50: white by checkmate  (+10 =18 -5, +53 Elo [-25, +137])
game 34/50: draw by insufficient_material  (+10 =19 -5, +51 Elo [-25, +133])
game 35/50: draw by threefold_repetition  (+10 =20 -5, +50 Elo [-24, +129])
game 36/50: black by checkmate  (+11 =20 -5, +58 Elo [-15, +138])
game 37/50: draw by threefold_repetition  (+11 =21 -5, +57 Elo [-15, +134])
game 38/50: draw by threefold_repetition  (+11 =22 -5, +55 Elo [-15, +130])
game 39/50: draw by threefold_repetition  (+11 =23 -5, +54 Elo [-14, +127])
game 40/50: white by checkmate  (+11 =23 -6, +44 Elo [-26, +116])
game 41/50: draw by threefold_repetition  (+11 =24 -6, +43 Elo [-25, +113])
game 42/50: draw by threefold_repetition  (+11 =25 -6, +42 Elo [-24, +111])
game 43/50: draw by threefold_repetition  (+11 =26 -6, +41 Elo [-24, +108])
game 44/50: draw by threefold_repetition  (+11 =27 -6, +40 Elo [-23, +105])
game 45/50: draw by threefold_repetition  (+11 =28 -6, +39 Elo [-23, +103])
game 46/50: white by checkmate  (+11 =28 -7, +30 Elo [-32, +95])
game 47/50: draw by stalemate  (+11 =29 -7, +30 Elo [-31, +93])
game 48/50: draw by fifty_moves  (+11 =30 -7, +29 Elo [-31, +91])
game 49/50: white by checkmate  (+12 =30 -7, +36 Elo [-24, +98])
game 50/50: black by checkmate  (+13 =30 -7, +42 Elo [-18, +105])

snapshots/mid-see-quiet-25 vs snapshots/base over 50 games (200000 nodes)
+13 =30 -7, score 56.0%
Elo +42, 95% interval [-18, +105]
verdict: not resolved, the interval spans zero. More games, or drop the change
terminations: threefold_repetition 24, checkmate 20, insufficient_material 3, stalemate 2, fifty_moves 1
