game 1/50: black by checkmate  (+0 =0 -1, -2400 Elo [-2400, +676])
game 2/50: white by checkmate  (+0 =0 -2, -2400 Elo [-2400, -2400])
game 3/50: draw by threefold_repetition  (+0 =1 -2, -280 Elo [-2400, -47])
game 4/50: draw by threefold_repetition  (+0 =2 -2, -191 Elo [-920, -3])
game 5/50: black by checkmate  (+0 =2 -3, -241 Elo [-2400, -60])
game 6/50: draw by insufficient_material  (+0 =3 -3, -191 Elo [-512, -35])
game 7/50: draw by threefold_repetition  (+0 =4 -3, -159 Elo [-377, -22])
game 8/50: draw by insufficient_material  (+0 =5 -3, -137 Elo [-309, -14])
game 9/50: draw by threefold_repetition  (+0 =6 -3, -120 Elo [-264, -9])
game 10/50: draw by threefold_repetition  (+0 =7 -3, -108 Elo [-232, -6])
game 11/50: draw by insufficient_material  (+0 =8 -3, -97 Elo [-208, -3])
game 12/50: draw by threefold_repetition  (+0 =9 -3, -89 Elo [-189, -2])
game 13/50: black by checkmate  (+0 =9 -4, -110 Elo [-219, -20])
game 14/50: black by checkmate  (+1 =9 -4, -76 Elo [-194, +27])
game 15/50: draw by threefold_repetition  (+1 =10 -4, -70 Elo [-179, +26])
game 16/50: draw by threefold_repetition  (+1 =11 -4, -66 Elo [-166, +25])
game 17/50: draw by insufficient_material  (+1 =12 -4, -62 Elo [-156, +23])
game 18/50: draw by insufficient_material  (+1 =13 -4, -58 Elo [-146, +22])
game 19/50: white by checkmate  (+2 =13 -4, -37 Elo [-128, +50])
game 20/50: draw by threefold_repetition  (+2 =14 -4, -35 Elo [-121, +48])
game 21/50: draw by insufficient_material  (+2 =15 -4, -33 Elo [-115, +45])
game 22/50: draw by threefold_repetition  (+2 =16 -4, -32 Elo [-110, +43])
game 23/50: white by checkmate  (+3 =16 -4, -15 Elo [-96, +64])
game 24/50: white by checkmate  (+3 =16 -5, -29 Elo [-112, +51])
game 25/50: black by checkmate  (+3 =16 -6, -42 Elo [-127, +39])
game 26/50: draw by threefold_repetition  (+3 =17 -6, -40 Elo [-122, +37])
game 27/50: draw by threefold_repetition  (+3 =18 -6, -39 Elo [-117, +36])
game 28/50: draw by threefold_repetition  (+3 =19 -6, -37 Elo [-113, +35])
game 29/50: draw by insufficient_material  (+3 =20 -6, -36 Elo [-109, +33])
game 30/50: draw by fifty_moves  (+3 =21 -6, -35 Elo [-105, +32])
game 31/50: draw by threefold_repetition  (+3 =22 -6, -34 Elo [-101, +31])
game 32/50: draw by threefold_repetition  (+3 =23 -6, -33 Elo [-98, +30])
game 33/50: draw by threefold_repetition  (+3 =24 -6, -32 Elo [-95, +29])
game 34/50: white by checkmate  (+3 =24 -7, -41 Elo [-106, +21])
game 35/50: draw by fifty_moves  (+3 =25 -7, -40 Elo [-103, +20])
game 36/50: white by checkmate  (+3 =25 -8, -49 Elo [-113, +12])
game 37/50: white by checkmate  (+4 =25 -8, -38 Elo [-103, +25])
game 38/50: draw by threefold_repetition  (+4 =26 -8, -37 Elo [-100, +24])
game 39/50: draw by insufficient_material  (+4 =27 -8, -36 Elo [-98, +24])
game 40/50: draw by threefold_repetition  (+4 =28 -8, -35 Elo [-95, +23])
game 41/50: draw by threefold_repetition  (+4 =29 -8, -34 Elo [-93, +23])
game 42/50: white by checkmate  (+4 =29 -9, -42 Elo [-101, +16])
game 43/50: black by checkmate  (+4 =29 -10, -49 Elo [-109, +9])
game 44/50: draw by threefold_repetition  (+4 =30 -10, -48 Elo [-107, +9])
game 45/50: black by checkmate  (+4 =30 -11, -54 Elo [-114, +2])
game 46/50: draw by threefold_repetition  (+4 =31 -11, -53 Elo [-112, +2])
game 47/50: black by checkmate  (+4 =31 -12, -60 Elo [-119, -4])
game 48/50: white by checkmate  (+4 =31 -13, -66 Elo [-126, -10])
game 49/50: white by checkmate  (+5 =31 -13, -57 Elo [-118, +0])
game 50/50: draw by fifty_moves  (+5 =32 -13, -56 Elo [-115, +0])

snapshots/mid-razor-400 vs snapshots/base over 50 games (200000 nodes)
+5 =32 -13, score 42.0%
Elo -56, 95% interval [-115, +0]
verdict: not resolved, the interval spans zero. More games, or drop the change
terminations: checkmate 18, threefold_repetition 21, insufficient_material 8, fifty_moves 3
