game 1/50: draw by threefold_repetition  (+0 =1 -0, -0 Elo [-2400, +2400])
game 2/50: draw by threefold_repetition  (+0 =2 -0, -0 Elo [-0, -0])
game 3/50: draw by insufficient_material  (+0 =3 -0, -0 Elo [-0, -0])
game 4/50: black by checkmate  (+1 =3 -0, +89 Elo [-61, +284])
game 5/50: black by checkmate  (+1 =3 -1, -0 Elo [-217, +217])
game 6/50: white by checkmate  (+1 =3 -2, -58 Elo [-313, +140])
game 7/50: draw by threefold_repetition  (+1 =4 -2, -50 Elo [-250, +119])
game 8/50: draw by insufficient_material  (+1 =5 -2, -44 Elo [-210, +104])
game 9/50: white by checkmate  (+2 =5 -2, -0 Elo [-162, +162])
game 10/50: draw by insufficient_material  (+2 =6 -2, -0 Elo [-144, +144])
game 11/50: draw by fifty_moves  (+2 =7 -2, -0 Elo [-129, +129])
game 12/50: white by checkmate  (+2 =7 -3, -29 Elo [-166, +100])
game 13/50: white by checkmate  (+3 =7 -3, -0 Elo [-135, +135])
game 14/50: white by checkmate  (+3 =7 -4, -25 Elo [-164, +106])
game 15/50: white by checkmate  (+4 =7 -4, -0 Elo [-135, +135])
game 16/50: draw by fifty_moves  (+4 =8 -4, -0 Elo [-126, +126])
game 17/50: white by checkmate  (+5 =8 -4, +20 Elo [-102, +149])
game 18/50: white by checkmate  (+5 =8 -5, -0 Elo [-125, +125])
game 19/50: white by checkmate  (+6 =8 -5, +18 Elo [-103, +145])
game 20/50: draw by threefold_repetition  (+6 =9 -5, +17 Elo [-98, +137])
game 21/50: draw by threefold_repetition  (+6 =10 -5, +17 Elo [-93, +130])
game 22/50: draw by threefold_repetition  (+6 =11 -5, +16 Elo [-89, +123])
game 23/50: draw by threefold_repetition  (+6 =12 -5, +15 Elo [-85, +117])
game 24/50: white by checkmate  (+6 =12 -6, -0 Elo [-101, +101])
game 25/50: white by checkmate  (+7 =12 -6, +14 Elo [-86, +116])
game 26/50: draw by threefold_repetition  (+7 =13 -6, +13 Elo [-82, +111])
game 27/50: draw by threefold_repetition  (+7 =14 -6, +13 Elo [-79, +107])
game 28/50: draw by insufficient_material  (+7 =15 -6, +12 Elo [-76, +103])
game 29/50: draw by threefold_repetition  (+7 =16 -6, +12 Elo [-74, +99])
game 30/50: draw by threefold_repetition  (+7 =17 -6, +12 Elo [-71, +96])
game 31/50: draw by threefold_repetition  (+7 =18 -6, +11 Elo [-69, +92])
game 32/50: draw by threefold_repetition  (+7 =19 -6, +11 Elo [-67, +89])
game 33/50: draw by threefold_repetition  (+7 =20 -6, +11 Elo [-65, +87])
game 34/50: black by checkmate  (+8 =20 -6, +20 Elo [-55, +98])
game 35/50: draw by threefold_repetition  (+8 =21 -6, +20 Elo [-53, +95])
game 36/50: draw by threefold_repetition  (+8 =22 -6, +19 Elo [-52, +92])
game 37/50: white by checkmate  (+9 =22 -6, +28 Elo [-43, +102])
game 38/50: black by checkmate  (+10 =22 -6, +37 Elo [-34, +111])
game 39/50: white by checkmate  (+11 =22 -6, +45 Elo [-26, +120])
game 40/50: white by checkmate  (+11 =22 -7, +35 Elo [-37, +110])
game 41/50: white by checkmate  (+12 =22 -7, +43 Elo [-29, +118])
game 42/50: draw by threefold_repetition  (+12 =23 -7, +42 Elo [-28, +115])
game 43/50: draw by threefold_repetition  (+12 =24 -7, +41 Elo [-28, +112])
game 44/50: draw by insufficient_material  (+12 =25 -7, +40 Elo [-27, +109])
game 45/50: white by checkmate  (+13 =25 -7, +47 Elo [-20, +117])
game 46/50: draw by threefold_repetition  (+13 =26 -7, +46 Elo [-20, +114])
game 47/50: draw by threefold_repetition  (+13 =27 -7, +45 Elo [-19, +112])
game 48/50: white by checkmate  (+13 =27 -8, +36 Elo [-28, +103])
game 49/50: black by checkmate  (+13 =27 -9, +28 Elo [-36, +95])
game 50/50: draw by threefold_repetition  (+13 =28 -9, +28 Elo [-36, +93])

snapshots/mid-see-quiet-25 vs snapshots/base over 50 games (200000 nodes)
+13 =28 -9, score 54.0%
Elo +28, 95% interval [-36, +93]
verdict: not resolved, the interval spans zero. More games, or drop the change
terminations: threefold_repetition 21, insufficient_material 5, checkmate 22, fifty_moves 2
