game 1/50: black by checkmate  (+0 =0 -1, -2400 Elo [-2400, +676])
game 2/50: draw by insufficient_material  (+0 =1 -1, -191 Elo [-2400, +68])
game 3/50: black by checkmate  (+0 =1 -2, -280 Elo [-2400, -47])
game 4/50: black by checkmate  (+1 =1 -2, -89 Elo [-2400, +221])
game 5/50: draw by threefold_repetition  (+1 =2 -2, -70 Elo [-444, +171])
game 6/50: draw by threefold_repetition  (+1 =3 -2, -58 Elo [-313, +140])
game 7/50: white by checkmate  (+2 =3 -2, -0 Elo [-220, +220])
game 8/50: draw by threefold_repetition  (+2 =4 -2, -0 Elo [-186, +186])
game 9/50: draw by threefold_repetition  (+2 =5 -2, -0 Elo [-162, +162])
game 10/50: draw by threefold_repetition  (+2 =6 -2, -0 Elo [-144, +144])
game 11/50: white by checkmate  (+3 =6 -2, +32 Elo [-109, +184])
game 12/50: draw by fifty_moves  (+3 =7 -2, +29 Elo [-100, +166])
game 13/50: draw by threefold_repetition  (+3 =8 -2, +27 Elo [-92, +152])
game 14/50: draw by threefold_repetition  (+3 =9 -2, +25 Elo [-85, +140])
game 15/50: draw by threefold_repetition  (+3 =10 -2, +23 Elo [-79, +130])
game 16/50: draw by threefold_repetition  (+3 =11 -2, +22 Elo [-74, +121])
game 17/50: white by checkmate  (+4 =11 -2, +41 Elo [-56, +145])
game 18/50: draw by threefold_repetition  (+4 =12 -2, +39 Elo [-53, +136])
game 19/50: draw by insufficient_material  (+4 =13 -2, +37 Elo [-50, +128])
game 20/50: draw by threefold_repetition  (+4 =14 -2, +35 Elo [-48, +121])
game 21/50: draw by threefold_repetition  (+4 =15 -2, +33 Elo [-45, +115])
game 22/50: draw by threefold_repetition  (+4 =16 -2, +32 Elo [-43, +110])
game 23/50: draw by threefold_repetition  (+4 =17 -2, +30 Elo [-41, +105])
game 24/50: draw by threefold_repetition  (+4 =18 -2, +29 Elo [-40, +100])
game 25/50: draw by threefold_repetition  (+4 =19 -2, +28 Elo [-38, +96])
game 26/50: draw by threefold_repetition  (+4 =20 -2, +27 Elo [-37, +92])
game 27/50: draw by threefold_repetition  (+4 =21 -2, +26 Elo [-35, +89])
game 28/50: draw by insufficient_material  (+4 =22 -2, +25 Elo [-34, +85])
game 29/50: draw by threefold_repetition  (+4 =23 -2, +24 Elo [-33, +82])
game 30/50: draw by threefold_repetition  (+4 =24 -2, +23 Elo [-32, +80])
game 31/50: black by checkmate  (+4 =24 -3, +11 Elo [-47, +70])
game 32/50: draw by threefold_repetition  (+4 =25 -3, +11 Elo [-46, +68])
game 33/50: white by checkmate  (+5 =25 -3, +21 Elo [-37, +80])
game 34/50: white by checkmate  (+5 =25 -4, +10 Elo [-50, +71])
game 35/50: white by checkmate  (+6 =25 -4, +20 Elo [-42, +83])
game 36/50: draw by insufficient_material  (+6 =26 -4, +19 Elo [-40, +80])
game 37/50: white by checkmate  (+7 =26 -4, +28 Elo [-32, +91])
game 38/50: white by checkmate  (+7 =26 -5, +18 Elo [-44, +82])
game 39/50: black by checkmate  (+7 =26 -6, +9 Elo [-54, +73])
game 40/50: white by checkmate  (+7 =26 -7, -0 Elo [-64, +64])
game 41/50: draw by threefold_repetition  (+7 =27 -7, -0 Elo [-63, +63])
game 42/50: draw by threefold_repetition  (+7 =28 -7, -0 Elo [-61, +61])
game 43/50: black by checkmate  (+7 =28 -8, -8 Elo [-70, +54])
game 44/50: draw by threefold_repetition  (+7 =29 -8, -8 Elo [-69, +52])
game 45/50: black by checkmate  (+7 =29 -9, -15 Elo [-77, +45])
game 46/50: white by checkmate  (+7 =29 -10, -23 Elo [-85, +38])
game 47/50: draw by threefold_repetition  (+7 =30 -10, -22 Elo [-83, +37])
game 48/50: draw by insufficient_material  (+7 =31 -10, -22 Elo [-81, +37])
game 49/50: white by checkmate  (+8 =31 -10, -14 Elo [-74, +45])
game 50/50: white by checkmate  (+8 =31 -11, -21 Elo [-81, +38])

snapshots/mid-razor-400 vs snapshots/base over 50 games (200000 nodes)
+8 =31 -11, score 47.0%
Elo -21, 95% interval [-81, +38]
verdict: not resolved, the interval spans zero. More games, or drop the change
terminations: checkmate 19, insufficient_material 5, threefold_repetition 25, fifty_moves 1
