game 1/50: white by checkmate  (+1 =0 -0, +2400 Elo [-676, +2400])
game 2/50: black by checkmate  (+2 =0 -0, +2400 Elo [+2400, +2400])
game 3/50: white by checkmate  (+3 =0 -0, +2400 Elo [+2400, +2400])
game 4/50: white by checkmate  (+3 =0 -1, +191 Elo [-126, +2400])
game 5/50: white by checkmate  (+4 =0 -1, +241 Elo [-35, +2400])
game 6/50: black by checkmate  (+5 =0 -1, +280 Elo [+24, +2400])
game 7/50: draw by insufficient_material  (+5 =1 -1, +226 Elo [+11, +2400])
game 8/50: black by checkmate  (+6 =1 -1, +255 Elo [+50, +2400])
game 9/50: black by checkmate  (+6 =1 -2, +166 Elo [-34, +883])
game 10/50: draw by threefold_repetition  (+6 =2 -2, +147 Elo [-33, +504])
game 11/50: white by checkmate  (+7 =2 -2, +170 Elo [-3, +545])
game 12/50: black by checkmate  (+8 =2 -2, +191 Elo [+24, +582])
game 13/50: black by checkmate  (+8 =2 -3, +141 Elo [-24, +423])
game 14/50: white by checkmate  (+8 =2 -4, +102 Elo [-62, +336])
game 15/50: black by checkmate  (+8 =2 -5, +70 Elo [-93, +276])
game 16/50: draw by insufficient_material  (+8 =3 -5, +66 Elo [-87, +252])
game 17/50: draw by threefold_repetition  (+8 =4 -5, +62 Elo [-82, +232])
game 18/50: black by checkmate  (+9 =4 -5, +79 Elo [-60, +250])
game 19/50: white by checkmate  (+10 =4 -5, +94 Elo [-41, +266])
game 20/50: white by checkmate  (+10 =4 -6, +70 Elo [-64, +231])
game 21/50: white by checkmate  (+11 =4 -6, +84 Elo [-46, +246])
game 22/50: draw by fifty_moves  (+11 =5 -6, +80 Elo [-45, +231])
game 23/50: white by checkmate  (+12 =5 -6, +93 Elo [-29, +244])
game 24/50: draw by insufficient_material  (+12 =6 -6, +89 Elo [-28, +231])
game 25/50: black by checkmate  (+12 =6 -7, +70 Elo [-46, +206])
game 26/50: draw by insufficient_material  (+12 =7 -7, +68 Elo [-45, +197])
game 27/50: draw by threefold_repetition  (+12 =8 -7, +65 Elo [-43, +188])
game 28/50: white by checkmate  (+12 =8 -8, +50 Elo [-58, +169])
game 29/50: draw by threefold_repetition  (+12 =9 -8, +48 Elo [-56, +162])
game 30/50: black by checkmate  (+13 =9 -8, +58 Elo [-44, +173])
game 31/50: black by checkmate  (+13 =9 -9, +45 Elo [-58, +156])
game 32/50: draw by threefold_repetition  (+13 =10 -9, +44 Elo [-56, +151])
game 33/50: white by checkmate  (+14 =10 -9, +53 Elo [-45, +160])
game 34/50: draw by insufficient_material  (+14 =11 -9, +51 Elo [-44, +155])
game 35/50: white by checkmate  (+15 =11 -9, +60 Elo [-34, +164])
game 36/50: white by checkmate  (+15 =11 -10, +49 Elo [-45, +150])
game 37/50: black by checkmate  (+15 =11 -11, +38 Elo [-56, +137])
game 38/50: draw by threefold_repetition  (+15 =12 -11, +37 Elo [-55, +133])
game 39/50: white by checkmate  (+16 =12 -11, +45 Elo [-45, +142])
game 40/50: white by checkmate  (+16 =12 -12, +35 Elo [-55, +130])
game 41/50: white by checkmate  (+17 =12 -12, +43 Elo [-46, +138])
game 42/50: draw by threefold_repetition  (+17 =13 -12, +42 Elo [-45, +134])
game 43/50: draw by threefold_repetition  (+17 =14 -12, +41 Elo [-44, +131])
game 44/50: black by checkmate  (+18 =14 -12, +48 Elo [-36, +138])
game 45/50: draw by threefold_repetition  (+18 =15 -12, +47 Elo [-36, +134])
game 46/50: draw by threefold_repetition  (+18 =16 -12, +46 Elo [-35, +131])
game 47/50: black by checkmate  (+18 =16 -13, +37 Elo [-43, +122])
game 48/50: draw by threefold_repetition  (+18 =17 -13, +36 Elo [-42, +119])
game 49/50: draw by threefold_repetition  (+18 =18 -13, +36 Elo [-41, +116])
game 50/50: white by checkmate  (+18 =18 -14, +28 Elo [-49, +108])

snapshots/no-razor vs snapshots/base over 50 games (200000 nodes)
+18 =18 -14, score 54.0%
Elo +28, 95% interval [-49, +108]
verdict: not resolved, the interval spans zero. More games, or drop the change
terminations: checkmate 32, insufficient_material 5, threefold_repetition 12, fifty_moves 1
