game 1/50: white by checkmate  (+1 =0 -0, +2400 Elo [-676, +2400])
game 2/50: draw by threefold_repetition  (+1 =1 -0, +191 Elo [-68, +2400])
game 3/50: draw by threefold_repetition  (+1 =2 -0, +120 Elo [-70, +459])
game 4/50: draw by threefold_repetition  (+1 =3 -0, +89 Elo [-61, +284])
game 5/50: white by checkmate  (+2 =3 -0, +147 Elo [-10, +412])
game 6/50: white by checkmate  (+2 =3 -1, +58 Elo [-140, +313])
game 7/50: draw by fifty_moves  (+2 =4 -1, +50 Elo [-119, +250])
game 8/50: black by checkmate  (+3 =4 -1, +89 Elo [-73, +307])
game 9/50: white by checkmate  (+4 =4 -1, +120 Elo [-36, +354])
game 10/50: draw by threefold_repetition  (+4 =5 -1, +108 Elo [-34, +299])
game 11/50: draw by threefold_repetition  (+4 =6 -1, +97 Elo [-32, +262])
game 12/50: black by checkmate  (+5 =6 -1, +120 Elo [-7, +292])
game 13/50: draw by threefold_repetition  (+5 =7 -1, +110 Elo [-7, +262])
game 14/50: draw by threefold_repetition  (+5 =8 -1, +102 Elo [-8, +238])
game 15/50: black by checkmate  (+5 =8 -2, +70 Elo [-46, +205])
game 16/50: white by checkmate  (+5 =8 -3, +44 Elo [-76, +175])
game 17/50: draw by threefold_repetition  (+5 =9 -3, +41 Elo [-72, +164])
game 18/50: black by checkmate  (+6 =9 -3, +58 Elo [-53, +184])
game 19/50: draw by threefold_repetition  (+6 =10 -3, +55 Elo [-50, +172])
game 20/50: white by checkmate  (+6 =10 -4, +35 Elo [-73, +150])
game 21/50: white by checkmate  (+7 =10 -4, +50 Elo [-56, +167])
game 22/50: white by checkmate  (+7 =10 -5, +32 Elo [-76, +146])
game 23/50: draw by threefold_repetition  (+7 =11 -5, +30 Elo [-73, +139])
game 24/50: white by checkmate  (+7 =11 -6, +14 Elo [-90, +121])
game 25/50: white by checkmate  (+8 =11 -6, +28 Elo [-75, +136])
game 26/50: draw by threefold_repetition  (+8 =12 -6, +27 Elo [-72, +130])
game 27/50: draw by threefold_repetition  (+8 =13 -6, +26 Elo [-69, +125])
game 28/50: draw by threefold_repetition  (+8 =14 -6, +25 Elo [-67, +120])
game 29/50: white by checkmate  (+9 =14 -6, +36 Elo [-55, +132])
game 30/50: draw by threefold_repetition  (+9 =15 -6, +35 Elo [-53, +127])
game 31/50: draw by threefold_repetition  (+9 =16 -6, +34 Elo [-51, +123])
game 32/50: draw by insufficient_material  (+9 =17 -6, +33 Elo [-49, +119])
game 33/50: white by checkmate  (+10 =17 -6, +42 Elo [-39, +129])
game 34/50: white by checkmate  (+10 =17 -7, +31 Elo [-52, +117])
game 35/50: draw by threefold_repetition  (+10 =18 -7, +30 Elo [-50, +113])
game 36/50: black by checkmate  (+11 =18 -7, +39 Elo [-41, +123])
game 37/50: draw by insufficient_material  (+11 =19 -7, +38 Elo [-40, +119])
game 38/50: black by checkmate  (+12 =19 -7, +46 Elo [-31, +128])
game 39/50: draw by threefold_repetition  (+12 =20 -7, +45 Elo [-30, +124])
game 40/50: draw by threefold_repetition  (+12 =21 -7, +44 Elo [-30, +121])
game 41/50: draw by threefold_repetition  (+12 =22 -7, +43 Elo [-29, +118])
game 42/50: black by checkmate  (+13 =22 -7, +50 Elo [-21, +126])
game 43/50: draw by threefold_repetition  (+13 =23 -7, +49 Elo [-21, +123])
game 44/50: draw by threefold_repetition  (+13 =24 -7, +48 Elo [-20, +120])
game 45/50: draw by threefold_repetition  (+13 =25 -7, +47 Elo [-20, +117])
game 46/50: black by checkmate  (+14 =25 -7, +53 Elo [-13, +124])
game 47/50: draw by threefold_repetition  (+14 =26 -7, +52 Elo [-13, +121])
game 48/50: white by checkmate  (+14 =26 -8, +44 Elo [-22, +113])
game 49/50: white by checkmate  (+15 =26 -8, +50 Elo [-16, +119])
game 50/50: draw by threefold_repetition  (+15 =27 -8, +49 Elo [-15, +117])

snapshots/no-razor vs snapshots/base over 50 games (200000 nodes)
+15 =27 -8, score 57.0%
Elo +49, 95% interval [-15, +117]
verdict: not resolved, the interval spans zero. More games, or drop the change
terminations: checkmate 23, threefold_repetition 24, fifty_moves 1, insufficient_material 2
