game 1/50: white by checkmate  (+1 =0 -0, +2400 Elo [-676, +2400])
game 2/50: black by checkmate  (+2 =0 -0, +2400 Elo [+2400, +2400])
game 3/50: black by checkmate  (+2 =0 -1, +120 Elo [-325, +2400])
game 4/50: draw by threefold_repetition  (+2 =1 -1, +89 Elo [-221, +2400])
game 5/50: white by checkmate  (+3 =1 -1, +147 Elo [-108, +2400])
game 6/50: white by checkmate  (+3 =1 -2, +58 Elo [-216, +486])
game 7/50: white by checkmate  (+4 =1 -2, +102 Elo [-134, +598])
game 8/50: white by checkmate  (+4 =1 -3, +44 Elo [-199, +352])
game 9/50: black by checkmate  (+4 =1 -4, -0 Elo [-250, +250])
game 10/50: white by checkmate  (+4 =1 -5, -35 Elo [-291, +184])
game 11/50: draw by fifty_moves  (+4 =2 -5, -32 Elo [-253, +164])
game 12/50: draw by threefold_repetition  (+4 =3 -5, -29 Elo [-226, +149])
game 13/50: draw by insufficient_material  (+4 =4 -5, -27 Elo [-204, +136])
game 14/50: black by checkmate  (+5 =4 -5, -0 Elo [-165, +165])
game 15/50: draw by threefold_repetition  (+5 =5 -5, -0 Elo [-153, +153])
game 16/50: draw by fifty_moves  (+5 =6 -5, -0 Elo [-142, +142])
game 17/50: draw by threefold_repetition  (+5 =7 -5, -0 Elo [-133, +133])
game 18/50: draw by threefold_repetition  (+5 =8 -5, -0 Elo [-125, +125])
game 19/50: draw by threefold_repetition  (+5 =9 -5, -0 Elo [-118, +118])
game 20/50: draw by fifty_moves  (+5 =10 -5, -0 Elo [-111, +111])
game 21/50: draw by fifty_moves  (+5 =11 -5, -0 Elo [-106, +106])
game 22/50: white by checkmate  (+5 =11 -6, -16 Elo [-123, +89])
game 23/50: draw by threefold_repetition  (+5 =12 -6, -15 Elo [-117, +85])
game 24/50: white by checkmate  (+5 =12 -7, -29 Elo [-133, +70])
game 25/50: draw by threefold_repetition  (+5 =13 -7, -28 Elo [-127, +67])
game 26/50: draw by threefold_repetition  (+5 =14 -7, -27 Elo [-122, +64])
game 27/50: black by checkmate  (+5 =14 -8, -39 Elo [-135, +52])
game 28/50: draw by threefold_repetition  (+5 =15 -8, -37 Elo [-130, +50])
game 29/50: draw by threefold_repetition  (+5 =16 -8, -36 Elo [-125, +48])
game 30/50: draw by threefold_repetition  (+5 =17 -8, -35 Elo [-120, +46])
game 31/50: black by checkmate  (+5 =17 -9, -45 Elo [-131, +36])
game 32/50: draw by threefold_repetition  (+5 =18 -9, -44 Elo [-127, +35])
game 33/50: draw by threefold_repetition  (+5 =19 -9, -42 Elo [-123, +34])
game 34/50: white by checkmate  (+5 =19 -10, -51 Elo [-133, +25])
game 35/50: draw by threefold_repetition  (+5 =20 -10, -50 Elo [-129, +24])
game 36/50: white by checkmate  (+5 =20 -11, -58 Elo [-138, +15])
game 37/50: black by checkmate  (+5 =20 -12, -67 Elo [-147, +7])
game 38/50: white by checkmate  (+5 =20 -13, -74 Elo [-155, -1])
game 39/50: draw by fifty_moves  (+5 =21 -13, -72 Elo [-151, -1])
game 40/50: draw by threefold_repetition  (+5 =22 -13, -70 Elo [-147, -1])
game 41/50: draw by threefold_repetition  (+5 =23 -13, -69 Elo [-143, -0])
game 42/50: white by checkmate  (+5 =23 -14, -76 Elo [-150, -7])
game 43/50: draw by threefold_repetition  (+5 =24 -14, -74 Elo [-146, -7])
game 44/50: draw by threefold_repetition  (+5 =25 -14, -72 Elo [-143, -7])
game 45/50: draw by threefold_repetition  (+5 =26 -14, -70 Elo [-139, -7])
game 46/50: draw by threefold_repetition  (+5 =27 -14, -69 Elo [-136, -7])
game 47/50: white by checkmate  (+6 =27 -14, -60 Elo [-127, +3])
game 48/50: white by checkmate  (+6 =27 -15, -66 Elo [-134, -3])
game 49/50: draw by threefold_repetition  (+6 =28 -15, -65 Elo [-131, -3])
game 50/50: black by checkmate  (+7 =28 -15, -56 Elo [-122, +6])

snapshots/no-razor vs snapshots/base over 50 games (200000 nodes)
+7 =28 -15, score 42.0%
Elo -56, 95% interval [-122, +6]
verdict: not resolved, the interval spans zero. More games, or drop the change
terminations: checkmate 22, threefold_repetition 22, fifty_moves 5, insufficient_material 1
