game 1/50: white by checkmate  (+1 =0 -0, +2400 Elo [-676, +2400])
game 2/50: draw by threefold_repetition  (+1 =1 -0, +191 Elo [-68, +2400])
game 3/50: white by checkmate  (+2 =1 -0, +280 Elo [+47, +2400])
game 4/50: white by checkmate  (+2 =1 -1, +89 Elo [-221, +2400])
game 5/50: draw by threefold_repetition  (+2 =2 -1, +70 Elo [-171, +444])
game 6/50: white by checkmate  (+2 =2 -2, -0 Elo [-271, +271])
game 7/50: white by checkmate  (+3 =2 -2, +50 Elo [-179, +346])
game 8/50: draw by insufficient_material  (+3 =3 -2, +44 Elo [-154, +279])
game 9/50: white by checkmate  (+4 =3 -2, +79 Elo [-104, +327])
game 10/50: black by checkmate  (+5 =3 -2, +108 Elo [-65, +367])
game 11/50: white by checkmate  (+6 =3 -2, +132 Elo [-32, +401])
game 12/50: draw by insufficient_material  (+6 =4 -2, +120 Elo [-31, +342])
game 13/50: white by checkmate  (+7 =4 -2, +141 Elo [-6, +368])
game 14/50: white by checkmate  (+7 =4 -3, +102 Elo [-46, +303])
game 15/50: draw by threefold_repetition  (+7 =5 -3, +95 Elo [-43, +274])
game 16/50: draw by threefold_repetition  (+7 =6 -3, +89 Elo [-41, +250])
game 17/50: draw by insufficient_material  (+7 =7 -3, +83 Elo [-39, +231])
game 18/50: draw by threefold_repetition  (+7 =8 -3, +79 Elo [-37, +215])
game 19/50: draw by threefold_repetition  (+7 =9 -3, +74 Elo [-35, +202])
game 20/50: draw by threefold_repetition  (+7 =10 -3, +70 Elo [-34, +190])
game 21/50: draw by threefold_repetition  (+7 =11 -3, +67 Elo [-32, +179])
game 22/50: draw by threefold_repetition  (+7 =12 -3, +64 Elo [-31, +170])
game 23/50: draw by threefold_repetition  (+7 =13 -3, +61 Elo [-30, +161])
game 24/50: white by checkmate  (+7 =13 -4, +44 Elo [-49, +144])
game 25/50: draw by threefold_repetition  (+7 =14 -4, +42 Elo [-47, +137])
game 26/50: draw by threefold_repetition  (+7 =15 -4, +40 Elo [-46, +132])
game 27/50: black by checkmate  (+7 =15 -5, +26 Elo [-62, +117])
game 28/50: white by checkmate  (+7 =15 -6, +12 Elo [-76, +103])
game 29/50: draw by threefold_repetition  (+7 =16 -6, +12 Elo [-74, +99])
game 30/50: draw by threefold_repetition  (+7 =17 -6, +12 Elo [-71, +96])
game 31/50: draw by threefold_repetition  (+7 =18 -6, +11 Elo [-69, +92])
game 32/50: white by checkmate  (+7 =18 -7, -0 Elo [-81, +81])
game 33/50: black by checkmate  (+7 =18 -8, -11 Elo [-92, +70])
game 34/50: black by checkmate  (+8 =18 -8, -0 Elo [-82, +82])
game 35/50: draw by insufficient_material  (+8 =19 -8, -0 Elo [-79, +79])
game 36/50: draw by threefold_repetition  (+8 =20 -8, -0 Elo [-77, +77])
game 37/50: draw by threefold_repetition  (+8 =21 -8, -0 Elo [-75, +75])
game 38/50: draw by threefold_repetition  (+8 =22 -8, -0 Elo [-73, +73])
game 39/50: draw by threefold_repetition  (+8 =23 -8, -0 Elo [-71, +71])
game 40/50: black by checkmate  (+9 =23 -8, +9 Elo [-62, +80])
game 41/50: white by checkmate  (+10 =23 -8, +17 Elo [-54, +89])
game 42/50: draw by threefold_repetition  (+10 =24 -8, +17 Elo [-52, +87])
game 43/50: draw by insufficient_material  (+10 =25 -8, +16 Elo [-51, +85])
game 44/50: black by checkmate  (+11 =25 -8, +24 Elo [-44, +93])
game 45/50: draw by threefold_repetition  (+11 =26 -8, +23 Elo [-43, +91])
game 46/50: draw by threefold_repetition  (+11 =27 -8, +23 Elo [-42, +89])
game 47/50: draw by threefold_repetition  (+11 =28 -8, +22 Elo [-41, +87])
game 48/50: white by checkmate  (+11 =28 -9, +14 Elo [-49, +79])
game 49/50: white by checkmate  (+12 =28 -9, +21 Elo [-42, +86])
game 50/50: draw by insufficient_material  (+12 =29 -9, +21 Elo [-41, +85])

snapshots/no-razor vs snapshots/base over 50 games (200000 nodes)
+12 =29 -9, score 53.0%
Elo +21, 95% interval [-41, +85]
verdict: not resolved, the interval spans zero. More games, or drop the change
terminations: checkmate 21, threefold_repetition 23, insufficient_material 6
