game 1/50: draw by threefold_repetition  (+0 =1 -0, -0 Elo [-2400, +2400])
game 2/50: white by checkmate  (+0 =1 -1, -191 Elo [-2400, +68])
game 3/50: white by checkmate  (+1 =1 -1, -0 Elo [-561, +561])
game 4/50: black by checkmate  (+2 =1 -1, +89 Elo [-221, +2400])
game 5/50: draw by threefold_repetition  (+2 =2 -1, +70 Elo [-171, +444])
game 6/50: draw by threefold_repetition  (+2 =3 -1, +58 Elo [-140, +313])
game 7/50: draw by threefold_repetition  (+2 =4 -1, +50 Elo [-119, +250])
game 8/50: white by checkmate  (+2 =4 -2, -0 Elo [-186, +186])
game 9/50: draw by threefold_repetition  (+2 =5 -2, -0 Elo [-162, +162])
game 10/50: white by checkmate  (+2 =5 -3, -35 Elo [-207, +121])
game 11/50: draw by threefold_repetition  (+2 =6 -3, -32 Elo [-184, +109])
game 12/50: draw by threefold_repetition  (+2 =7 -3, -29 Elo [-166, +100])
game 13/50: draw by threefold_repetition  (+2 =8 -3, -27 Elo [-152, +92])
game 14/50: draw by threefold_repetition  (+2 =9 -3, -25 Elo [-140, +85])
game 15/50: draw by threefold_repetition  (+2 =10 -3, -23 Elo [-130, +79])
game 16/50: white by checkmate  (+2 =10 -4, -44 Elo [-155, +59])
game 17/50: white by checkmate  (+3 =10 -4, -20 Elo [-132, +87])
game 18/50: white by checkmate  (+3 =10 -5, -39 Elo [-153, +68])
game 19/50: draw by threefold_repetition  (+3 =11 -5, -37 Elo [-144, +64])
game 20/50: white by checkmate  (+3 =11 -6, -53 Elo [-163, +48])
game 21/50: draw by threefold_repetition  (+3 =12 -6, -50 Elo [-154, +46])
game 22/50: black by checkmate  (+4 =12 -6, -32 Elo [-135, +66])
game 23/50: draw by threefold_repetition  (+4 =13 -6, -30 Elo [-129, +63])
game 24/50: draw by threefold_repetition  (+4 =14 -6, -29 Elo [-123, +61])
game 25/50: draw by fifty_moves  (+4 =15 -6, -28 Elo [-118, +58])
game 26/50: black by checkmate  (+5 =15 -6, -13 Elo [-103, +74])
game 27/50: draw by threefold_repetition  (+5 =16 -6, -13 Elo [-99, +72])
game 28/50: white by checkmate  (+5 =16 -7, -25 Elo [-112, +60])
game 29/50: draw by threefold_repetition  (+5 =17 -7, -24 Elo [-108, +57])
game 30/50: white by checkmate  (+5 =17 -8, -35 Elo [-120, +46])
game 31/50: black by checkmate  (+5 =17 -9, -45 Elo [-131, +36])
game 32/50: black by checkmate  (+6 =17 -9, -33 Elo [-119, +49])
game 33/50: black by checkmate  (+6 =17 -10, -42 Elo [-129, +39])
game 34/50: draw by threefold_repetition  (+6 =18 -10, -41 Elo [-125, +38])
game 35/50: draw by threefold_repetition  (+6 =19 -10, -40 Elo [-121, +37])
game 36/50: draw by threefold_repetition  (+6 =20 -10, -39 Elo [-117, +36])
game 37/50: black by checkmate  (+6 =20 -11, -47 Elo [-127, +27])
game 38/50: white by checkmate  (+6 =20 -12, -55 Elo [-135, +19])
game 39/50: white by checkmate  (+7 =20 -12, -45 Elo [-124, +30])
game 40/50: draw by fifty_moves  (+7 =21 -12, -44 Elo [-121, +30])
game 41/50: draw by insufficient_material  (+7 =22 -12, -43 Elo [-118, +29])
game 42/50: draw by threefold_repetition  (+7 =23 -12, -42 Elo [-115, +28])
game 43/50: draw by threefold_repetition  (+7 =24 -12, -41 Elo [-112, +28])
game 44/50: white by checkmate  (+7 =24 -13, -48 Elo [-120, +20])
game 45/50: draw by threefold_repetition  (+7 =25 -13, -47 Elo [-117, +20])
game 46/50: black by checkmate  (+8 =25 -13, -38 Elo [-108, +29])
game 47/50: draw by threefold_repetition  (+8 =26 -13, -37 Elo [-106, +29])
game 48/50: draw by insufficient_material  (+8 =27 -13, -36 Elo [-103, +28])
game 49/50: white by checkmate  (+9 =27 -13, -28 Elo [-95, +36])
game 50/50: draw by threefold_repetition  (+9 =28 -13, -28 Elo [-93, +36])

snapshots/no-see-quiet vs snapshots/base over 50 games (200000 nodes)
+9 =28 -13, score 46.0%
Elo -28, 95% interval [-93, +36]
verdict: not resolved, the interval spans zero. More games, or drop the change
terminations: threefold_repetition 24, checkmate 22, fifty_moves 2, insufficient_material 2
