game 1/50: white by checkmate  (+1 =0 -0, +2400 Elo [-676, +2400])
game 2/50: draw by fifty_moves  (+1 =1 -0, +191 Elo [-68, +2400])
game 3/50: draw by threefold_repetition  (+1 =2 -0, +120 Elo [-70, +459])
game 4/50: white by checkmate  (+1 =2 -1, -0 Elo [-297, +297])
game 5/50: draw by threefold_repetition  (+1 =3 -1, -0 Elo [-217, +217])
game 6/50: draw by threefold_repetition  (+1 =4 -1, -0 Elo [-174, +174])
game 7/50: white by checkmate  (+2 =4 -1, +50 Elo [-119, +250])
game 8/50: draw by insufficient_material  (+2 =5 -1, +44 Elo [-104, +210])
game 9/50: white by checkmate  (+3 =5 -1, +79 Elo [-66, +259])
game 10/50: draw by threefold_repetition  (+3 =6 -1, +70 Elo [-60, +226])
game 11/50: draw by insufficient_material  (+3 =7 -1, +64 Elo [-55, +201])
game 12/50: white by checkmate  (+3 =7 -2, +29 Elo [-100, +166])
game 13/50: draw by threefold_repetition  (+3 =8 -2, +27 Elo [-92, +152])
game 14/50: white by checkmate  (+3 =8 -3, -0 Elo [-124, +124])
game 15/50: white by checkmate  (+4 =8 -3, +23 Elo [-99, +152])
game 16/50: white by checkmate  (+4 =8 -4, -0 Elo [-126, +126])
game 17/50: draw by fifty_moves  (+4 =9 -4, -0 Elo [-118, +118])
game 18/50: draw by threefold_repetition  (+4 =10 -4, -0 Elo [-111, +111])
game 19/50: white by checkmate  (+5 =10 -4, +18 Elo [-91, +131])
game 20/50: draw by threefold_repetition  (+5 =11 -4, +17 Elo [-86, +124])
game 21/50: white by checkmate  (+6 =11 -4, +33 Elo [-69, +142])
game 22/50: black by checkmate  (+7 =11 -4, +48 Elo [-54, +158])
game 23/50: draw by threefold_repetition  (+7 =12 -4, +46 Elo [-51, +151])
game 24/50: white by checkmate  (+7 =12 -5, +29 Elo [-70, +133])
game 25/50: draw by threefold_repetition  (+7 =13 -5, +28 Elo [-67, +127])
game 26/50: white by checkmate  (+7 =13 -6, +13 Elo [-82, +111])
game 27/50: draw by insufficient_material  (+7 =14 -6, +13 Elo [-79, +107])
game 28/50: draw by fifty_moves  (+7 =15 -6, +12 Elo [-76, +103])
game 29/50: white by checkmate  (+8 =15 -6, +24 Elo [-64, +115])
game 30/50: black by checkmate  (+9 =15 -6, +35 Elo [-53, +127])
game 31/50: draw by threefold_repetition  (+9 =16 -6, +34 Elo [-51, +123])
game 32/50: draw by threefold_repetition  (+9 =17 -6, +33 Elo [-49, +119])
game 33/50: draw by threefold_repetition  (+9 =18 -6, +32 Elo [-48, +115])
game 34/50: draw by threefold_repetition  (+9 =19 -6, +31 Elo [-47, +111])
game 35/50: draw by threefold_repetition  (+9 =20 -6, +30 Elo [-45, +108])
game 36/50: white by checkmate  (+9 =20 -7, +19 Elo [-57, +97])
game 37/50: draw by insufficient_material  (+9 =21 -7, +19 Elo [-55, +94])
game 38/50: draw by insufficient_material  (+9 =22 -7, +18 Elo [-54, +92])
game 39/50: draw by threefold_repetition  (+9 =23 -7, +18 Elo [-52, +89])
game 40/50: draw by insufficient_material  (+9 =24 -7, +17 Elo [-51, +87])
game 41/50: draw by threefold_repetition  (+9 =25 -7, +17 Elo [-50, +85])
game 42/50: black by checkmate  (+10 =25 -7, +25 Elo [-42, +93])
game 43/50: draw by threefold_repetition  (+10 =26 -7, +24 Elo [-41, +91])
game 44/50: draw by threefold_repetition  (+10 =27 -7, +24 Elo [-40, +89])
game 45/50: draw by threefold_repetition  (+10 =28 -7, +23 Elo [-39, +87])
game 46/50: draw by fifty_moves  (+10 =29 -7, +23 Elo [-38, +85])
game 47/50: white by checkmate  (+11 =29 -7, +30 Elo [-31, +93])
game 48/50: white by checkmate  (+11 =29 -8, +22 Elo [-40, +85])
game 49/50: draw by threefold_repetition  (+11 =30 -8, +21 Elo [-39, +83])
game 50/50: draw by threefold_repetition  (+11 =31 -8, +21 Elo [-38, +81])

snapshots/no-see-quiet vs snapshots/base over 50 games (200000 nodes)
+11 =31 -8, score 53.0%
Elo +21, 95% interval [-38, +81]
verdict: not resolved, the interval spans zero. More games, or drop the change
terminations: checkmate 19, fifty_moves 4, threefold_repetition 21, insufficient_material 6
