game 1/50: draw by threefold_repetition  (+0 =1 -0, -0 Elo [-2400, +2400])
game 2/50: draw by threefold_repetition  (+0 =2 -0, -0 Elo [-0, -0])
game 3/50: draw by insufficient_material  (+0 =3 -0, -0 Elo [-0, -0])
game 4/50: draw by insufficient_material  (+0 =4 -0, -0 Elo [-0, -0])
game 5/50: draw by threefold_repetition  (+0 =5 -0, -0 Elo [-0, -0])
game 6/50: draw by threefold_repetition  (+0 =6 -0, -0 Elo [-0, -0])
game 7/50: draw by threefold_repetition  (+0 =7 -0, -0 Elo [-0, -0])
game 8/50: white by checkmate  (+0 =7 -1, -44 Elo [-129, +36])
game 9/50: white by checkmate  (+1 =7 -1, -0 Elo [-111, +111])
game 10/50: white by checkmate  (+1 =7 -2, -35 Elo [-161, +83])
game 11/50: draw by threefold_repetition  (+1 =8 -2, -32 Elo [-145, +75])
game 12/50: white by checkmate  (+1 =8 -3, -58 Elo [-181, +51])
game 13/50: black by checkmate  (+1 =8 -4, -82 Elo [-212, +29])
game 14/50: draw by threefold_repetition  (+1 =9 -4, -76 Elo [-194, +27])
game 15/50: white by checkmate  (+2 =9 -4, -47 Elo [-167, +63])
game 16/50: draw by fifty_moves  (+2 =10 -4, -44 Elo [-155, +59])
game 17/50: black by checkmate  (+2 =10 -5, -62 Elo [-177, +41])
game 18/50: draw by threefold_repetition  (+2 =11 -5, -58 Elo [-166, +39])
game 19/50: black by checkmate  (+2 =11 -6, -74 Elo [-185, +23])
game 20/50: draw by threefold_repetition  (+2 =12 -6, -70 Elo [-174, +22])
game 21/50: white by checkmate  (+3 =12 -6, -50 Elo [-154, +46])
game 22/50: draw by threefold_repetition  (+3 =13 -6, -48 Elo [-146, +44])
game 23/50: white by checkmate  (+4 =13 -6, -30 Elo [-129, +63])
game 24/50: black by checkmate  (+5 =13 -6, -14 Elo [-112, +81])
game 25/50: black by checkmate  (+5 =13 -7, -28 Elo [-127, +67])
game 26/50: white by checkmate  (+5 =13 -8, -40 Elo [-140, +53])
game 27/50: draw by threefold_repetition  (+5 =14 -8, -39 Elo [-135, +52])
game 28/50: draw by threefold_repetition  (+5 =15 -8, -37 Elo [-130, +50])
game 29/50: white by checkmate  (+6 =15 -8, -24 Elo [-115, +64])
game 30/50: white by checkmate  (+6 =15 -9, -35 Elo [-127, +53])
game 31/50: draw by threefold_repetition  (+6 =16 -9, -34 Elo [-123, +51])
game 32/50: draw by threefold_repetition  (+6 =17 -9, -33 Elo [-119, +49])
game 33/50: white by checkmate  (+7 =17 -9, -21 Elo [-107, +62])
game 34/50: white by checkmate  (+7 =17 -10, -31 Elo [-117, +52])
game 35/50: draw by threefold_repetition  (+7 =18 -10, -30 Elo [-113, +50])
game 36/50: black by checkmate  (+8 =18 -10, -19 Elo [-102, +61])
game 37/50: white by checkmate  (+9 =18 -10, -9 Elo [-92, +72])
game 38/50: white by checkmate  (+9 =18 -11, -18 Elo [-101, +62])
game 39/50: draw by insufficient_material  (+9 =19 -11, -18 Elo [-98, +61])
game 40/50: white by checkmate  (+9 =19 -12, -26 Elo [-107, +52])
game 41/50: white by checkmate  (+10 =19 -12, -17 Elo [-97, +61])
game 42/50: black by checkmate  (+11 =19 -12, -8 Elo [-88, +70])
game 43/50: black by checkmate  (+11 =19 -13, -16 Elo [-96, +62])
game 44/50: white by checkmate  (+11 =19 -14, -24 Elo [-104, +54])
game 45/50: black by checkmate  (+11 =19 -15, -31 Elo [-111, +46])
game 46/50: draw by threefold_repetition  (+11 =20 -15, -30 Elo [-109, +45])
game 47/50: draw by threefold_repetition  (+11 =21 -15, -30 Elo [-106, +44])
game 48/50: white by checkmate  (+11 =21 -16, -36 Elo [-113, +37])
game 49/50: white by checkmate  (+12 =21 -16, -28 Elo [-105, +45])
game 50/50: draw by threefold_repetition  (+12 =22 -16, -28 Elo [-102, +44])

snapshots/no-see-quiet vs snapshots/base over 50 games (200000 nodes)
+12 =22 -16, score 46.0%
Elo -28, 95% interval [-102, +44]
verdict: not resolved, the interval spans zero. More games, or drop the change
terminations: threefold_repetition 18, insufficient_material 3, checkmate 28, fifty_moves 1
