game 1/50: draw by threefold_repetition  (+0 =1 -0, -0 Elo [-2400, +2400])
game 2/50: black by checkmate  (+1 =1 -0, +191 Elo [-68, +2400])
game 3/50: draw by insufficient_material  (+1 =2 -0, +120 Elo [-70, +459])
game 4/50: white by checkmate  (+1 =2 -1, -0 Elo [-297, +297])
game 5/50: draw by threefold_repetition  (+1 =3 -1, -0 Elo [-217, +217])
game 6/50: white by checkmate  (+1 =3 -2, -58 Elo [-313, +140])
game 7/50: draw by insufficient_material  (+1 =4 -2, -50 Elo [-250, +119])
game 8/50: draw by insufficient_material  (+1 =5 -2, -44 Elo [-210, +104])
game 9/50: white by checkmate  (+2 =5 -2, -0 Elo [-162, +162])
game 10/50: draw by insufficient_material  (+2 =6 -2, -0 Elo [-144, +144])
game 11/50: draw by threefold_repetition  (+2 =7 -2, -0 Elo [-129, +129])
game 12/50: draw by threefold_repetition  (+2 =8 -2, -0 Elo [-118, +118])
game 13/50: draw by threefold_repetition  (+2 =9 -2, -0 Elo [-108, +108])
game 14/50: white by checkmate  (+2 =9 -3, -25 Elo [-140, +85])
game 15/50: draw by threefold_repetition  (+2 =10 -3, -23 Elo [-130, +79])
game 16/50: draw by threefold_repetition  (+2 =11 -3, -22 Elo [-121, +74])
game 17/50: draw by fifty_moves  (+2 =12 -3, -20 Elo [-113, +70])
game 18/50: draw by threefold_repetition  (+2 =13 -3, -19 Elo [-107, +66])
game 19/50: white by checkmate  (+3 =13 -3, -0 Elo [-90, +90])
game 20/50: draw by threefold_repetition  (+3 =14 -3, -0 Elo [-85, +85])
game 21/50: black by checkmate  (+3 =14 -4, -17 Elo [-105, +70])
game 22/50: draw by threefold_repetition  (+3 =15 -4, -16 Elo [-100, +67])
game 23/50: draw by threefold_repetition  (+3 =16 -4, -15 Elo [-96, +64])
game 24/50: draw by threefold_repetition  (+3 =17 -4, -14 Elo [-91, +61])
game 25/50: draw by threefold_repetition  (+3 =18 -4, -14 Elo [-88, +59])
game 26/50: draw by threefold_repetition  (+3 =19 -4, -13 Elo [-84, +56])
game 27/50: draw by threefold_repetition  (+3 =20 -4, -13 Elo [-81, +54])
game 28/50: draw by threefold_repetition  (+3 =21 -4, -12 Elo [-78, +52])
game 29/50: white by checkmate  (+4 =21 -4, -0 Elo [-67, +67])
game 30/50: draw by threefold_repetition  (+4 =22 -4, -0 Elo [-65, +65])
game 31/50: draw by insufficient_material  (+4 =23 -4, -0 Elo [-63, +63])
game 32/50: draw by threefold_repetition  (+4 =24 -4, -0 Elo [-61, +61])
game 33/50: draw by threefold_repetition  (+4 =25 -4, -0 Elo [-59, +59])
game 34/50: draw by threefold_repetition  (+4 =26 -4, -0 Elo [-57, +57])
game 35/50: white by checkmate  (+5 =26 -4, +10 Elo [-49, +69])
game 36/50: white by checkmate  (+5 =26 -5, -0 Elo [-60, +60])
game 37/50: black by checkmate  (+5 =26 -6, -9 Elo [-71, +52])
game 38/50: draw by threefold_repetition  (+5 =27 -6, -9 Elo [-69, +51])
game 39/50: draw by threefold_repetition  (+5 =28 -6, -9 Elo [-68, +49])
game 40/50: white by checkmate  (+5 =28 -7, -17 Elo [-77, +42])
game 41/50: black by checkmate  (+5 =28 -8, -25 Elo [-87, +34])
game 42/50: draw by threefold_repetition  (+5 =29 -8, -25 Elo [-84, +33])
game 43/50: draw by insufficient_material  (+5 =30 -8, -24 Elo [-82, +32])
game 44/50: draw by threefold_repetition  (+5 =31 -8, -24 Elo [-80, +32])
game 45/50: draw by threefold_repetition  (+5 =32 -8, -23 Elo [-79, +31])
game 46/50: draw by threefold_repetition  (+5 =33 -8, -23 Elo [-77, +30])
game 47/50: white by checkmate  (+6 =33 -8, -15 Elo [-70, +39])
game 48/50: white by checkmate  (+6 =33 -9, -22 Elo [-78, +33])
game 49/50: black by checkmate  (+6 =33 -10, -28 Elo [-85, +27])
game 50/50: draw by fifty_moves  (+6 =34 -10, -28 Elo [-83, +26])

snapshots/no-see-quiet vs snapshots/base over 50 games (200000 nodes)
+6 =34 -10, score 46.0%
Elo -28, 95% interval [-83, +26]
verdict: not resolved, the interval spans zero. More games, or drop the change
terminations: threefold_repetition 26, checkmate 16, insufficient_material 6, fifty_moves 2
