game 1/50: draw by fifty_moves  (+0 =1 -0, -0 Elo [-2400, +2400])
game 2/50: draw by threefold_repetition  (+0 =2 -0, -0 Elo [-0, -0])
game 3/50: draw by insufficient_material  (+0 =3 -0, -0 Elo [-0, -0])
game 4/50: draw by threefold_repetition  (+0 =4 -0, -0 Elo [-0, -0])
game 5/50: draw by stalemate  (+0 =5 -0, -0 Elo [-0, -0])
game 6/50: draw by fifty_moves  (+0 =6 -0, -0 Elo [-0, -0])
game 7/50: draw by insufficient_material  (+0 =7 -0, -0 Elo [-0, -0])
game 8/50: draw by threefold_repetition  (+0 =8 -0, -0 Elo [-0, -0])
game 9/50: white by checkmate  (+1 =8 -0, +39 Elo [-33, +114])
game 10/50: black by checkmate  (+2 =8 -0, +70 Elo [-17, +167])
game 11/50: draw by threefold_repetition  (+2 =9 -0, +64 Elo [-16, +151])
game 12/50: white by checkmate  (+2 =9 -1, +29 Elo [-69, +132])
game 13/50: black by checkmate  (+2 =9 -2, -0 Elo [-108, +108])
game 14/50: draw by threefold_repetition  (+2 =10 -2, -0 Elo [-100, +100])
game 15/50: draw by threefold_repetition  (+2 =11 -2, -0 Elo [-93, +93])
game 16/50: black by checkmate  (+3 =11 -2, +22 Elo [-74, +121])
game 17/50: draw by threefold_repetition  (+3 =12 -2, +20 Elo [-70, +113])
game 18/50: draw by threefold_repetition  (+3 =13 -2, +19 Elo [-66, +107])
game 19/50: white by checkmate  (+4 =13 -2, +37 Elo [-50, +128])
game 20/50: draw by fifty_moves  (+4 =14 -2, +35 Elo [-48, +121])
game 21/50: white by checkmate  (+5 =14 -2, +50 Elo [-34, +140])
game 22/50: white by checkmate  (+5 =14 -3, +32 Elo [-55, +123])
game 23/50: white by checkmate  (+6 =14 -3, +46 Elo [-42, +139])
game 24/50: black by checkmate  (+7 =14 -3, +58 Elo [-29, +154])
game 25/50: draw by threefold_repetition  (+7 =15 -3, +56 Elo [-28, +147])
game 26/50: black by checkmate  (+8 =15 -3, +68 Elo [-16, +160])
game 27/50: draw by threefold_repetition  (+8 =16 -3, +65 Elo [-16, +154])
game 28/50: black by checkmate  (+9 =16 -3, +76 Elo [-5, +166])
game 29/50: draw by insufficient_material  (+9 =17 -3, +73 Elo [-5, +159])
game 30/50: draw by insufficient_material  (+9 =18 -3, +70 Elo [-5, +153])
game 31/50: draw by threefold_repetition  (+9 =19 -3, +68 Elo [-5, +148])
game 32/50: white by checkmate  (+9 =19 -4, +55 Elo [-20, +135])
game 33/50: draw by threefold_repetition  (+9 =20 -4, +53 Elo [-20, +131])
game 34/50: draw by threefold_repetition  (+9 =21 -4, +51 Elo [-19, +127])
game 35/50: black by checkmate  (+9 =21 -5, +40 Elo [-32, +115])
game 36/50: draw by threefold_repetition  (+9 =22 -5, +39 Elo [-31, +112])
game 37/50: white by checkmate  (+10 =22 -5, +47 Elo [-23, +121])
game 38/50: draw by threefold_repetition  (+10 =23 -5, +46 Elo [-22, +118])
game 39/50: draw by threefold_repetition  (+10 =24 -5, +45 Elo [-22, +115])
game 40/50: draw by threefold_repetition  (+10 =25 -5, +44 Elo [-21, +112])
game 41/50: white by checkmate  (+11 =25 -5, +51 Elo [-14, +120])
game 42/50: white by checkmate  (+11 =25 -6, +42 Elo [-24, +111])
game 43/50: black by checkmate  (+11 =25 -7, +32 Elo [-34, +102])
game 44/50: black by checkmate  (+12 =25 -7, +40 Elo [-27, +109])
game 45/50: draw by insufficient_material  (+12 =26 -7, +39 Elo [-26, +107])
game 46/50: draw by threefold_repetition  (+12 =27 -7, +38 Elo [-26, +104])
game 47/50: draw by threefold_repetition  (+12 =28 -7, +37 Elo [-25, +102])
game 48/50: draw by threefold_repetition  (+12 =29 -7, +36 Elo [-25, +100])
game 49/50: draw by insufficient_material  (+12 =30 -7, +36 Elo [-24, +98])
game 50/50: draw by fifty_moves  (+12 =31 -7, +35 Elo [-24, +96])

snapshots/see-quiet-0 vs snapshots/base over 50 games (200000 nodes)
+12 =31 -7, score 55.0%
Elo +35, 95% interval [-24, +96]
verdict: not resolved, the interval spans zero. More games, or drop the change
terminations: fifty_moves 4, threefold_repetition 20, insufficient_material 6, stalemate 1, checkmate 19
