game 1/50: white by checkmate  (+1 =0 -0, +2400 Elo [-676, +2400])
game 2/50: draw by insufficient_material  (+1 =1 -0, +191 Elo [-68, +2400])
game 3/50: white by checkmate  (+2 =1 -0, +280 Elo [+47, +2400])
game 4/50: white by checkmate  (+2 =1 -1, +89 Elo [-221, +2400])
game 5/50: white by checkmate  (+3 =1 -1, +147 Elo [-108, +2400])
game 6/50: black by checkmate  (+4 =1 -1, +191 Elo [-39, +2400])
game 7/50: draw by threefold_repetition  (+4 =2 -1, +159 Elo [-39, +717])
game 8/50: black by checkmate  (+5 =2 -1, +191 Elo [+3, +920])
game 9/50: draw by threefold_repetition  (+5 =3 -1, +166 Elo [-1, +497])
game 10/50: draw by insufficient_material  (+5 =4 -1, +147 Elo [-4, +393])
game 11/50: draw by insufficient_material  (+5 =5 -1, +132 Elo [-6, +333])
game 12/50: draw by threefold_repetition  (+5 =6 -1, +120 Elo [-7, +292])
game 13/50: draw by insufficient_material  (+5 =7 -1, +110 Elo [-7, +262])
game 14/50: white by checkmate  (+5 =7 -2, +76 Elo [-49, +224])
game 15/50: draw by insufficient_material  (+5 =8 -2, +70 Elo [-46, +205])
game 16/50: draw by threefold_repetition  (+5 =9 -2, +66 Elo [-43, +190])
game 17/50: black by checkmate  (+5 =9 -3, +41 Elo [-72, +164])
game 18/50: draw by threefold_repetition  (+5 =10 -3, +39 Elo [-68, +153])
game 19/50: draw by threefold_repetition  (+5 =11 -3, +37 Elo [-64, +144])
game 20/50: draw by threefold_repetition  (+5 =12 -3, +35 Elo [-61, +136])
game 21/50: draw by threefold_repetition  (+5 =13 -3, +33 Elo [-58, +129])
game 22/50: draw by insufficient_material  (+5 =14 -3, +32 Elo [-55, +123])
game 23/50: white by checkmate  (+6 =14 -3, +46 Elo [-42, +139])
game 24/50: white by checkmate  (+6 =14 -4, +29 Elo [-61, +123])
game 25/50: black by checkmate  (+6 =14 -5, +14 Elo [-78, +107])
game 26/50: black by checkmate  (+7 =14 -5, +27 Elo [-64, +122])
game 27/50: draw by insufficient_material  (+7 =15 -5, +26 Elo [-62, +117])
game 28/50: draw by threefold_repetition  (+7 =16 -5, +25 Elo [-60, +112])
game 29/50: draw by threefold_repetition  (+7 =17 -5, +24 Elo [-57, +108])
game 30/50: draw by threefold_repetition  (+7 =18 -5, +23 Elo [-55, +104])
game 31/50: draw by insufficient_material  (+7 =19 -5, +22 Elo [-54, +101])
game 32/50: white by checkmate  (+7 =19 -6, +11 Elo [-67, +89])
game 33/50: draw by threefold_repetition  (+7 =20 -6, +11 Elo [-65, +87])
game 34/50: black by checkmate  (+8 =20 -6, +20 Elo [-55, +98])
game 35/50: draw by threefold_repetition  (+8 =21 -6, +20 Elo [-53, +95])
game 36/50: black by checkmate  (+9 =21 -6, +29 Elo [-44, +105])
game 37/50: black by checkmate  (+9 =21 -7, +19 Elo [-55, +94])
game 38/50: black by checkmate  (+10 =21 -7, +27 Elo [-46, +104])
game 39/50: draw by fifty_moves  (+10 =22 -7, +27 Elo [-45, +101])
game 40/50: white by checkmate  (+10 =22 -8, +17 Elo [-55, +91])
game 41/50: draw by threefold_repetition  (+10 =23 -8, +17 Elo [-54, +89])
game 42/50: draw by threefold_repetition  (+10 =24 -8, +17 Elo [-52, +87])
game 43/50: white by checkmate  (+11 =24 -8, +24 Elo [-45, +95])
game 44/50: black by checkmate  (+12 =24 -8, +32 Elo [-37, +103])
game 45/50: white by checkmate  (+13 =24 -8, +39 Elo [-30, +111])
game 46/50: draw by threefold_repetition  (+13 =25 -8, +38 Elo [-29, +108])
game 47/50: white by checkmate  (+14 =25 -8, +45 Elo [-22, +115])
game 48/50: white by checkmate  (+14 =25 -9, +36 Elo [-31, +107])
game 49/50: draw by threefold_repetition  (+14 =26 -9, +36 Elo [-31, +104])
game 50/50: black by checkmate  (+15 =26 -9, +42 Elo [-24, +111])

snapshots/see-quiet-0 vs snapshots/base over 50 games (200000 nodes)
+15 =26 -9, score 56.0%
Elo +42, 95% interval [-24, +111]
verdict: not resolved, the interval spans zero. More games, or drop the change
terminations: checkmate 24, insufficient_material 8, threefold_repetition 17, fifty_moves 1
