game 1/50: draw by fifty_moves  (+0 =1 -0, -0 Elo [-2400, +2400])
game 2/50: black by checkmate  (+1 =1 -0, +191 Elo [-68, +2400])
game 3/50: draw by threefold_repetition  (+1 =2 -0, +120 Elo [-70, +459])
game 4/50: draw by threefold_repetition  (+1 =3 -0, +89 Elo [-61, +284])
game 5/50: white by checkmate  (+2 =3 -0, +147 Elo [-10, +412])
game 6/50: white by checkmate  (+2 =3 -1, +58 Elo [-140, +313])
game 7/50: draw by threefold_repetition  (+2 =4 -1, +50 Elo [-119, +250])
game 8/50: white by checkmate  (+2 =4 -2, -0 Elo [-186, +186])
game 9/50: black by checkmate  (+2 =4 -3, -39 Elo [-237, +135])
game 10/50: draw by threefold_repetition  (+2 =5 -3, -35 Elo [-207, +121])
game 11/50: black by checkmate  (+2 =5 -4, -64 Elo [-243, +85])
game 12/50: black by checkmate  (+3 =5 -4, -29 Elo [-197, +125])
game 13/50: black by checkmate  (+3 =5 -5, -54 Elo [-226, +94])
game 14/50: draw by threefold_repetition  (+3 =6 -5, -50 Elo [-206, +87])
game 15/50: draw by threefold_repetition  (+3 =7 -5, -47 Elo [-189, +81])
game 16/50: draw by threefold_repetition  (+3 =8 -5, -44 Elo [-175, +76])
game 17/50: white by checkmate  (+4 =8 -5, -20 Elo [-149, +102])
game 18/50: white by checkmate  (+4 =8 -6, -39 Elo [-169, +81])
game 19/50: white by checkmate  (+5 =8 -6, -18 Elo [-145, +103])
game 20/50: draw by threefold_repetition  (+5 =9 -6, -17 Elo [-137, +98])
game 21/50: draw by insufficient_material  (+5 =10 -6, -17 Elo [-130, +93])
game 22/50: draw by threefold_repetition  (+5 =11 -6, -16 Elo [-123, +89])
game 23/50: draw by threefold_repetition  (+5 =12 -6, -15 Elo [-117, +85])
game 24/50: white by checkmate  (+5 =12 -7, -29 Elo [-133, +70])
game 25/50: draw by insufficient_material  (+5 =13 -7, -28 Elo [-127, +67])
game 26/50: white by checkmate  (+5 =13 -8, -40 Elo [-140, +53])
game 27/50: draw by threefold_repetition  (+5 =14 -8, -39 Elo [-135, +52])
game 28/50: black by checkmate  (+6 =14 -8, -25 Elo [-120, +67])
game 29/50: draw by threefold_repetition  (+6 =15 -8, -24 Elo [-115, +64])
game 30/50: draw by fifty_moves  (+6 =16 -8, -23 Elo [-111, +62])
game 31/50: draw by threefold_repetition  (+6 =17 -8, -22 Elo [-108, +60])
game 32/50: draw by threefold_repetition  (+6 =18 -8, -22 Elo [-104, +58])
game 33/50: black by checkmate  (+6 =18 -9, -32 Elo [-115, +48])
game 34/50: black by checkmate  (+7 =18 -9, -20 Elo [-103, +60])
game 35/50: white by checkmate  (+8 =18 -9, -10 Elo [-92, +71])
game 36/50: black by checkmate  (+9 =18 -9, -0 Elo [-82, +82])
game 37/50: white by checkmate  (+10 =18 -9, +9 Elo [-72, +92])
game 38/50: draw by threefold_repetition  (+10 =19 -9, +9 Elo [-70, +89])
game 39/50: white by checkmate  (+11 =19 -9, +18 Elo [-61, +98])
game 40/50: white by checkmate  (+11 =19 -10, +9 Elo [-70, +89])
game 41/50: draw by threefold_repetition  (+11 =20 -10, +8 Elo [-68, +86])
game 42/50: draw by threefold_repetition  (+11 =21 -10, +8 Elo [-67, +84])
game 43/50: white by checkmate  (+12 =21 -10, +16 Elo [-59, +92])
game 44/50: draw by threefold_repetition  (+12 =22 -10, +16 Elo [-57, +90])
game 45/50: black by checkmate  (+12 =22 -11, +8 Elo [-66, +82])
game 46/50: draw by fifty_moves  (+12 =23 -11, +8 Elo [-64, +80])
game 47/50: white by checkmate  (+13 =23 -11, +15 Elo [-57, +87])
game 48/50: draw by threefold_repetition  (+13 =24 -11, +14 Elo [-55, +86])
game 49/50: draw by threefold_repetition  (+13 =25 -11, +14 Elo [-54, +84])
game 50/50: white by checkmate  (+13 =25 -12, +7 Elo [-62, +76])

snapshots/see-quiet-12 vs snapshots/base over 50 games (200000 nodes)
+13 =25 -12, score 51.0%
Elo +7, 95% interval [-62, +76]
verdict: not resolved, the interval spans zero. More games, or drop the change
terminations: fifty_moves 3, checkmate 25, threefold_repetition 20, insufficient_material 2
