game 1/50: draw by threefold_repetition  (+0 =1 -0, -0 Elo [-2400, +2400])
game 2/50: draw by threefold_repetition  (+0 =2 -0, -0 Elo [-0, -0])
game 3/50: black by checkmate  (+0 =2 -1, -120 Elo [-459, +70])
game 4/50: draw by threefold_repetition  (+0 =3 -1, -89 Elo [-284, +61])
game 5/50: draw by threefold_repetition  (+0 =4 -1, -70 Elo [-215, +53])
game 6/50: white by checkmate  (+0 =4 -2, -120 Elo [-309, +15])
game 7/50: draw by fifty_moves  (+0 =5 -2, -102 Elo [-252, +17])
game 8/50: draw by threefold_repetition  (+0 =6 -2, -89 Elo [-215, +17])
game 9/50: black by checkmate  (+0 =6 -3, -120 Elo [-264, -9])
game 10/50: draw by threefold_repetition  (+0 =7 -3, -108 Elo [-232, -6])
game 11/50: draw by threefold_repetition  (+0 =8 -3, -97 Elo [-208, -3])
game 12/50: black by checkmate  (+1 =8 -3, -58 Elo [-181, +51])
game 13/50: draw by threefold_repetition  (+1 =9 -3, -54 Elo [-166, +47])
game 14/50: white by checkmate  (+1 =9 -4, -76 Elo [-194, +27])
game 15/50: draw by fifty_moves  (+1 =10 -4, -70 Elo [-179, +26])
game 16/50: draw by fifty_moves  (+1 =11 -4, -66 Elo [-166, +25])
game 17/50: black by checkmate  (+1 =11 -5, -83 Elo [-188, +8])
game 18/50: black by checkmate  (+2 =11 -5, -58 Elo [-166, +39])
game 19/50: draw by insufficient_material  (+2 =12 -5, -55 Elo [-156, +37])
game 20/50: draw by threefold_repetition  (+2 =13 -5, -53 Elo [-148, +35])
game 21/50: draw by threefold_repetition  (+2 =14 -5, -50 Elo [-140, +34])
game 22/50: black by checkmate  (+3 =14 -5, -32 Elo [-123, +55])
game 23/50: draw by threefold_repetition  (+3 =15 -5, -30 Elo [-117, +53])
game 24/50: white by checkmate  (+3 =15 -6, -44 Elo [-133, +40])
game 25/50: white by checkmate  (+4 =15 -6, -28 Elo [-118, +58])
game 26/50: white by checkmate  (+4 =15 -7, -40 Elo [-132, +46])
game 27/50: draw by threefold_repetition  (+4 =16 -7, -39 Elo [-126, +44])
game 28/50: white by checkmate  (+4 =16 -8, -50 Elo [-139, +33])
game 29/50: black by checkmate  (+4 =16 -9, -61 Elo [-150, +22])
game 30/50: draw by threefold_repetition  (+4 =17 -9, -58 Elo [-145, +21])
game 31/50: draw by threefold_repetition  (+4 =18 -9, -57 Elo [-140, +21])
game 32/50: draw by threefold_repetition  (+4 =19 -9, -55 Elo [-135, +20])
game 33/50: draw by threefold_repetition  (+4 =20 -9, -53 Elo [-131, +20])
game 34/50: draw by insufficient_material  (+4 =21 -9, -51 Elo [-127, +19])
game 35/50: white by checkmate  (+5 =21 -9, -40 Elo [-115, +32])
game 36/50: draw by insufficient_material  (+5 =22 -9, -39 Elo [-112, +31])
game 37/50: white by checkmate  (+6 =22 -9, -28 Elo [-102, +43])
game 38/50: draw by threefold_repetition  (+6 =23 -9, -27 Elo [-99, +42])
game 39/50: white by checkmate  (+7 =23 -9, -18 Elo [-89, +52])
game 40/50: black by checkmate  (+8 =23 -9, -9 Elo [-80, +62])
game 41/50: draw by threefold_repetition  (+8 =24 -9, -8 Elo [-78, +61])
game 42/50: black by checkmate  (+9 =24 -9, -0 Elo [-70, +70])
game 43/50: draw by threefold_repetition  (+9 =25 -9, -0 Elo [-68, +68])
game 44/50: draw by threefold_repetition  (+9 =26 -9, -0 Elo [-66, +66])
game 45/50: black by checkmate  (+9 =26 -10, -8 Elo [-75, +59])
game 46/50: draw by threefold_repetition  (+9 =27 -10, -8 Elo [-73, +57])
game 47/50: draw by insufficient_material  (+9 =28 -10, -7 Elo [-72, +56])
game 48/50: white by checkmate  (+9 =28 -11, -14 Elo [-79, +49])
game 49/50: draw by insufficient_material  (+9 =29 -11, -14 Elo [-77, +48])
game 50/50: black by checkmate  (+10 =29 -11, -7 Elo [-70, +56])

snapshots/see-quiet-0 vs snapshots/base over 50 games (200000 nodes)
+10 =29 -11, score 49.0%
Elo -7, 95% interval [-70, +56]
verdict: not resolved, the interval spans zero. More games, or drop the change
terminations: threefold_repetition 21, checkmate 21, fifty_moves 3, insufficient_material 5
