game 1/50: white by checkmate  (+1 =0 -0, +2400 Elo [-676, +2400])
game 2/50: draw by insufficient_material  (+1 =1 -0, +191 Elo [-68, +2400])
game 3/50: draw by insufficient_material  (+1 =2 -0, +120 Elo [-70, +459])
game 4/50: white by checkmate  (+1 =2 -1, -0 Elo [-297, +297])
game 5/50: white by checkmate  (+2 =2 -1, +70 Elo [-171, +444])
game 6/50: draw by threefold_repetition  (+2 =3 -1, +58 Elo [-140, +313])
game 7/50: draw by threefold_repetition  (+2 =4 -1, +50 Elo [-119, +250])
game 8/50: white by checkmate  (+2 =4 -2, -0 Elo [-186, +186])
game 9/50: white by checkmate  (+3 =4 -2, +39 Elo [-135, +237])
game 10/50: draw by threefold_repetition  (+3 =5 -2, +35 Elo [-121, +207])
game 11/50: draw by threefold_repetition  (+3 =6 -2, +32 Elo [-109, +184])
game 12/50: white by checkmate  (+3 =6 -3, -0 Elo [-147, +147])
game 13/50: draw by threefold_repetition  (+3 =7 -3, -0 Elo [-135, +135])
game 14/50: black by checkmate  (+4 =7 -3, +25 Elo [-106, +164])
game 15/50: draw by threefold_repetition  (+4 =8 -3, +23 Elo [-99, +152])
game 16/50: white by checkmate  (+4 =8 -4, -0 Elo [-126, +126])
game 17/50: white by checkmate  (+5 =8 -4, +20 Elo [-102, +149])
game 18/50: draw by threefold_repetition  (+5 =9 -4, +19 Elo [-96, +139])
game 19/50: draw by threefold_repetition  (+5 =10 -4, +18 Elo [-91, +131])
game 20/50: white by checkmate  (+5 =10 -5, -0 Elo [-111, +111])
game 21/50: draw by threefold_repetition  (+5 =11 -5, -0 Elo [-106, +106])
game 22/50: draw by threefold_repetition  (+5 =12 -5, -0 Elo [-101, +101])
game 23/50: draw by insufficient_material  (+5 =13 -5, -0 Elo [-96, +96])
game 24/50: draw by fifty_moves  (+5 =14 -5, -0 Elo [-92, +92])
game 25/50: black by checkmate  (+5 =14 -6, -14 Elo [-107, +78])
game 26/50: white by checkmate  (+5 =14 -7, -27 Elo [-122, +64])
game 27/50: draw by threefold_repetition  (+5 =15 -7, -26 Elo [-117, +62])
game 28/50: draw by insufficient_material  (+5 =16 -7, -25 Elo [-112, +60])
game 29/50: draw by threefold_repetition  (+5 =17 -7, -24 Elo [-108, +57])
game 30/50: draw by stalemate  (+5 =18 -7, -23 Elo [-104, +55])
game 31/50: draw by threefold_repetition  (+5 =19 -7, -22 Elo [-101, +54])
game 32/50: draw by threefold_repetition  (+5 =20 -7, -22 Elo [-98, +52])
game 33/50: draw by threefold_repetition  (+5 =21 -7, -21 Elo [-94, +50])
game 34/50: draw by threefold_repetition  (+5 =22 -7, -20 Elo [-92, +49])
game 35/50: draw by threefold_repetition  (+5 =23 -7, -20 Elo [-89, +48])
game 36/50: black by checkmate  (+6 =23 -7, -10 Elo [-79, +59])
game 37/50: draw by fifty_moves  (+6 =24 -7, -9 Elo [-77, +57])
game 38/50: draw by insufficient_material  (+6 =25 -7, -9 Elo [-75, +56])
game 39/50: black by checkmate  (+6 =25 -8, -18 Elo [-85, +48])
game 40/50: draw by threefold_repetition  (+6 =26 -8, -17 Elo [-82, +46])
game 41/50: draw by threefold_repetition  (+6 =27 -8, -17 Elo [-80, +45])
game 42/50: white by checkmate  (+6 =27 -9, -25 Elo [-89, +38])
game 43/50: black by checkmate  (+6 =27 -10, -32 Elo [-97, +30])
game 44/50: black by checkmate  (+7 =27 -10, -24 Elo [-89, +40])
game 45/50: draw by threefold_repetition  (+7 =28 -10, -23 Elo [-87, +39])
game 46/50: black by checkmate  (+8 =28 -10, -15 Elo [-79, +48])
game 47/50: black by checkmate  (+8 =28 -11, -22 Elo [-87, +41])
game 48/50: black by checkmate  (+9 =28 -11, -14 Elo [-79, +49])
game 49/50: draw by threefold_repetition  (+9 =29 -11, -14 Elo [-77, +48])
game 50/50: draw by threefold_repetition  (+9 =30 -11, -14 Elo [-76, +47])

snapshots/see-quiet-12 vs snapshots/base over 50 games (200000 nodes)
+9 =30 -11, score 48.0%
Elo -14, 95% interval [-76, +47]
verdict: not resolved, the interval spans zero. More games, or drop the change
terminations: checkmate 20, insufficient_material 5, threefold_repetition 22, fifty_moves 2, stalemate 1
