game 1/50: black by checkmate  (+0 =0 -1, -2400 Elo [-2400, +676])
game 2/50: draw by threefold_repetition  (+0 =1 -1, -191 Elo [-2400, +68])
game 3/50: draw by threefold_repetition  (+0 =2 -1, -120 Elo [-459, +70])
game 4/50: black by checkmate  (+1 =2 -1, -0 Elo [-297, +297])
game 5/50: draw by threefold_repetition  (+1 =3 -1, -0 Elo [-217, +217])
game 6/50: white by checkmate  (+1 =3 -2, -58 Elo [-313, +140])
game 7/50: white by checkmate  (+2 =3 -2, -0 Elo [-220, +220])
game 8/50: draw by threefold_repetition  (+2 =4 -2, -0 Elo [-186, +186])
game 9/50: black by checkmate  (+2 =4 -3, -39 Elo [-237, +135])
game 10/50: black by checkmate  (+3 =4 -3, -0 Elo [-182, +182])
game 11/50: draw by insufficient_material  (+3 =5 -3, -0 Elo [-163, +163])
game 12/50: draw by threefold_repetition  (+3 =6 -3, -0 Elo [-147, +147])
game 13/50: draw by threefold_repetition  (+3 =7 -3, -0 Elo [-135, +135])
game 14/50: white by checkmate  (+3 =7 -4, -25 Elo [-164, +106])
game 15/50: draw by threefold_repetition  (+3 =8 -4, -23 Elo [-152, +99])
game 16/50: black by checkmate  (+4 =8 -4, -0 Elo [-126, +126])
game 17/50: draw by threefold_repetition  (+4 =9 -4, -0 Elo [-118, +118])
game 18/50: draw by threefold_repetition  (+4 =10 -4, -0 Elo [-111, +111])
game 19/50: draw by threefold_repetition  (+4 =11 -4, -0 Elo [-104, +104])
game 20/50: white by checkmate  (+4 =11 -5, -17 Elo [-124, +86])
game 21/50: draw by insufficient_material  (+4 =12 -5, -17 Elo [-118, +82])
game 22/50: draw by threefold_repetition  (+4 =13 -5, -16 Elo [-112, +78])
game 23/50: draw by threefold_repetition  (+4 =14 -5, -15 Elo [-107, +75])
game 24/50: white by checkmate  (+4 =14 -6, -29 Elo [-123, +61])
game 25/50: white by checkmate  (+5 =14 -6, -14 Elo [-107, +78])
game 26/50: draw by threefold_repetition  (+5 =15 -6, -13 Elo [-103, +74])
game 27/50: draw by threefold_repetition  (+5 =16 -6, -13 Elo [-99, +72])
game 28/50: draw by threefold_repetition  (+5 =17 -6, -12 Elo [-95, +69])
game 29/50: white by checkmate  (+6 =17 -6, -0 Elo [-83, +83])
game 30/50: draw by threefold_repetition  (+6 =18 -6, -0 Elo [-80, +80])
game 31/50: white by checkmate  (+7 =18 -6, +11 Elo [-69, +92])
game 32/50: black by checkmate  (+8 =18 -6, +22 Elo [-58, +104])
game 33/50: draw by threefold_repetition  (+8 =19 -6, +21 Elo [-56, +101])
game 34/50: black by checkmate  (+9 =19 -6, +31 Elo [-47, +111])
game 35/50: draw by threefold_repetition  (+9 =20 -6, +30 Elo [-45, +108])
game 36/50: white by checkmate  (+9 =20 -7, +19 Elo [-57, +97])
game 37/50: draw by insufficient_material  (+9 =21 -7, +19 Elo [-55, +94])
game 38/50: black by checkmate  (+10 =21 -7, +27 Elo [-46, +104])
game 39/50: draw by threefold_repetition  (+10 =22 -7, +27 Elo [-45, +101])
game 40/50: white by checkmate  (+10 =22 -8, +17 Elo [-55, +91])
game 41/50: draw by threefold_repetition  (+10 =23 -8, +17 Elo [-54, +89])
game 42/50: draw by threefold_repetition  (+10 =24 -8, +17 Elo [-52, +87])
game 43/50: black by checkmate  (+10 =24 -9, +8 Elo [-62, +78])
game 44/50: draw by threefold_repetition  (+10 =25 -9, +8 Elo [-60, +77])
game 45/50: white by checkmate  (+11 =25 -9, +15 Elo [-52, +85])
game 46/50: draw by threefold_repetition  (+11 =26 -9, +15 Elo [-51, +83])
game 47/50: black by checkmate  (+11 =26 -10, +7 Elo [-60, +75])
game 48/50: white by checkmate  (+11 =26 -11, -0 Elo [-67, +67])
game 49/50: white by checkmate  (+12 =26 -11, +7 Elo [-60, +75])
game 50/50: draw by threefold_repetition  (+12 =27 -11, +7 Elo [-59, +73])

snapshots/see-quiet-0 vs snapshots/base over 50 games (200000 nodes)
+12 =27 -11, score 51.0%
Elo +7, 95% interval [-59, +73]
verdict: not resolved, the interval spans zero. More games, or drop the change
terminations: checkmate 23, threefold_repetition 24, insufficient_material 3
