game 1/50: draw by threefold_repetition  (+0 =1 -0, -0 Elo [-2400, +2400])
game 2/50: draw by threefold_repetition  (+0 =2 -0, -0 Elo [-0, -0])
game 3/50: draw by threefold_repetition  (+0 =3 -0, -0 Elo [-0, -0])
game 4/50: draw by threefold_repetition  (+0 =4 -0, -0 Elo [-0, -0])
game 5/50: black by checkmate  (+0 =4 -1, -70 Elo [-215, +53])
game 6/50: draw by threefold_repetition  (+0 =5 -1, -58 Elo [-175, +46])
game 7/50: draw by insufficient_material  (+0 =6 -1, -50 Elo [-148, +41])
game 8/50: draw by threefold_repetition  (+0 =7 -1, -44 Elo [-129, +36])
game 9/50: draw by threefold_repetition  (+0 =8 -1, -39 Elo [-114, +33])
game 10/50: white by checkmate  (+0 =8 -2, -70 Elo [-167, +17])
game 11/50: white by checkmate  (+1 =8 -2, -32 Elo [-145, +75])
game 12/50: draw by insufficient_material  (+1 =9 -2, -29 Elo [-132, +69])
game 13/50: black by checkmate  (+1 =9 -3, -54 Elo [-166, +47])
game 14/50: draw by threefold_repetition  (+1 =10 -3, -50 Elo [-152, +44])
game 15/50: black by checkmate  (+1 =10 -4, -70 Elo [-179, +26])
game 16/50: draw by threefold_repetition  (+1 =11 -4, -66 Elo [-166, +25])
game 17/50: white by checkmate  (+2 =11 -4, -41 Elo [-145, +56])
game 18/50: draw by insufficient_material  (+2 =12 -4, -39 Elo [-136, +53])
game 19/50: draw by insufficient_material  (+2 =13 -4, -37 Elo [-128, +50])
game 20/50: white by checkmate  (+2 =13 -5, -53 Elo [-148, +35])
game 21/50: black by checkmate  (+2 =13 -6, -67 Elo [-165, +21])
game 22/50: white by checkmate  (+2 =13 -7, -80 Elo [-180, +8])
game 23/50: draw by threefold_repetition  (+2 =14 -7, -77 Elo [-172, +8])
game 24/50: draw by threefold_repetition  (+2 =15 -7, -73 Elo [-164, +8])
game 25/50: draw by threefold_repetition  (+2 =16 -7, -70 Elo [-156, +8])
game 26/50: white by checkmate  (+2 =16 -8, -82 Elo [-169, -3])
game 27/50: black by checkmate  (+2 =16 -9, -92 Elo [-181, -14])
game 28/50: white by checkmate  (+2 =16 -10, -102 Elo [-193, -24])
game 29/50: white by checkmate  (+3 =16 -10, -86 Elo [-177, -5])
game 30/50: black by checkmate  (+4 =16 -10, -70 Elo [-161, +12])
game 31/50: draw by insufficient_material  (+4 =17 -10, -68 Elo [-156, +11])
game 32/50: draw by insufficient_material  (+4 =18 -10, -66 Elo [-150, +11])
game 33/50: white by checkmate  (+5 =18 -10, -53 Elo [-137, +25])
game 34/50: draw by threefold_repetition  (+5 =19 -10, -51 Elo [-133, +25])
game 35/50: white by checkmate  (+6 =19 -10, -40 Elo [-121, +37])
game 36/50: white by checkmate  (+6 =19 -11, -49 Elo [-130, +28])
game 37/50: draw by threefold_repetition  (+6 =20 -11, -47 Elo [-127, +27])
game 38/50: white by checkmate  (+6 =20 -12, -55 Elo [-135, +19])
game 39/50: draw by insufficient_material  (+6 =21 -12, -54 Elo [-132, +19])
game 40/50: black by checkmate  (+7 =21 -12, -44 Elo [-121, +30])
game 41/50: white by checkmate  (+8 =21 -12, -34 Elo [-111, +40])
game 42/50: white by checkmate  (+8 =21 -13, -42 Elo [-119, +32])
game 43/50: white by checkmate  (+9 =21 -13, -32 Elo [-109, +42])
game 44/50: white by checkmate  (+9 =21 -14, -40 Elo [-117, +34])
game 45/50: white by checkmate  (+10 =21 -14, -31 Elo [-108, +43])
game 46/50: draw by threefold_repetition  (+10 =22 -14, -30 Elo [-105, +42])
game 47/50: draw by threefold_repetition  (+10 =23 -14, -30 Elo [-103, +41])
game 48/50: draw by threefold_repetition  (+10 =24 -14, -29 Elo [-101, +40])
game 49/50: white by checkmate  (+11 =24 -14, -21 Elo [-93, +48])
game 50/50: white by checkmate  (+11 =24 -15, -28 Elo [-99, +41])

snapshots/see-quiet-12 vs snapshots/base over 50 games (200000 nodes)
+11 =24 -15, score 46.0%
Elo -28, 95% interval [-99, +41]
verdict: not resolved, the interval spans zero. More games, or drop the change
terminations: threefold_repetition 17, checkmate 26, insufficient_material 7
