game 1/50: draw by threefold_repetition  (+0 =1 -0, -0 Elo [-2400, +2400])
game 2/50: draw by insufficient_material  (+0 =2 -0, -0 Elo [-0, -0])
game 3/50: draw by threefold_repetition  (+0 =3 -0, -0 Elo [-0, -0])
game 4/50: draw by insufficient_material  (+0 =4 -0, -0 Elo [-0, -0])
game 5/50: draw by threefold_repetition  (+0 =5 -0, -0 Elo [-0, -0])
game 6/50: draw by threefold_repetition  (+0 =6 -0, -0 Elo [-0, -0])
game 7/50: draw by threefold_repetition  (+0 =7 -0, -0 Elo [-0, -0])
game 8/50: draw by stalemate  (+0 =8 -0, -0 Elo [-0, -0])
game 9/50: white by checkmate  (+1 =8 -0, +39 Elo [-33, +114])
game 10/50: black by checkmate  (+2 =8 -0, +70 Elo [-17, +167])
game 11/50: draw by threefold_repetition  (+2 =9 -0, +64 Elo [-16, +151])
game 12/50: draw by threefold_repetition  (+2 =10 -0, +58 Elo [-15, +138])
game 13/50: white by checkmate  (+3 =10 -0, +82 Elo [+1, +173])
game 14/50: draw by threefold_repetition  (+3 =11 -0, +76 Elo [-0, +159])
game 15/50: black by checkmate  (+3 =11 -1, +47 Elo [-42, +141])
game 16/50: white by checkmate  (+3 =11 -2, +22 Elo [-74, +121])
game 17/50: draw by insufficient_material  (+3 =12 -2, +20 Elo [-70, +113])
game 18/50: draw by fifty_moves  (+3 =13 -2, +19 Elo [-66, +107])
game 19/50: black by checkmate  (+3 =13 -3, -0 Elo [-90, +90])
game 20/50: white by checkmate  (+3 =13 -4, -17 Elo [-111, +73])
game 21/50: black by checkmate  (+3 =13 -5, -33 Elo [-129, +58])
game 22/50: black by checkmate  (+4 =13 -5, -16 Elo [-112, +78])
game 23/50: draw by insufficient_material  (+4 =14 -5, -15 Elo [-107, +75])
game 24/50: white by checkmate  (+4 =14 -6, -29 Elo [-123, +61])
game 25/50: white by checkmate  (+5 =14 -6, -14 Elo [-107, +78])
game 26/50: white by checkmate  (+5 =14 -7, -27 Elo [-122, +64])
game 27/50: draw by threefold_repetition  (+5 =15 -7, -26 Elo [-117, +62])
game 28/50: white by checkmate  (+5 =15 -8, -37 Elo [-130, +50])
game 29/50: white by checkmate  (+6 =15 -8, -24 Elo [-115, +64])
game 30/50: black by checkmate  (+7 =15 -8, -12 Elo [-102, +77])
game 31/50: draw by threefold_repetition  (+7 =16 -8, -11 Elo [-99, +75])
game 32/50: white by checkmate  (+7 =16 -9, -22 Elo [-110, +64])
game 33/50: draw by insufficient_material  (+7 =17 -9, -21 Elo [-107, +62])
game 34/50: white by checkmate  (+7 =17 -10, -31 Elo [-117, +52])
game 35/50: white by checkmate  (+8 =17 -10, -20 Elo [-105, +63])
game 36/50: draw by threefold_repetition  (+8 =18 -10, -19 Elo [-102, +61])
game 37/50: white by checkmate  (+9 =18 -10, -9 Elo [-92, +72])
game 38/50: draw by threefold_repetition  (+9 =19 -10, -9 Elo [-89, +70])
game 39/50: draw by threefold_repetition  (+9 =20 -10, -9 Elo [-87, +68])
game 40/50: white by checkmate  (+9 =20 -11, -17 Elo [-96, +59])
game 41/50: white by checkmate  (+10 =20 -11, -8 Elo [-86, +68])
game 42/50: draw by threefold_repetition  (+10 =21 -11, -8 Elo [-84, +67])
game 43/50: draw by insufficient_material  (+10 =22 -11, -8 Elo [-82, +65])
game 44/50: draw by threefold_repetition  (+10 =23 -11, -8 Elo [-80, +64])
game 45/50: draw by threefold_repetition  (+10 =24 -11, -8 Elo [-78, +62])
game 46/50: draw by insufficient_material  (+10 =25 -11, -8 Elo [-77, +61])
game 47/50: draw by threefold_repetition  (+10 =26 -11, -7 Elo [-75, +60])
game 48/50: draw by insufficient_material  (+10 =27 -11, -7 Elo [-73, +58])
game 49/50: draw by threefold_repetition  (+10 =28 -11, -7 Elo [-72, +57])
game 50/50: draw by threefold_repetition  (+10 =29 -11, -7 Elo [-70, +56])

snapshots/see-quiet-12 vs snapshots/base over 50 games (200000 nodes)
+10 =29 -11, score 49.0%
Elo -7, 95% interval [-70, +56]
verdict: not resolved, the interval spans zero. More games, or drop the change
terminations: threefold_repetition 19, insufficient_material 8, stalemate 1, checkmate 21, fifty_moves 1
