game 1/50: black by checkmate  (+0 =0 -1, -2400 Elo [-2400, +676])
game 2/50: black by checkmate  (+1 =0 -1, -0 Elo [-2400, +2400])
game 3/50: black by checkmate  (+1 =0 -2, -120 Elo [-2400, +325])
game 4/50: white by checkmate  (+1 =0 -3, -191 Elo [-2400, +126])
game 5/50: draw by threefold_repetition  (+1 =1 -3, -147 Elo [-2400, +108])
game 6/50: white by checkmate  (+1 =1 -4, -191 Elo [-2400, +39])
game 7/50: draw by insufficient_material  (+1 =2 -4, -159 Elo [-717, +39])
game 8/50: white by checkmate  (+1 =2 -5, -191 Elo [-920, -3])
game 9/50: draw by fifty_moves  (+1 =3 -5, -166 Elo [-497, +1])
game 10/50: white by checkmate  (+1 =3 -6, -191 Elo [-543, -29])
game 11/50: draw by threefold_repetition  (+1 =4 -6, -170 Elo [-427, -23])
game 12/50: draw by threefold_repetition  (+1 =5 -6, -154 Elo [-362, -19])
game 13/50: draw by threefold_repetition  (+1 =6 -6, -141 Elo [-318, -16])
game 14/50: draw by threefold_repetition  (+1 =7 -6, -130 Elo [-286, -13])
game 15/50: draw by threefold_repetition  (+1 =8 -6, -120 Elo [-261, -11])
game 16/50: white by checkmate  (+1 =8 -7, -137 Elo [-281, -28])
game 17/50: draw by threefold_repetition  (+1 =9 -7, -128 Elo [-259, -26])
game 18/50: black by checkmate  (+2 =9 -7, -99 Elo [-229, +8])
game 19/50: white by checkmate  (+3 =9 -7, -74 Elo [-202, +35])
game 20/50: draw by threefold_repetition  (+3 =10 -7, -70 Elo [-190, +34])
game 21/50: white by checkmate  (+4 =10 -7, -50 Elo [-167, +56])
game 22/50: draw by threefold_repetition  (+4 =11 -7, -48 Elo [-158, +54])
game 23/50: draw by threefold_repetition  (+4 =12 -7, -46 Elo [-151, +51])
game 24/50: draw by threefold_repetition  (+4 =13 -7, -44 Elo [-144, +49])
game 25/50: black by checkmate  (+4 =13 -8, -56 Elo [-157, +36])
game 26/50: white by checkmate  (+4 =13 -9, -68 Elo [-170, +24])
game 27/50: draw by threefold_repetition  (+4 =14 -9, -65 Elo [-163, +23])
game 28/50: white by checkmate  (+4 =14 -10, -76 Elo [-174, +12])
game 29/50: white by checkmate  (+5 =14 -10, -61 Elo [-158, +28])
game 30/50: draw by insufficient_material  (+5 =15 -10, -58 Elo [-152, +28])
game 31/50: draw by threefold_repetition  (+5 =16 -10, -57 Elo [-147, +27])
game 32/50: draw by threefold_repetition  (+5 =17 -10, -55 Elo [-142, +26])
game 33/50: draw by fifty_moves  (+5 =18 -10, -53 Elo [-137, +25])
game 34/50: draw by threefold_repetition  (+5 =19 -10, -51 Elo [-133, +25])
game 35/50: draw by fifty_moves  (+5 =20 -10, -50 Elo [-129, +24])
game 36/50: white by checkmate  (+5 =20 -11, -58 Elo [-138, +15])
game 37/50: black by checkmate  (+5 =20 -12, -67 Elo [-147, +7])
game 38/50: draw by fifty_moves  (+5 =21 -12, -65 Elo [-143, +7])
game 39/50: draw by threefold_repetition  (+5 =22 -12, -63 Elo [-139, +7])
game 40/50: white by checkmate  (+5 =22 -13, -70 Elo [-147, -1])
game 41/50: black by checkmate  (+5 =22 -14, -78 Elo [-154, -8])
game 42/50: white by checkmate  (+5 =22 -15, -84 Elo [-161, -15])
game 43/50: draw by threefold_repetition  (+5 =23 -15, -82 Elo [-157, -14])
game 44/50: draw by threefold_repetition  (+5 =24 -15, -80 Elo [-153, -14])
game 45/50: black by checkmate  (+5 =24 -16, -87 Elo [-160, -20])
game 46/50: black by checkmate  (+6 =24 -16, -77 Elo [-150, -10])
game 47/50: draw by threefold_repetition  (+6 =25 -16, -75 Elo [-147, -9])
game 48/50: black by checkmate  (+7 =25 -16, -66 Elo [-137, +0])
game 49/50: draw by fifty_moves  (+7 =26 -16, -65 Elo [-134, +0])
game 50/50: black by checkmate  (+8 =26 -16, -56 Elo [-126, +9])

snapshots/halfka-v3-e18 vs snapshots/net768 over 50 games (200000 nodes)
+8 =26 -16, score 42.0%
Elo -56, 95% interval [-126, +9]
verdict: not resolved, the interval spans zero. More games, or drop the change
terminations: checkmate 24, threefold_repetition 19, insufficient_material 2, fifty_moves 5
