game 1/50: draw by threefold_repetition  (+0 =1 -0, -0 Elo [-2400, +2400])
game 2/50: draw by threefold_repetition  (+0 =2 -0, -0 Elo [-0, -0])
game 3/50: white by checkmate  (+1 =2 -0, +120 Elo [-70, +459])
game 4/50: white by checkmate  (+1 =2 -1, -0 Elo [-297, +297])
game 5/50: draw by threefold_repetition  (+1 =3 -1, -0 Elo [-217, +217])
game 6/50: draw by threefold_repetition  (+1 =4 -1, -0 Elo [-174, +174])
game 7/50: draw by threefold_repetition  (+1 =5 -1, -0 Elo [-146, +146])
game 8/50: white by checkmate  (+1 =5 -2, -44 Elo [-210, +104])
game 9/50: black by checkmate  (+1 =5 -3, -79 Elo [-259, +66])
game 10/50: black by checkmate  (+2 =5 -3, -35 Elo [-207, +121])
game 11/50: black by checkmate  (+2 =5 -4, -64 Elo [-243, +85])
game 12/50: draw by threefold_repetition  (+2 =6 -4, -58 Elo [-218, +78])
game 13/50: black by checkmate  (+2 =6 -5, -82 Elo [-246, +52])
game 14/50: draw by threefold_repetition  (+2 =7 -5, -76 Elo [-224, +49])
game 15/50: black by checkmate  (+2 =7 -6, -95 Elo [-247, +27])
game 16/50: draw by threefold_repetition  (+2 =8 -6, -89 Elo [-227, +26])
game 17/50: draw by threefold_repetition  (+2 =9 -6, -83 Elo [-211, +25])
game 18/50: black by checkmate  (+3 =9 -6, -58 Elo [-184, +53])
game 19/50: white by checkmate  (+4 =9 -6, -37 Elo [-159, +77])
game 20/50: white by checkmate  (+4 =9 -7, -53 Elo [-176, +59])
game 21/50: draw by insufficient_material  (+4 =10 -7, -50 Elo [-167, +56])
game 22/50: white by checkmate  (+4 =10 -8, -64 Elo [-182, +41])
game 23/50: draw by threefold_repetition  (+4 =11 -8, -61 Elo [-173, +39])
game 24/50: white by checkmate  (+4 =11 -9, -73 Elo [-187, +26])
game 25/50: draw by insufficient_material  (+4 =12 -9, -70 Elo [-178, +25])
game 26/50: white by checkmate  (+4 =12 -10, -82 Elo [-190, +13])
game 27/50: white by checkmate  (+5 =12 -10, -65 Elo [-172, +30])
game 28/50: white by checkmate  (+5 =12 -11, -76 Elo [-183, +19])
game 29/50: draw by threefold_repetition  (+5 =13 -11, -73 Elo [-176, +18])
game 30/50: white by checkmate  (+5 =13 -12, -83 Elo [-186, +8])
game 31/50: draw by threefold_repetition  (+5 =14 -12, -80 Elo [-179, +8])
game 32/50: draw by insufficient_material  (+5 =15 -12, -77 Elo [-173, +8])
game 33/50: draw by threefold_repetition  (+5 =16 -12, -75 Elo [-167, +8])
game 34/50: draw by fifty_moves  (+5 =17 -12, -73 Elo [-161, +7])
game 35/50: draw by insufficient_material  (+5 =18 -12, -70 Elo [-156, +7])
game 36/50: draw by threefold_repetition  (+5 =19 -12, -68 Elo [-151, +7])
game 37/50: draw by threefold_repetition  (+5 =20 -12, -67 Elo [-147, +7])
game 38/50: draw by threefold_repetition  (+5 =21 -12, -65 Elo [-143, +7])
game 39/50: draw by threefold_repetition  (+5 =22 -12, -63 Elo [-139, +7])
game 40/50: draw by fifty_moves  (+5 =23 -12, -61 Elo [-135, +7])
game 41/50: draw by threefold_repetition  (+5 =24 -12, -60 Elo [-131, +7])
game 42/50: black by checkmate  (+6 =24 -12, -50 Elo [-121, +18])
game 43/50: draw by insufficient_material  (+6 =25 -12, -49 Elo [-118, +17])
game 44/50: black by checkmate  (+7 =25 -12, -40 Elo [-109, +27])
game 45/50: draw by threefold_repetition  (+7 =26 -12, -39 Elo [-107, +26])
game 46/50: draw by threefold_repetition  (+7 =27 -12, -38 Elo [-104, +26])
game 47/50: draw by threefold_repetition  (+7 =28 -12, -37 Elo [-102, +25])
game 48/50: draw by threefold_repetition  (+7 =29 -12, -36 Elo [-100, +25])
game 49/50: draw by fifty_moves  (+7 =30 -12, -36 Elo [-98, +24])
game 50/50: draw by threefold_repetition  (+7 =31 -12, -35 Elo [-96, +24])

snapshots/halfka-v3-e18 vs snapshots/net768 over 50 games (200000 nodes)
+7 =31 -12, score 45.0%
Elo -35, 95% interval [-96, +24]
verdict: not resolved, the interval spans zero. More games, or drop the change
terminations: threefold_repetition 23, checkmate 19, insufficient_material 5, fifty_moves 3
