game 1/50: draw by threefold_repetition  (+0 =1 -0, -0 Elo [-2400, +2400])
game 2/50: white by checkmate  (+0 =1 -1, -191 Elo [-2400, +68])
game 3/50: white by checkmate  (+1 =1 -1, -0 Elo [-561, +561])
game 4/50: draw by threefold_repetition  (+1 =2 -1, -0 Elo [-297, +297])
game 5/50: white by checkmate  (+2 =2 -1, +70 Elo [-171, +444])
game 6/50: white by checkmate  (+2 =2 -2, -0 Elo [-271, +271])
game 7/50: draw by threefold_repetition  (+2 =3 -2, -0 Elo [-220, +220])
game 8/50: white by checkmate  (+2 =3 -3, -44 Elo [-279, +154])
game 9/50: draw by threefold_repetition  (+2 =4 -3, -39 Elo [-237, +135])
game 10/50: white by checkmate  (+2 =4 -4, -70 Elo [-278, +94])
game 11/50: draw by threefold_repetition  (+2 =5 -4, -64 Elo [-243, +85])
game 12/50: white by checkmate  (+2 =5 -5, -89 Elo [-274, +55])
game 13/50: white by checkmate  (+3 =5 -5, -54 Elo [-226, +94])
game 14/50: black by checkmate  (+4 =5 -5, -25 Elo [-186, +126])
game 15/50: white by checkmate  (+5 =5 -5, -0 Elo [-153, +153])
game 16/50: draw by threefold_repetition  (+5 =6 -5, -0 Elo [-142, +142])
game 17/50: white by checkmate  (+6 =6 -5, +20 Elo [-116, +164])
game 18/50: white by checkmate  (+6 =6 -6, -0 Elo [-138, +138])
game 19/50: black by checkmate  (+6 =6 -7, -18 Elo [-157, +115])
game 20/50: draw by threefold_repetition  (+6 =7 -7, -17 Elo [-148, +109])
game 21/50: draw by threefold_repetition  (+6 =8 -7, -17 Elo [-140, +103])
game 22/50: black by checkmate  (+7 =8 -7, -0 Elo [-120, +120])
game 23/50: draw by threefold_repetition  (+7 =9 -7, -0 Elo [-115, +115])
game 24/50: black by checkmate  (+8 =9 -7, +14 Elo [-98, +130])
game 25/50: white by checkmate  (+9 =9 -7, +28 Elo [-82, +144])
game 26/50: black by checkmate  (+10 =9 -7, +40 Elo [-68, +157])
game 27/50: draw by threefold_repetition  (+10 =10 -7, +39 Elo [-65, +150])
game 28/50: draw by threefold_repetition  (+10 =11 -7, +37 Elo [-63, +144])
game 29/50: draw by threefold_repetition  (+10 =12 -7, +36 Elo [-61, +139])
game 30/50: white by checkmate  (+10 =12 -8, +23 Elo [-74, +124])
game 31/50: draw by fifty_moves  (+10 =13 -8, +22 Elo [-71, +120])
game 32/50: white by checkmate  (+10 =13 -9, +11 Elo [-83, +107])
game 33/50: black by checkmate  (+10 =13 -10, -0 Elo [-95, +95])
game 34/50: white by checkmate  (+10 =13 -11, -10 Elo [-105, +83])
game 35/50: black by checkmate  (+10 =13 -12, -20 Elo [-115, +72])
game 36/50: draw by threefold_repetition  (+10 =14 -12, -19 Elo [-111, +70])
game 37/50: draw by threefold_repetition  (+10 =15 -12, -19 Elo [-108, +68])
game 38/50: black by checkmate  (+11 =15 -12, -9 Elo [-98, +78])
game 39/50: draw by threefold_repetition  (+11 =16 -12, -9 Elo [-95, +76])
game 40/50: white by checkmate  (+11 =16 -13, -17 Elo [-104, +67])
game 41/50: black by checkmate  (+11 =16 -14, -25 Elo [-112, +58])
game 42/50: black by checkmate  (+12 =16 -14, -17 Elo [-102, +67])
game 43/50: white by checkmate  (+13 =16 -14, -8 Elo [-92, +75])
game 44/50: black by checkmate  (+14 =16 -14, -0 Elo [-83, +83])
game 45/50: black by checkmate  (+14 =16 -15, -8 Elo [-91, +75])
game 46/50: white by checkmate  (+14 =16 -16, -15 Elo [-99, +67])
game 47/50: black by checkmate  (+14 =16 -17, -22 Elo [-106, +59])
game 48/50: black by checkmate  (+15 =16 -17, -14 Elo [-97, +66])
game 49/50: black by checkmate  (+15 =16 -18, -21 Elo [-104, +59])
game 50/50: draw by insufficient_material  (+15 =17 -18, -21 Elo [-102, +58])

snapshots/halfka-v3-e18 vs snapshots/net768 over 50 games (200000 nodes)
+15 =17 -18, score 47.0%
Elo -21, 95% interval [-102, +58]
verdict: not resolved, the interval spans zero. More games, or drop the change
terminations: threefold_repetition 15, checkmate 33, fifty_moves 1, insufficient_material 1
