game 1/50: draw by threefold_repetition  (+0 =1 -0, -0 Elo [-2400, +2400])
game 2/50: white by checkmate  (+0 =1 -1, -191 Elo [-2400, +68])
game 3/50: draw by fifty_moves  (+0 =2 -1, -120 Elo [-459, +70])
game 4/50: white by checkmate  (+0 =2 -2, -191 Elo [-920, -3])
game 5/50: draw by threefold_repetition  (+0 =3 -2, -147 Elo [-412, +10])
game 6/50: draw by threefold_repetition  (+0 =4 -2, -120 Elo [-309, +15])
game 7/50: draw by threefold_repetition  (+0 =5 -2, -102 Elo [-252, +17])
game 8/50: draw by fifty_moves  (+0 =6 -2, -89 Elo [-215, +17])
game 9/50: white by checkmate  (+1 =6 -2, -39 Elo [-182, +92])
game 10/50: black by checkmate  (+2 =6 -2, -0 Elo [-144, +144])
game 11/50: white by checkmate  (+3 =6 -2, +32 Elo [-109, +184])
game 12/50: white by checkmate  (+3 =6 -3, -0 Elo [-147, +147])
game 13/50: draw by insufficient_material  (+3 =7 -3, -0 Elo [-135, +135])
game 14/50: draw by threefold_repetition  (+3 =8 -3, -0 Elo [-124, +124])
game 15/50: draw by threefold_repetition  (+3 =9 -3, -0 Elo [-115, +115])
game 16/50: draw by threefold_repetition  (+3 =10 -3, -0 Elo [-108, +108])
game 17/50: black by checkmate  (+3 =10 -4, -20 Elo [-132, +87])
game 18/50: white by checkmate  (+3 =10 -5, -39 Elo [-153, +68])
game 19/50: draw by threefold_repetition  (+3 =11 -5, -37 Elo [-144, +64])
game 20/50: draw by threefold_repetition  (+3 =12 -5, -35 Elo [-136, +61])
game 21/50: draw by threefold_repetition  (+3 =13 -5, -33 Elo [-129, +58])
game 22/50: white by checkmate  (+3 =13 -6, -48 Elo [-146, +44])
game 23/50: draw by threefold_repetition  (+3 =14 -6, -46 Elo [-139, +42])
game 24/50: white by checkmate  (+3 =14 -7, -58 Elo [-154, +29])
game 25/50: draw by insufficient_material  (+3 =15 -7, -56 Elo [-147, +28])
game 26/50: white by checkmate  (+3 =15 -8, -68 Elo [-160, +16])
game 27/50: draw by threefold_repetition  (+3 =16 -8, -65 Elo [-154, +16])
game 28/50: white by checkmate  (+3 =16 -9, -76 Elo [-166, +5])
game 29/50: black by checkmate  (+3 =16 -10, -86 Elo [-177, -5])
game 30/50: draw by threefold_repetition  (+3 =17 -10, -83 Elo [-170, -5])
game 31/50: draw by insufficient_material  (+3 =18 -10, -80 Elo [-164, -4])
game 32/50: white by checkmate  (+3 =18 -11, -89 Elo [-174, -13])
game 33/50: draw by threefold_repetition  (+3 =19 -11, -86 Elo [-168, -13])
game 34/50: black by checkmate  (+4 =19 -11, -73 Elo [-155, +2])
game 35/50: black by checkmate  (+4 =19 -12, -81 Elo [-164, -6])
game 36/50: white by checkmate  (+4 =19 -13, -89 Elo [-172, -14])
game 37/50: black by checkmate  (+4 =19 -14, -96 Elo [-181, -22])
game 38/50: draw by fifty_moves  (+4 =20 -14, -94 Elo [-175, -21])
game 39/50: white by checkmate  (+5 =20 -14, -82 Elo [-163, -8])
game 40/50: white by checkmate  (+5 =20 -15, -89 Elo [-171, -16])
game 41/50: black by checkmate  (+5 =20 -16, -96 Elo [-178, -23])
game 42/50: white by checkmate  (+5 =20 -17, -102 Elo [-185, -29])
game 43/50: white by checkmate  (+6 =20 -17, -91 Elo [-173, -18])
game 44/50: white by checkmate  (+6 =20 -18, -97 Elo [-180, -24])
game 45/50: draw by threefold_repetition  (+6 =21 -18, -95 Elo [-175, -24])
game 46/50: white by checkmate  (+6 =21 -19, -101 Elo [-181, -30])
game 47/50: draw by threefold_repetition  (+6 =22 -19, -99 Elo [-177, -29])
game 48/50: white by checkmate  (+6 =22 -20, -104 Elo [-183, -35])
game 49/50: draw by threefold_repetition  (+6 =23 -20, -102 Elo [-179, -34])
game 50/50: black by checkmate  (+7 =23 -20, -92 Elo [-169, -24])

snapshots/halfka-v3-e18 vs snapshots/net768 over 50 games (200000 nodes)
+7 =23 -20, score 37.0%
Elo -92, 95% interval [-169, -24]
verdict: a real loss, revert
terminations: threefold_repetition 17, checkmate 27, fifty_moves 3, insufficient_material 3
