game 1/50: draw by fifty_moves  (+0 =1 -0, -0 Elo [-2400, +2400])
game 2/50: white by checkmate  (+0 =1 -1, -191 Elo [-2400, +68])
game 3/50: black by checkmate  (+0 =1 -2, -280 Elo [-2400, -47])
game 4/50: draw by threefold_repetition  (+0 =2 -2, -191 Elo [-920, -3])
game 5/50: white by checkmate  (+1 =2 -2, -70 Elo [-444, +171])
game 6/50: black by checkmate  (+2 =2 -2, -0 Elo [-271, +271])
game 7/50: draw by threefold_repetition  (+2 =3 -2, -0 Elo [-220, +220])
game 8/50: draw by threefold_repetition  (+2 =4 -2, -0 Elo [-186, +186])
game 9/50: black by checkmate  (+2 =4 -3, -39 Elo [-237, +135])
game 10/50: white by checkmate  (+2 =4 -4, -70 Elo [-278, +94])
game 11/50: black by checkmate  (+2 =4 -5, -97 Elo [-312, +60])
game 12/50: black by checkmate  (+3 =4 -5, -58 Elo [-251, +102])
game 13/50: draw by insufficient_material  (+3 =5 -5, -54 Elo [-226, +94])
game 14/50: white by checkmate  (+3 =5 -6, -76 Elo [-251, +67])
game 15/50: draw by threefold_repetition  (+3 =6 -6, -70 Elo [-229, +63])
game 16/50: white by checkmate  (+3 =6 -7, -89 Elo [-250, +41])
game 17/50: draw by threefold_repetition  (+3 =7 -7, -83 Elo [-231, +39])
game 18/50: white by checkmate  (+3 =7 -8, -99 Elo [-249, +21])
game 19/50: white by checkmate  (+4 =7 -8, -74 Elo [-217, +47])
game 20/50: draw by threefold_repetition  (+4 =8 -8, -70 Elo [-204, +45])
game 21/50: white by checkmate  (+5 =8 -8, -50 Elo [-179, +66])
game 22/50: draw by stalemate  (+5 =9 -8, -48 Elo [-169, +63])
game 23/50: black by checkmate  (+5 =9 -9, -61 Elo [-184, +48])
game 24/50: white by checkmate  (+5 =9 -10, -73 Elo [-197, +34])
game 25/50: black by checkmate  (+5 =9 -11, -85 Elo [-209, +21])
game 26/50: draw by threefold_repetition  (+5 =10 -11, -82 Elo [-200, +20])
game 27/50: black by checkmate  (+5 =10 -12, -92 Elo [-211, +8])
game 28/50: draw by insufficient_material  (+5 =11 -12, -89 Elo [-202, +8])
game 29/50: black by checkmate  (+5 =11 -13, -98 Elo [-212, -3])
game 30/50: white by checkmate  (+5 =11 -14, -108 Elo [-222, -13])
game 31/50: draw by threefold_repetition  (+5 =12 -14, -104 Elo [-213, -12])
game 32/50: draw by insufficient_material  (+5 =13 -14, -100 Elo [-205, -11])
game 33/50: draw by threefold_repetition  (+5 =14 -14, -97 Elo [-198, -11])
game 34/50: black by checkmate  (+6 =14 -14, -83 Elo [-182, +4])
game 35/50: black by checkmate  (+6 =14 -15, -91 Elo [-190, -5])
game 36/50: black by checkmate  (+7 =14 -15, -79 Elo [-176, +8])
game 37/50: white by checkmate  (+8 =14 -15, -67 Elo [-162, +20])
game 38/50: black by checkmate  (+9 =14 -15, -55 Elo [-149, +31])
game 39/50: white by checkmate  (+10 =14 -15, -45 Elo [-137, +42])
game 40/50: draw by threefold_repetition  (+10 =15 -15, -44 Elo [-134, +41])
game 41/50: draw by threefold_repetition  (+10 =16 -15, -43 Elo [-130, +40])
game 42/50: white by checkmate  (+10 =16 -16, -50 Elo [-138, +32])
game 43/50: draw by threefold_repetition  (+10 =17 -16, -49 Elo [-134, +31])
game 44/50: white by checkmate  (+10 =17 -17, -56 Elo [-141, +24])
game 45/50: draw by threefold_repetition  (+10 =18 -17, -54 Elo [-138, +23])
game 46/50: white by checkmate  (+10 =18 -18, -61 Elo [-145, +16])
game 47/50: black by checkmate  (+10 =18 -19, -67 Elo [-151, +9])
game 48/50: white by checkmate  (+10 =18 -20, -73 Elo [-157, +3])
game 49/50: white by checkmate  (+11 =18 -20, -65 Elo [-147, +11])
game 50/50: draw by fifty_moves  (+11 =19 -20, -63 Elo [-144, +11])

snapshots/halfka-v3-e18 vs snapshots/net768 over 50 games (200000 nodes)
+11 =19 -20, score 41.0%
Elo -63, 95% interval [-144, +11]
verdict: not resolved, the interval spans zero. More games, or drop the change
terminations: fifty_moves 2, checkmate 31, threefold_repetition 13, insufficient_material 3, stalemate 1
