game 1/50: draw by threefold_repetition  (+0 =1 -0, -0 Elo [-2400, +2400])
game 2/50: draw by fifty_moves  (+0 =2 -0, -0 Elo [-0, -0])
game 3/50: draw by threefold_repetition  (+0 =3 -0, -0 Elo [-0, -0])
game 4/50: draw by threefold_repetition  (+0 =4 -0, -0 Elo [-0, -0])
game 5/50: draw by fifty_moves  (+0 =5 -0, -0 Elo [-0, -0])
game 6/50: black by checkmate  (+1 =5 -0, +58 Elo [-46, +175])
game 7/50: black by checkmate  (+1 =5 -1, -0 Elo [-146, +146])
game 8/50: draw by threefold_repetition  (+1 =6 -1, -0 Elo [-126, +126])
game 9/50: black by checkmate  (+1 =6 -2, -39 Elo [-182, +92])
game 10/50: black by checkmate  (+2 =6 -2, -0 Elo [-144, +144])
game 11/50: draw by threefold_repetition  (+2 =7 -2, -0 Elo [-129, +129])
game 12/50: draw by fifty_moves  (+2 =8 -2, -0 Elo [-118, +118])
game 13/50: white by checkmate  (+3 =8 -2, +27 Elo [-92, +152])
game 14/50: draw by threefold_repetition  (+3 =9 -2, +25 Elo [-85, +140])
game 15/50: draw by threefold_repetition  (+3 =10 -2, +23 Elo [-79, +130])
game 16/50: white by checkmate  (+3 =10 -3, -0 Elo [-108, +108])
game 17/50: draw by fifty_moves  (+3 =11 -3, -0 Elo [-101, +101])
game 18/50: black by checkmate  (+4 =11 -3, +19 Elo [-82, +124])
game 19/50: draw by threefold_repetition  (+4 =12 -3, +18 Elo [-77, +117])
game 20/50: white by checkmate  (+4 =12 -4, -0 Elo [-99, +99])
game 21/50: draw by threefold_repetition  (+4 =13 -4, -0 Elo [-94, +94])
game 22/50: draw by threefold_repetition  (+4 =14 -4, -0 Elo [-89, +89])
game 23/50: draw by insufficient_material  (+4 =15 -4, -0 Elo [-85, +85])
game 24/50: white by checkmate  (+4 =15 -5, -14 Elo [-102, +71])
game 25/50: black by checkmate  (+4 =15 -6, -28 Elo [-118, +58])
game 26/50: draw by threefold_repetition  (+4 =16 -6, -27 Elo [-113, +56])
game 27/50: white by checkmate  (+5 =16 -6, -13 Elo [-99, +72])
game 28/50: white by checkmate  (+5 =16 -7, -25 Elo [-112, +60])
game 29/50: draw by fifty_moves  (+5 =17 -7, -24 Elo [-108, +57])
game 30/50: draw by threefold_repetition  (+5 =18 -7, -23 Elo [-104, +55])
game 31/50: black by checkmate  (+5 =18 -8, -34 Elo [-116, +45])
game 32/50: white by checkmate  (+5 =18 -9, -44 Elo [-127, +35])
game 33/50: draw by threefold_repetition  (+5 =19 -9, -42 Elo [-123, +34])
game 34/50: white by checkmate  (+5 =19 -10, -51 Elo [-133, +25])
game 35/50: white by checkmate  (+6 =19 -10, -40 Elo [-121, +37])
game 36/50: draw by threefold_repetition  (+6 =20 -10, -39 Elo [-117, +36])
game 37/50: draw by threefold_repetition  (+6 =21 -10, -38 Elo [-114, +35])
game 38/50: white by checkmate  (+6 =21 -11, -46 Elo [-123, +27])
game 39/50: draw by fifty_moves  (+6 =22 -11, -45 Elo [-120, +26])
game 40/50: white by checkmate  (+6 =22 -12, -53 Elo [-128, +18])
game 41/50: white by checkmate  (+7 =22 -12, -43 Elo [-118, +29])
game 42/50: black by checkmate  (+8 =22 -12, -33 Elo [-108, +39])
game 43/50: black by checkmate  (+8 =22 -13, -41 Elo [-116, +31])
game 44/50: white by checkmate  (+8 =22 -14, -48 Elo [-124, +24])
game 45/50: draw by threefold_repetition  (+8 =23 -14, -47 Elo [-121, +23])
game 46/50: black by checkmate  (+9 =23 -14, -38 Elo [-112, +32])
game 47/50: draw by threefold_repetition  (+9 =24 -14, -37 Elo [-109, +32])
game 48/50: white by checkmate  (+9 =24 -15, -44 Elo [-116, +25])
game 49/50: black by checkmate  (+9 =24 -16, -50 Elo [-123, +18])
game 50/50: white by checkmate  (+9 =24 -17, -56 Elo [-129, +12])

snapshots/halfka-v3-e18 vs snapshots/net768 over 50 games (200000 nodes)
+9 =24 -17, score 42.0%
Elo -56, 95% interval [-129, +12]
verdict: not resolved, the interval spans zero. More games, or drop the change
terminations: threefold_repetition 17, fifty_moves 6, checkmate 26, insufficient_material 1
