game 1/50: white by checkmate  (+1 =0 -0, +2400 Elo [-676, +2400])
game 2/50: white by checkmate  (+1 =0 -1, -0 Elo [-2400, +2400])
game 3/50: white by checkmate  (+2 =0 -1, +120 Elo [-325, +2400])
game 4/50: black by checkmate  (+3 =0 -1, +191 Elo [-126, +2400])
game 5/50: black by checkmate  (+3 =0 -2, +70 Elo [-275, +2400])
game 6/50: white by checkmate  (+3 =0 -3, -0 Elo [-382, +382])
game 7/50: draw by insufficient_material  (+3 =1 -3, -0 Elo [-292, +292])
game 8/50: black by checkmate  (+4 =1 -3, +44 Elo [-199, +352])
game 9/50: draw by insufficient_material  (+4 =2 -3, +39 Elo [-173, +290])
game 10/50: white by checkmate  (+4 =2 -4, -0 Elo [-217, +217])
game 11/50: draw by threefold_repetition  (+4 =3 -4, -0 Elo [-193, +193])
game 12/50: white by checkmate  (+4 =3 -5, -29 Elo [-226, +149])
game 13/50: black by checkmate  (+4 =3 -6, -54 Elo [-254, +114])
game 14/50: black by checkmate  (+5 =3 -6, -25 Elo [-207, +144])
game 15/50: draw by threefold_repetition  (+5 =4 -6, -23 Elo [-190, +133])
game 16/50: black by checkmate  (+6 =4 -6, -0 Elo [-157, +157])
game 17/50: draw by insufficient_material  (+6 =5 -6, -0 Elo [-147, +147])
game 18/50: draw by insufficient_material  (+6 =6 -6, -0 Elo [-138, +138])
game 19/50: white by checkmate  (+7 =6 -6, +18 Elo [-115, +157])
game 20/50: black by checkmate  (+8 =6 -6, +35 Elo [-94, +175])
game 21/50: draw by threefold_repetition  (+8 =7 -6, +33 Elo [-89, +165])
game 22/50: white by checkmate  (+8 =7 -7, +16 Elo [-107, +143])
game 23/50: black by checkmate  (+8 =7 -8, -0 Elo [-123, +123])
game 24/50: white by checkmate  (+8 =7 -9, -14 Elo [-138, +105])
game 25/50: black by checkmate  (+8 =7 -10, -28 Elo [-152, +89])
game 26/50: black by checkmate  (+9 =7 -10, -13 Elo [-134, +104])
game 27/50: black by checkmate  (+9 =7 -11, -26 Elo [-146, +89])
game 28/50: white by checkmate  (+9 =7 -12, -37 Elo [-158, +74])
game 29/50: draw by insufficient_material  (+9 =8 -12, -36 Elo [-152, +72])
game 30/50: draw by threefold_repetition  (+9 =9 -12, -35 Elo [-146, +69])
game 31/50: draw by fifty_moves  (+9 =10 -12, -34 Elo [-141, +67])
game 32/50: draw by fifty_moves  (+9 =11 -12, -33 Elo [-136, +65])
game 33/50: white by checkmate  (+10 =11 -12, -21 Elo [-122, +77])
game 34/50: white by checkmate  (+10 =11 -13, -31 Elo [-132, +66])
game 35/50: white by checkmate  (+11 =11 -13, -20 Elo [-119, +76])
game 36/50: draw by threefold_repetition  (+11 =12 -13, -19 Elo [-116, +74])
game 37/50: white by checkmate  (+12 =12 -13, -9 Elo [-104, +84])
game 38/50: draw by threefold_repetition  (+12 =13 -13, -9 Elo [-101, +82])
game 39/50: white by checkmate  (+13 =13 -13, -0 Elo [-91, +91])
game 40/50: white by checkmate  (+13 =13 -14, -9 Elo [-100, +81])
game 41/50: draw by threefold_repetition  (+13 =14 -14, -8 Elo [-97, +79])
game 42/50: white by checkmate  (+13 =14 -15, -17 Elo [-105, +70])
game 43/50: black by checkmate  (+13 =14 -16, -24 Elo [-113, +61])
game 44/50: white by checkmate  (+13 =14 -17, -32 Elo [-120, +53])
game 45/50: white by checkmate  (+14 =14 -17, -23 Elo [-111, +61])
game 46/50: draw by threefold_repetition  (+14 =15 -17, -23 Elo [-108, +60])
game 47/50: draw by threefold_repetition  (+14 =16 -17, -22 Elo [-106, +59])
game 48/50: white by checkmate  (+14 =16 -18, -29 Elo [-113, +51])
game 49/50: white by checkmate  (+15 =16 -18, -21 Elo [-104, +59])
game 50/50: draw by threefold_repetition  (+15 =17 -18, -21 Elo [-102, +58])

snapshots/halfka-v3-e18 vs snapshots/net768 over 50 games (200000 nodes)
+15 =17 -18, score 47.0%
Elo -21, 95% interval [-102, +58]
verdict: not resolved, the interval spans zero. More games, or drop the change
terminations: checkmate 33, insufficient_material 5, threefold_repetition 10, fifty_moves 2
