game 1/50: draw by threefold_repetition  (+0 =1 -0, -0 Elo [-2400, +2400])
game 2/50: draw by threefold_repetition  (+0 =2 -0, -0 Elo [-0, -0])
game 3/50: draw by threefold_repetition  (+0 =3 -0, -0 Elo [-0, -0])
game 4/50: white by checkmate  (+0 =3 -1, -89 Elo [-284, +61])
game 5/50: black by checkmate  (+0 =3 -2, -147 Elo [-412, +10])
game 6/50: draw by threefold_repetition  (+0 =4 -2, -120 Elo [-309, +15])
game 7/50: draw by threefold_repetition  (+0 =5 -2, -102 Elo [-252, +17])
game 8/50: draw by threefold_repetition  (+0 =6 -2, -89 Elo [-215, +17])
game 9/50: black by checkmate  (+0 =6 -3, -120 Elo [-264, -9])
game 10/50: white by checkmate  (+0 =6 -4, -147 Elo [-304, -34])
game 11/50: white by checkmate  (+1 =6 -4, -97 Elo [-262, +32])
game 12/50: white by checkmate  (+1 =6 -5, -120 Elo [-292, +7])
game 13/50: white by checkmate  (+2 =6 -5, -82 Elo [-246, +52])
game 14/50: draw by insufficient_material  (+2 =7 -5, -76 Elo [-224, +49])
game 15/50: draw by fifty_moves  (+2 =8 -5, -70 Elo [-205, +46])
game 16/50: white by checkmate  (+2 =8 -6, -89 Elo [-227, +26])
game 17/50: white by checkmate  (+3 =8 -6, -62 Elo [-196, +56])
game 18/50: white by checkmate  (+3 =8 -7, -79 Elo [-215, +37])
game 19/50: white by checkmate  (+4 =8 -7, -55 Elo [-187, +62])
game 20/50: draw by threefold_repetition  (+4 =9 -7, -53 Elo [-176, +59])
game 21/50: black by checkmate  (+4 =9 -8, -67 Elo [-192, +43])
game 22/50: white by checkmate  (+4 =9 -9, -80 Elo [-207, +28])
game 23/50: draw by fifty_moves  (+4 =10 -9, -77 Elo [-196, +27])
game 24/50: draw by insufficient_material  (+4 =11 -9, -73 Elo [-187, +26])
game 25/50: black by checkmate  (+4 =11 -10, -85 Elo [-199, +13])
game 26/50: white by checkmate  (+4 =11 -11, -96 Elo [-211, +1])
game 27/50: draw by threefold_repetition  (+4 =12 -11, -92 Elo [-202, +2])
game 28/50: draw by threefold_repetition  (+4 =13 -11, -89 Elo [-193, +2])
game 29/50: white by checkmate  (+5 =13 -11, -73 Elo [-176, +18])
game 30/50: black by checkmate  (+6 =13 -11, -58 Elo [-160, +33])
game 31/50: black by checkmate  (+6 =13 -12, -68 Elo [-170, +23])
game 32/50: black by checkmate  (+7 =13 -12, -55 Elo [-155, +37])
game 33/50: black by checkmate  (+7 =13 -13, -64 Elo [-164, +27])
game 34/50: draw by threefold_repetition  (+7 =14 -13, -62 Elo [-159, +26])
game 35/50: white by checkmate  (+8 =14 -13, -50 Elo [-145, +38])
game 36/50: white by checkmate  (+8 =14 -14, -58 Elo [-154, +29])
game 37/50: black by checkmate  (+8 =14 -15, -67 Elo [-162, +20])
game 38/50: white by checkmate  (+8 =14 -16, -74 Elo [-170, +12])
game 39/50: draw by threefold_repetition  (+8 =15 -16, -72 Elo [-165, +11])
game 40/50: draw by threefold_repetition  (+8 =16 -16, -70 Elo [-161, +11])
game 41/50: black by checkmate  (+8 =16 -17, -78 Elo [-168, +3])
game 42/50: black by checkmate  (+9 =16 -17, -67 Elo [-156, +14])
game 43/50: draw by threefold_repetition  (+9 =17 -17, -65 Elo [-152, +14])
game 44/50: draw by threefold_repetition  (+9 =18 -17, -64 Elo [-148, +14])
game 45/50: black by checkmate  (+9 =18 -18, -70 Elo [-155, +6])
game 46/50: white by checkmate  (+9 =18 -19, -77 Elo [-161, -0])
game 47/50: draw by insufficient_material  (+9 =19 -19, -75 Elo [-158, -0])
game 48/50: draw by threefold_repetition  (+9 =20 -19, -73 Elo [-154, -0])
game 49/50: black by checkmate  (+9 =20 -20, -79 Elo [-160, -6])
game 50/50: black by checkmate  (+10 =20 -20, -70 Elo [-150, +3])

snapshots/halfka-v3-e18 vs snapshots/net768 over 50 games (200000 nodes)
+10 =20 -20, score 40.0%
Elo -70, 95% interval [-150, +3]
verdict: not resolved, the interval spans zero. More games, or drop the change
terminations: threefold_repetition 15, checkmate 30, insufficient_material 3, fifty_moves 2
